none
none
none
none
none
none
none
none
none
none
none
any
none
none
none
none
none
at least one
none
none
none
none
none
none
none
none
none
none
none
none
none
none
none
none
none
none
none
none
none
none
any
none
none
none
any
none
none
none
none
none
none
none
none
none
none
none
none
none
none
any
none
none
none
none
none
none
none
none
none
none
none
none
none
none
at least one
none
none
none
none
none
none
any
none
none
none
none
none
none
none
none
none
none
none
none
none
none
none
none
none
none
none
none
none
none
none
none
none
none
none
none
none
none
none
none
none
none
none
none
none
none
none
none
none
none
none
none
none
none
none
none
none
none
none
none
none
none
none
none
none
none
none
none
none
none
none
none
none
none
none
none
none
none
none
at least one
none
none
none
none
none
none
none
none
none
none
none
none
none
none
none
none
none
none
none
none
none
none
none
none
none
none
none
none
none
any
none
none
none
none
none
none
none
none
none
none
none
none
none
none
none
none
