4HwMAhkfRdynsSx8TaDo 
8VhJ23gXAZvNdsO0Uiw5 
8VhJ23gXAZvNdsO0Uiw5 
8VhJ23gXAZvNdsO0Uiw5 
H8wPFrZ9uTAeSh6Kbyxl 
Sge5kpjtFYqE4mIauKV2 
H8wPFrZ9uTAeSh6Kbyxl 
H8wPFrZ9uTAeSh6Kbyxl 
PJ5jnfrZt3vYyEKFagN8 
jclRtSIx7PCwOiKyLBeY 
GuYJOWUpyhk2REMzjSvf 
5fep6KyrQkEUsWg3JGzd 
jclRtSIx7PCwOiKyLBeY 
5fep6KyrQkEUsWg3JGzd 
JI5XLThY8Veu3DxG0v7Q 
PJ5jnfrZt3vYyEKFagN8 
JI5XLThY8Veu3DxG0v7Q 
GuYJOWUpyhk2REMzjSvf 
7xmsqPi61FTM0Sz8ZYDJ 
bFIGEf6xvpkARDC5NLQw 
koPd9MjgcL1wJS63sRXK 
seDMyiwpg40rFoNcHPTL 
GuYJOWUpyhk2REMzjSvf 
bFIGEf6xvpkARDC5NLQw 
bFIGEf6xvpkARDC5NLQw 
7xmsqPi61FTM0Sz8ZYDJ 
tsQS7eDyH2MOLUbWkVnx 
bCX4Lsg3SNBvapUnYVQq 
OsMSWbagIBqGwtRYmiDr 
M3t7qh2lKC5TkVYfXDwu 
OsMSWbagIBqGwtRYmiDr 
M3t7qh2lKC5TkVYfXDwu 
DgkCLPvRp2s3VJBoTaOU 
M3t7qh2lKC5TkVYfXDwu 
DgkCLPvRp2s3VJBoTaOU 
ruvMxliBH3LXpFPcTs6N 
95J7aSNDwsu6hqlLmeIV 
DAkKH04MXv3tU6CwbQzp 
DAkKH04MXv3tU6CwbQzp 
ruvMxliBH3LXpFPcTs6N 
oFempGzkvB0hEry8IUNM 
oFempGzkvB0hEry8IUNM 
8om0d9PgiABw13cfXYGH 
BltzIRZQhovTcVfg15PG 8om0d9PgiABw13cfXYGH 
8om0d9PgiABw13cfXYGH 
8om0d9PgiABw13cfXYGH 
M6VWhdTbD83SZ4iFlXgJ 
8bXKGschEOFAHxzVRQpq 
k79VCSNvefA1tyX5hdU4 
aqQ4uz98C6cFBfpk25KS 
aqQ4uz98C6cFBfpk25KS 
k79VCSNvefA1tyX5hdU4 
aqQ4uz98C6cFBfpk25KS 
aqQ4uz98C6cFBfpk25KS 
k79VCSNvefA1tyX5hdU4 
k79VCSNvefA1tyX5hdU4 
8j3PBkT42WQx61iptJ7u 
8j3PBkT42WQx61iptJ7u 
QHKA4mVLSe1b6M7EJUOY 
FsYv86SlRy5KWapqmPcB 
BVDAW4FIZLElpYU1kiPy 
BVDAW4FIZLElpYU1kiPy 
BVDAW4FIZLElpYU1kiPy 
4f391gUoDxwVqzZLb8CP 
AhQvNoMIBULa46t9JdSH 
avVbSCi1cLmfTYFQRsg4 
4f391gUoDxwVqzZLb8CP 
lnHA0uiD7Tz9Yey2dw3L 
avVbSCi1cLmfTYFQRsg4 
0YLcOe8XV2aDoG5fHzPI 
fYP1VTmZM690sCizUvBK 
EPucjzW4ToxAYfk1bHrm 
4f391gUoDxwVqzZLb8CP 
avVbSCi1cLmfTYFQRsg4 
avVbSCi1cLmfTYFQRsg4 
4Fe57C0s2BMLSZKHXy9n 
rd1Ah0OxUvMVGu5Rg42E 
Dm6dYSVHtPBQkxFGMzLN 
4Fe57C0s2BMLSZKHXy9n 
Dm6dYSVHtPBQkxFGMzLN 
lnHA0uiD7Tz9Yey2dw3L 
4f391gUoDxwVqzZLb8CP 
ORA6UfgVYcpIQDxMqJ0u Dm6dYSVHtPBQkxFGMzLN 
pBK18mzRY7Qv0j4Ctyua 
vKHmF3OMgJBWNX75EbsA 
5Nv3xPQJoMSwC1DXVlYp O9wgV0s3yaT5iuXhSJkE 
rd1Ah0OxUvMVGu5Rg42E 
5Nv3xPQJoMSwC1DXVlYp O9wgV0s3yaT5iuXhSJkE 
vKHmF3OMgJBWNX75EbsA 
pBK18mzRY7Qv0j4Ctyua 
M5kto4mEAKNW2I9FQ1Lb 
M5kto4mEAKNW2I9FQ1Lb 
EyI1KOF60TCJH7aLxB5j 
EPucjzW4ToxAYfk1bHrm 
O9wgV0s3yaT5iuXhSJkE 
tFX7vsJZjLap2QNHrzeg 
7SD58zhbwueXrcIZjiBR 
O9wgV0s3yaT5iuXhSJkE 
EyI1KOF60TCJH7aLxB5j 
wLrUPgaGep8jC45V7YKQ 
zW2DwAGcUXqmb3eYfHC4 
OzFT3RaJtHgcXqVlEQy1 
moxAt4S8DbUhcV7jC0r5 
nKhNqk0rVX6U8M3gLuFz 
OzFT3RaJtHgcXqVlEQy1 
nKhNqk0rVX6U8M3gLuFz 
O9wgV0s3yaT5iuXhSJkE 
ZlxcFsQq67Ez1IBDfgYt 
60pgDGLYro5dkZMa83HW O9wgV0s3yaT5iuXhSJkE 
60pgDGLYro5dkZMa83HW O9wgV0s3yaT5iuXhSJkE 
Qo35bk0DhEXNlBOy1MLT 
OzFT3RaJtHgcXqVlEQy1 
MCLUb2rIDtknoi3SOEH7 
3YKBVUnWQ621ApzCfgIT 
Qo35bk0DhEXNlBOy1MLT 
bjkIhPufqZL3yeGYKpFl 
3YKBVUnWQ621ApzCfgIT 
YUZ85jypvdkCGu2N3Pc4 
7dTgm2NPCwA3Ib1RJKYx 
MCcEpUqtF0SrYLbT5oBO 
hAw4QXaZocYVBH1DzLmN 
3YKBVUnWQ621ApzCfgIT 
cgGje9b7D3zVQCxSdfiy 
2mvSN410ULTeuViWfDt3 
XLBb0wmT5Y1M9Hjx6zFO 
1lZqx5EJNeLgW3PSQndK 
vPLHFeuNyTQAIXEqWlGc 
MU4IwZ7VftoNqLzB05uO 
MCcEpUqtF0SrYLbT5oBO 
MU4IwZ7VftoNqLzB05uO 
LJI4jmsXFASpdG5c13h8 
GhXpW5bKn6Uzv7wc94kM 
vPLHFeuNyTQAIXEqWlGc 
3udOGhogvZIFeRVs0YXP 
WY7A8EdXTyocwqDnCsVi c9X3IPrZNkuhx0dEHn6S 
xq0dkbT6e95iLP1QKzWB 
lVeIDrzgGYxiR8KHn1EA 
MU4IwZ7VftoNqLzB05uO 
MU4IwZ7VftoNqLzB05uO 
npFxme17iZqJN25GdaCo 
hAw4QXaZocYVBH1DzLmN 
A6uN9ZIRtQTqGJbHXSlo 
MU4IwZ7VftoNqLzB05uO 
zLp0ruHGx2vhYemO8odi 
Qo35bk0DhEXNlBOy1MLT 
xq0dkbT6e95iLP1QKzWB 
4mHKZvTVbwSiEqhyR21B 
zLp0ruHGx2vhYemO8odi 
TAvt6mPX1hqubsogwMYi 
mvMFE5AuwCqUXy6x9Ghd 
Vk5LfRagPFex7zOMwjEd 
ZlxcFsQq67Ez1IBDfgYt 
BIZjyqCAcPnF6XVEmx4b 
NV0OqwSt5foi4zIFeG8X 
sudVY7SD9OAhBxPFNI4H 
WY7A8EdXTyocwqDnCsVi 
LmVvtOqBrlF03TYJaI8M 
TAvt6mPX1hqubsogwMYi 
MCcEpUqtF0SrYLbT5oBO 
WY7A8EdXTyocwqDnCsVi 
JdPShWtwIofZmGFK0Yj9 
nxAow2ch5irZJ1zD4YMS 
A6uN9ZIRtQTqGJbHXSlo 
JD8iFOM9IPWpNHGlQwbq 
npFxme17iZqJN25GdaCo 
JD8iFOM9IPWpNHGlQwbq 
VXBYEaROfKHwTMh6Lby1 
VXBYEaROfKHwTMh6Lby1 
4mHKZvTVbwSiEqhyR21B 
4mHKZvTVbwSiEqhyR21B 
VXBYEaROfKHwTMh6Lby1 
GuW1xlyoHirZRQs3FLzY 
A6uN9ZIRtQTqGJbHXSlo 
LJI4jmsXFASpdG5c13h8 
UC2nYoTV7rwkp9SNKGIX 
TZ6fIGoADUg8Snzht0RJ 
xNKlPoJuZvM4ODjcCg5W 
VXBYEaROfKHwTMh6Lby1 
nxAow2ch5irZJ1zD4YMS 
wuCLWV6mREf38x5bHDPt mulwfsIFB5WnkvDdR1EN 
IGq7HPFdrw1zXRyo4xOj WY7A8EdXTyocwqDnCsVi 
RCuqnSBmAzGDtW5vNkJb 
ZNY8gzIFrs4Myuk2EObl 
4mHKZvTVbwSiEqhyR21B 
38pQBAcibu4SnHaKGedY 
VRLl6qhBP0uH9cQNJxwD 
ZNY8gzIFrs4Myuk2EObl 
J6eKtaXEcO0SAgQ7Hq9R 
wy9mBGJdrcEjIWRZ3qkK 
TZ6fIGoADUg8Snzht0RJ 
SgBhVX7mzZQWqHyAEGJ9 
pdzEX4JmPC3B7TDAkZei 
SgBhVX7mzZQWqHyAEGJ9 
xNKlPoJuZvM4ODjcCg5W 
Vk5LfRagPFex7zOMwjEd 
RCuqnSBmAzGDtW5vNkJb 
soxBc4zyP7GSOavd05nM 
IGq7HPFdrw1zXRyo4xOj WY7A8EdXTyocwqDnCsVi 
gMzKOb0qjweuEUFIsa9T 
pdzEX4JmPC3B7TDAkZei 
WcBvhxIHt2iJ4TFmd1DK 
WcBvhxIHt2iJ4TFmd1DK 
J6eKtaXEcO0SAgQ7Hq9R 
EOG7JaC5f0zUHlr1Xc9P 
BIZjyqCAcPnF6XVEmx4b 
zmpFvWCJgtrO0SKc2bE5 
eauGyk6gN5QPWvIzFs9O 
sHX8P4dtqhEAwDTgyImN 
pdzEX4JmPC3B7TDAkZei 
GuW1xlyoHirZRQs3FLzY 
VRLl6qhBP0uH9cQNJxwD 
ZNY8gzIFrs4Myuk2EObl 
4mHKZvTVbwSiEqhyR21B 
GuW1xlyoHirZRQs3FLzY 
eauGyk6gN5QPWvIzFs9O 
zsd8QmNUwGFOA32SaYeq 
TZ6fIGoADUg8Snzht0RJ 
ZNY8gzIFrs4Myuk2EObl 
JUX25L7tQepDIsxAn0NK 
gMzKOb0qjweuEUFIsa9T 
eauGyk6gN5QPWvIzFs9O 
pdzEX4JmPC3B7TDAkZei 
zmpFvWCJgtrO0SKc2bE5 
fqbKUn1sQpuPLjaO8EH0 
gMzKOb0qjweuEUFIsa9T 
o1GblAjvdViZ2c8XFmBx 
MvSqjcTaZr9z8L5RPH1o 
gMzKOb0qjweuEUFIsa9T 
YEqormyWTew6RvdHJNi9 
Lj3R4FqkOMu1ADY78NmG 
sAWCS38RtcUHoOmh07T5 
pdzEX4JmPC3B7TDAkZei 
TZ6fIGoADUg8Snzht0RJ 
YEqormyWTew6RvdHJNi9 
XaNBEGtydzjI2boWZCLi 
TZ6fIGoADUg8Snzht0RJ 
pdzEX4JmPC3B7TDAkZei 
l6xfwqWeFPVM3Ih2iRKk 
g5N3pOZGiQyfxHLRbUBK 
OxWYA9zuympa4dQf3XUj 
wFV0v1PTH7hGKfWx48pE jhMtgUaHcRwqLQ36u0Sy 
TZ6fIGoADUg8Snzht0RJ 
lotxa4f7cJXVAvTM9jPy 
l6xfwqWeFPVM3Ih2iRKk 
YejRMZhViPOb60AxFur7 
KNy5Q1CtDr3jcdqZbJoE 
qfgYtUaV8GTim3n97EyN 
n9hjGgfFtqMsiVu1IzPa 
KNy5Q1CtDr3jcdqZbJoE 
5WCvKergkixZGJ9DcnMX 
l6xfwqWeFPVM3Ih2iRKk 
rAs3kZfo2DOVqduFaLYi 
TZ6fIGoADUg8Snzht0RJ 
TZ6fIGoADUg8Snzht0RJ 
rAs3kZfo2DOVqduFaLYi 
rZvEHaCnQf9J5szOb7Yt 
YEqormyWTew6RvdHJNi9 
YejRMZhViPOb60AxFur7 
YEqormyWTew6RvdHJNi9 
rAs3kZfo2DOVqduFaLYi 
zuUZxBJc5grtp29AL7f8 
iogqXTzHfVOBM9LrC1kN 
iogqXTzHfVOBM9LrC1kN 
YejRMZhViPOb60AxFur7 
wFV0v1PTH7hGKfWx48pE 
W4rR5YMhNVEk9zAX80ye 
KNy5Q1CtDr3jcdqZbJoE 
zuUZxBJc5grtp29AL7f8 
mulnfoI9EpYZ8y0DUFJO 
Ln4SvTUZlkK96BOeAdJc 
ev1KYRxFupfP2b69yZ0C 
p9J8yV0sMzqIxOAKUvSw 
wFV0v1PTH7hGKfWx48pE 
DtMAz0FxkpcyiaEs91WV 
qfgYtUaV8GTim3n97EyN 
AGp8ylP1H0fTVBKdaIXu 
EuknR9BOgesrCxGYv6LS 
Yth8UJA4CmiWwDG5rQLo 
sh8f0zBeniEykVM35bC9 
oismw5OGH1xdgzkYeA0P 
SN9Ehpc2btO4QLXIyMKg 
SNzkUibWYOrC4FcTVsjt 
oismw5OGH1xdgzkYeA0P 
p9J8yV0sMzqIxOAKUvSw 
YejRMZhViPOb60AxFur7 
6IKS7cqZ8pD4GROLTU3N 
YejRMZhViPOb60AxFur7 
6IKS7cqZ8pD4GROLTU3N 
qfgYtUaV8GTim3n97EyN 
6IKS7cqZ8pD4GROLTU3N 
SNzkUibWYOrC4FcTVsjt 
H8FqSLctdxbTNYVzkmsJ 
qfgYtUaV8GTim3n97EyN 
oA3gjP5dcW2kVxCpM0yf 
x719LNKtFBdclPHy2D8A 
qfgYtUaV8GTim3n97EyN 
ksM8R9ZXt3Phl2DObod1 
2A5a7L41rxwyHkQ0VRYJ 
Ae7Or5MCKudS1hkjUypP 
KCIFHRTOZU6D5f2mg3Bz 
hbH2fmnYUz5qpME4dsXP 
KCIFHRTOZU6D5f2mg3Bz 
99 It9HSawsZRzdpXokM4bh
111 3fq1DX8dThQJzRim2kMC
130 6BljYJ5ZoqOI7XzcyRMh
207 TZ6fIGoADUg8Snzht0RJ
236 InHSlO25D83rKcUei7j0
251 hbH2fmnYUz5qpME4dsXP
258 YejRMZhViPOb60AxFur7
274 rIE3X2OiwgdHkqLBeQft
294 QVJIpmRjNoASeF7PqwUK
318 KCIFHRTOZU6D5f2mg3Bz
323 51PQdnqiKGx7kRBFIpYE
342 6nlMzFZdVp0yAWBkKTbr
400 pkV6ehcaRyDPfJrsCQ1z
491 Ae7Or5MCKudS1hkjUypP
530 wnmI8U15vcO9oKC2he0Z
535 Y78e2L6vVnCoTQaqyD1u
