vDBJ9kqNzn4aoZxgp3my 
2 FiARnVc1qxTKEQJC7Py3
5 vMJZ5hWuyQ9aHEel8ozm
7 NPhBMm1KGQiEbYgdvqut
