ABegTPnoh25sQUqkd0Ez 
ABegTPnoh25sQUqkd0Ez 
ABegTPnoh25sQUqkd0Ez 
ABegTPnoh25sQUqkd0Ez 
ABegTPnoh25sQUqkd0Ez 
ABegTPnoh25sQUqkd0Ez 
OStIk4z9XuBq3Md8rUpe 
1 ABegTPnoh25sQUqkd0Ez
13 OStIk4z9XuBq3Md8rUpe
2 bQRuwVNA9htLfB8Kdp3C
