mENtsB4Yf0RhOn3yFJag 
mENtsB4Yf0RhOn3yFJag 
1 XCyB1ta5h8oJT6PfMKEV
7 RlpWIM0SuYAoEC5dsjfy
7 mENtsB4Yf0RhOn3yFJag
9 5kCbx3VZ79vQwE0itfFT
10 IKnr3Gi2UD9wZ5jgPVF1
11 9TK7Uye6oDXQ0qIziGMW
11 lLozYtOj2qEGaI5CZQW3
11 zUGBfc7k9KjNF2OsTyA4
