msK5w4lfdZqIzoc8AeiC 
msK5w4lfdZqIzoc8AeiC 
msK5w4lfdZqIzoc8AeiC 
CVQnZXNSrPfusyhvMK5i 
msK5w4lfdZqIzoc8AeiC 
CVQnZXNSrPfusyhvMK5i 
xKr8Z41bjHAWEe6MVkti 
Dzc827W3Ci0KgA1QxPHY 
a2JliwdohVIe960DW4pu 
beniw4d7V1cFTuJ9Kvqg 
FM5jO0lnsuhDyv8ri7Rq 
w87Qfu6B5SdxoqRGCsMN 
yB3CtNjz104SpIn9is7L 
VpUeMyrIYxA2q4BXdRmD 
msK5w4lfdZqIzoc8AeiC 
a2JliwdohVIe960DW4pu 
VkyR2dvYcrBXojhN5G0u 
FM5jO0lnsuhDyv8ri7Rq 
zIbQXaq68ALFhE2xiHS9 
H2NbPW4MGKDezt7ETqXi 
Fv6Haz5m9dQsSJNEtkI2 yB3CtNjz104SpIn9is7L 
j1t7UYTXhOxVaLQpZBJq 
Fv6Haz5m9dQsSJNEtkI2 yB3CtNjz104SpIn9is7L 
HqBkru7Iyz5jeWYExcJG 
OH1mjqoG8FwEaB7dbCzR 
M03jzEX1tWUnNJP4FB9d 
uRWNs0qY5AJ8QnLOcvpH 
Pj4vVDXZ2KpTYCizafcN 
MzYS6bjRKfiUCp4eHcy9 
Fv6Haz5m9dQsSJNEtkI2 yB3CtNjz104SpIn9is7L 
GJpPeuEM1moaWBT74Crn 
H2NbPW4MGKDezt7ETqXi 
at6bC75gIMLoOANr0Tis 
OH1mjqoG8FwEaB7dbCzR 
zIbQXaq68ALFhE2xiHS9 
qIRsSncbJkPMgO9Y7fal 
kC0ZWcb3GQsagzOeRIBX 
XWZ89nbjT7tSGeC3Afa6 
j1t7UYTXhOxVaLQpZBJq 
81jcmNEnqBlM7zvXGgWs 
BFYS1GJuyVdal4I6fMC0 
a2JliwdohVIe960DW4pu 
MzYS6bjRKfiUCp4eHcy9 
BFYS1GJuyVdal4I6fMC0 
M03jzEX1tWUnNJP4FB9d 
Dzc827W3Ci0KgA1QxPHY 
W0ScZBxDkip9enjQ7Ybw 
W0ScZBxDkip9enjQ7Ybw 
epO7RlAKxjmdCTrsF8cH 
hnRauxJY5ZzCIP3eV4sf 
RE2vhJdfeKn1tPLOZjsQ 
uRWNs0qY5AJ8QnLOcvpH 
ysRLFz048kCqjf9waYZ3 
UmczptOZoXFeWlNM1xEh 
uRWNs0qY5AJ8QnLOcvpH 
w87Qfu6B5SdxoqRGCsMN 
Fv6Haz5m9dQsSJNEtkI2 yB3CtNjz104SpIn9is7L 
epO7RlAKxjmdCTrsF8cH 
QkIMghbq5vnS94ANeJa7 
beniw4d7V1cFTuJ9Kvqg 
GoFxzg6EejLYtikDQA28 
Hqse4GVKb3fPMyh5xdYJ 
Fv6Haz5m9dQsSJNEtkI2 yB3CtNjz104SpIn9is7L 
w87Qfu6B5SdxoqRGCsMN 
I1hVfNveZaudOBkwRmjT 
jAk1CLQzF5lHdDROPgiE 
Fv6Haz5m9dQsSJNEtkI2 yB3CtNjz104SpIn9is7L 
Pj4vVDXZ2KpTYCizafcN 
CVQnZXNSrPfusyhvMK5i 
9MxCXan6omgK1HGq4NzE BFYS1GJuyVdal4I6fMC0 
zIbQXaq68ALFhE2xiHS9 
H2NbPW4MGKDezt7ETqXi 
TNZiB7EMl0YqpoP9t5b6 
a2JliwdohVIe960DW4pu 
hnRauxJY5ZzCIP3eV4sf 
GJpPeuEM1moaWBT74Crn 
FnIxb6QB2tCvENDZOmjW 
gedplVzKY86jDkPr5mBW 
1LVRDU9BK0cwajNtoH6W 
9MxCXan6omgK1HGq4NzE BFYS1GJuyVdal4I6fMC0 
msK5w4lfdZqIzoc8AeiC 
epO7RlAKxjmdCTrsF8cH 
gedplVzKY86jDkPr5mBW 
at6bC75gIMLoOANr0Tis 
MzYS6bjRKfiUCp4eHcy9 
rsvE5UQV3beFmgY0IqXP H2NbPW4MGKDezt7ETqXi 
gPwta0nuZLXfc5DpAF1K 
RE2vhJdfeKn1tPLOZjsQ 
GJpPeuEM1moaWBT74Crn 
ILsNMPpZ0ERijJB2uq8v 
epO7RlAKxjmdCTrsF8cH 
beniw4d7V1cFTuJ9Kvqg 
xMP38iRmIrqATVNyk5K7 
Dzc827W3Ci0KgA1QxPHY 
Hqse4GVKb3fPMyh5xdYJ 
8UeGgnrYdDH2F4RNXZ3z 
BoyhgT3UXCKreYb08GFV 
rRvF4P56zXkZ2eI7ipau 
PVSAWHfn941RBMhKiQDx 
2Vl4UzmPa0yHWviuFR13 
Eemqt83lin0P9BThsUVI 
Eemqt83lin0P9BThsUVI 
RZfGpr0VhUKqmbejvYWn 
rRvF4P56zXkZ2eI7ipau 
rsvE5UQV3beFmgY0IqXP H2NbPW4MGKDezt7ETqXi 
W0ScZBxDkip9enjQ7Ybw 
XWZ89nbjT7tSGeC3Afa6 
rRvF4P56zXkZ2eI7ipau 
xMP38iRmIrqATVNyk5K7 
CVQnZXNSrPfusyhvMK5i 
iS1xAoLFJMIqYnyXbE4e 
rsvE5UQV3beFmgY0IqXP H2NbPW4MGKDezt7ETqXi 
yYm56NUAE49DfPjLoWI8 
nzqc3OFgvAQ9uahIXlms 
WfIuh37SVAl4vb8jKqHk 
I1hVfNveZaudOBkwRmjT 
E67bwI1sKhp4GPrHRSfc 
mdlZCtgzTLr8BKONuXwG 
Fv6Haz5m9dQsSJNEtkI2 yB3CtNjz104SpIn9is7L 
VkyR2dvYcrBXojhN5G0u 
9MxCXan6omgK1HGq4NzE BFYS1GJuyVdal4I6fMC0 
WfIuh37SVAl4vb8jKqHk 
M03jzEX1tWUnNJP4FB9d 
xsYiWnwJPF4XB86fONa5 9G5Yagv3NwTKIhpByzxo FnIxb6QB2tCvENDZOmjW 
7hkqlYf6PtWBLpuQyOvG 
pFXW3dV1m87henTwNSEg w87Qfu6B5SdxoqRGCsMN 
iPtGYpSZB79HAgknb0Ie 
nb43lPKtjQvomGkBYEdf 
ysRLFz048kCqjf9waYZ3 
KfBXuw9bP2UZcC6lMDWq 
gPwta0nuZLXfc5DpAF1K 
yzvZBkTDm7w5gti04xs3 
faT5cLK4oEImz8uCVwQ3 
j3aHhtcLWqY1JAKdGiX6 
Ebc2e8j0HziKkFTurvZ7 
QkIMghbq5vnS94ANeJa7 
zIbQXaq68ALFhE2xiHS9 
ZJV81IuQfm6r0jB2AWSU qIRsSncbJkPMgO9Y7fal 
iPtGYpSZB79HAgknb0Ie 
Ckli9cnDW7y2qdFQjgep 
nb43lPKtjQvomGkBYEdf 
qLrJGyUswjNbm3IClBDe 
IlHnhSbxp1tvk4TAWqND 
I1hVfNveZaudOBkwRmjT 
1wrvYWykq46ZGSXzCtR5 
NF2X9rSYzjIwEJtvBARp 
nb43lPKtjQvomGkBYEdf 
VpUeMyrIYxA2q4BXdRmD 
ICa6bJF4cPxrw1EqenLk 
MzYS6bjRKfiUCp4eHcy9 
7hkqlYf6PtWBLpuQyOvG 
NF2X9rSYzjIwEJtvBARp 
Sn2Ira5YXgoOicJWER17 
BeQU5dFZ7WM3otmgAcuT 
nIQMxVF8TUoywS6hsNac 
GwENOoqlWa5vpeuMd9H3 
2Vl4UzmPa0yHWviuFR13 
qLrJGyUswjNbm3IClBDe 
WfIuh37SVAl4vb8jKqHk 
BoyhgT3UXCKreYb08GFV 
hbR1fH5dgar2PI9cWTE8 
uRWNs0qY5AJ8QnLOcvpH 
g2s7TftIZ8izvodAhnMC 
ysRLFz048kCqjf9waYZ3 
Sn2Ira5YXgoOicJWER17 
pFXW3dV1m87henTwNSEg w87Qfu6B5SdxoqRGCsMN 
U1ab2QNF0lELsXMR9P4B 
iPtGYpSZB79HAgknb0Ie 
FM5jO0lnsuhDyv8ri7Rq 
OV8XgYJc9aqCNKrFfHSs 
j8DgQcPp9UOqw3CGvYTH 
epO7RlAKxjmdCTrsF8cH 
S4UuX1jQrBwGODHAPaF3 
rYiBDHnQaeuwgsUPE8KJ 
1wrvYWykq46ZGSXzCtR5 
Eemqt83lin0P9BThsUVI 
1wrvYWykq46ZGSXzCtR5 
nb43lPKtjQvomGkBYEdf 
OYcyQxw5lL7XMgSfp9dz 
GJpPeuEM1moaWBT74Crn 
kC0ZWcb3GQsagzOeRIBX 
ZJV81IuQfm6r0jB2AWSU qIRsSncbJkPMgO9Y7fal 
fcTzkRG4xdv23Z1VF5LU 
MwRvBjsa1uIq3WNEVh6D 
VpUeMyrIYxA2q4BXdRmD 
JwWU0dEKpLofDgtV85Oh MzYS6bjRKfiUCp4eHcy9 
32KgaozODpFq560Zwjm9 uXEp7VJ3HrFw6TZPlUf4 
cbK3IFNnCTYtxQ4lU8s5 pFXW3dV1m87henTwNSEg w87Qfu6B5SdxoqRGCsMN 
CVQnZXNSrPfusyhvMK5i 
nIQMxVF8TUoywS6hsNac 
TNZiB7EMl0YqpoP9t5b6 
4UX2yL7fvbJIaFcpd3xi 
RFxIyqaDv3z0jKp8fSio PVSAWHfn941RBMhKiQDx 
Tmofq3zJ1PQKGtbCn29B 
iAfmVPNh91Ujztg3WToS 
gedplVzKY86jDkPr5mBW 
JhjAEyB9k0RSsWHCuVxG 
dyamVR65zXILhP2NZSuA 
VpUeMyrIYxA2q4BXdRmD 
wUC9oejThmYI1sapR7rW 
XKWBaH20hIog8DyLk749 
c3uEyVR1D40iTrQAN27f 
kHfa34t0q59O7GcQM2Zx 
8UeGgnrYdDH2F4RNXZ3z 
BeQU5dFZ7WM3otmgAcuT 
h3kX6IsKxm9iFQOla2gJ 
XaFV6PvTHhC1blsKDBEu 
BZLFnbEKwkdHQpC9xaI7 
cwQ1eq4rZdXYKB68ImDp 
rM2aYf67UD0lxhuOgALJ 
Fv6Haz5m9dQsSJNEtkI2 yB3CtNjz104SpIn9is7L 
faT5cLK4oEImz8uCVwQ3 
rZ2xV6YBgE9d084njNIH 
XKWBaH20hIog8DyLk749 
cwQ1eq4rZdXYKB68ImDp 
Ebc2e8j0HziKkFTurvZ7 
HqBkru7Iyz5jeWYExcJG 
q6NkMmsTfnhCSZHuXRbU 
CVQnZXNSrPfusyhvMK5i 
D35evolfIOgxnKG16FtN 
ivNumpwCys2fL3g9eVnM 
XaFV6PvTHhC1blsKDBEu 
0FUhj7HuANePl9TRva8t 
j8DgQcPp9UOqw3CGvYTH 
cbK3IFNnCTYtxQ4lU8s5 pFXW3dV1m87henTwNSEg w87Qfu6B5SdxoqRGCsMN 
nzqc3OFgvAQ9uahIXlms 
ZJV81IuQfm6r0jB2AWSU qIRsSncbJkPMgO9Y7fal 
McpX54Oehfl2rdRYCzLt 
JvtmIKcA3FxD78RkBgQZ 
sIcdBgCQSGoXj8Ze6fDb 
hiKkBA62HsoENgPafDU4 
h3kX6IsKxm9iFQOla2gJ 
qZiQUS4CXlutpzxMGFAR 
Y4GXOCxygNeSuHn5ld1m 
goZScrQhdKti6eHmD0wC hbR1fH5dgar2PI9cWTE8 
nzqc3OFgvAQ9uahIXlms 
XSdaLPovgs5UJ8qIth0l 
K0sWHyM5Vr6Ph12xIN8c xMP38iRmIrqATVNyk5K7 
4UX2yL7fvbJIaFcpd3xi 
Ebc2e8j0HziKkFTurvZ7 
HqBkru7Iyz5jeWYExcJG 
st6jL9NWyigMcDv2I1Z4 
8UeGgnrYdDH2F4RNXZ3z 
zIbQXaq68ALFhE2xiHS9 
czaElxUg6RTY3rKw1IFe 
Y4Fytd9KBfw1zEZorhNm 
NMpbVUgdWzXiyBtlZ9jP 
nSM025TZXljp1mw6WN3P msK5w4lfdZqIzoc8AeiC 
5ZNG2V0FI1dH6tPaqfgJ 
yzvZBkTDm7w5gti04xs3 
GoFxzg6EejLYtikDQA28 
1rXPSOUdJHuLQtl4ihEF 
k03ALRCWUt8bpfMsJh76 j3aHhtcLWqY1JAKdGiX6 
rsvE5UQV3beFmgY0IqXP H2NbPW4MGKDezt7ETqXi 
4UX2yL7fvbJIaFcpd3xi 
Y4GXOCxygNeSuHn5ld1m 
epO7RlAKxjmdCTrsF8cH 
32KgaozODpFq560Zwjm9 uXEp7VJ3HrFw6TZPlUf4 
JwWU0dEKpLofDgtV85Oh MzYS6bjRKfiUCp4eHcy9 
90zmrGILbeyNVdcgRPU1 H4xywKzk3mqIZ2DodWhs 
4UX2yL7fvbJIaFcpd3xi 
Xr3eWyzOq02FUSBPnG5m 
NyMiS8tlg9APLOTIBku0 
rsvE5UQV3beFmgY0IqXP H2NbPW4MGKDezt7ETqXi 
epO7RlAKxjmdCTrsF8cH 
Pj4vVDXZ2KpTYCizafcN 
qpdt1g9SPGU8LxbCVc2F 
QkIMghbq5vnS94ANeJa7 
czaElxUg6RTY3rKw1IFe 
CVQnZXNSrPfusyhvMK5i 
VBoTIR7wzFiXxNykbsLd 
C8gwTJRyk75ta6AdiBKU UqG2cS4k1MITPy3KusJf VrGM1pi90xvctTqEURX4 
GzEnDfiIVro243BuPYlx 
l7VZbhy59or1eqm2YDBR Acog0Xi139NUmr4Le7yD hnRauxJY5ZzCIP3eV4sf 
VMFg7C4eH9oxEmWtaYrP 
l0sWzIcO89wmrhBMfaPd 
HSrbU1DL3oC7INzVcjGm 
goZScrQhdKti6eHmD0wC hbR1fH5dgar2PI9cWTE8 
8QfOMo5pEF6jGSiLrRJD 
I1hVfNveZaudOBkwRmjT 
5hAs4Gnd1fk7Xbl9U2Y3 
HqBkru7Iyz5jeWYExcJG 
90zmrGILbeyNVdcgRPU1 H4xywKzk3mqIZ2DodWhs 
n4sIh2aDrYREHu9KdJ1O JWTePhXKBHagZbyvk9Sz oMYFNphW5aQB9JCs1Ggt 
h46w8MFO5PuE07mJz3Qb S4UuX1jQrBwGODHAPaF3 
E67bwI1sKhp4GPrHRSfc 
0W358tpYcUaoxKIhRE6q 32KgaozODpFq560Zwjm9 uXEp7VJ3HrFw6TZPlUf4 
UjAqL6OTQ43gmxW9klDP 
pdiZDeEo4BafMT098hrq a6OvyhTs9cQL8b13nHZA 
1QwjUqZHnuoJ5vALVKOP 
l7VZbhy59or1eqm2YDBR Acog0Xi139NUmr4Le7yD hnRauxJY5ZzCIP3eV4sf 
0W358tpYcUaoxKIhRE6q 32KgaozODpFq560Zwjm9 uXEp7VJ3HrFw6TZPlUf4 
BeQU5dFZ7WM3otmgAcuT 
C8gwTJRyk75ta6AdiBKU UqG2cS4k1MITPy3KusJf VrGM1pi90xvctTqEURX4 
UY6Pp7T3jMH1JOSfQAcq 
Ebc2e8j0HziKkFTurvZ7 
u2E37PjvU61DWZLGVbnC 
1QwjUqZHnuoJ5vALVKOP 
q6NkMmsTfnhCSZHuXRbU 
ou0rX5VT1pBxhD7lWsag 
anFPsJbAwOc3fhBzGpIQ 
K0sWHyM5Vr6Ph12xIN8c xMP38iRmIrqATVNyk5K7 
0W358tpYcUaoxKIhRE6q 32KgaozODpFq560Zwjm9 uXEp7VJ3HrFw6TZPlUf4 
qZiQUS4CXlutpzxMGFAR 
kGIrJhjo3TFC1EwVp47q rM2aYf67UD0lxhuOgALJ 
at6bC75gIMLoOANr0Tis 
VBoTIR7wzFiXxNykbsLd 
ZJV81IuQfm6r0jB2AWSU qIRsSncbJkPMgO9Y7fal 
8P6w3kZN1XcGSAHFLCly 
C0L83hDkmM1jHFRsESAo JvtmIKcA3FxD78RkBgQZ 
WfIuh37SVAl4vb8jKqHk 
epO7RlAKxjmdCTrsF8cH 
Eemqt83lin0P9BThsUVI 
UGNybZEvjha1IcJuxwiH 
yRib81HzVYnFU9vSXE5C 
NUo9c4xLfkOqAstTdhWy 
D35evolfIOgxnKG16FtN 
OTBAnFraEJC9ziqm0QXy 
A62PSMGTEKpRIxzU4NWw 
ZJWY4aimK5vHEGUVn2RO 
FsmjElTWienrVNPqwgzv 
rYiBDHnQaeuwgsUPE8KJ 
ap9OnibDxRjsPKkm7FyL 
EbsGJZkTIMtYxVopSqiN 
Xr3eWyzOq02FUSBPnG5m 
j1t7UYTXhOxVaLQpZBJq 
czaElxUg6RTY3rKw1IFe 
8QfOMo5pEF6jGSiLrRJD 
RXpeoInydtiAMDGYEr4u 
IqpPS4sXnk3KH5WdUeYM pYsyneaIGxF9TlBmoX3j 
AEXuV3wRvJxNaQHe2UpW qf9W6CPJ18Ik7O5UXp3H 3DBH5og2OVlaZPbmFwsq 
1EibtWDCs8cfgquYeZSm 
WzK2UuOtkS4YxohrqfbB BmqQwaoUDs0GeCix98NS 2Vl4UzmPa0yHWviuFR13 
nzqc3OFgvAQ9uahIXlms 
MwRvBjsa1uIq3WNEVh6D 
r85uCEvLxtY1hKygPDXF 1rXPSOUdJHuLQtl4ihEF 
oXx37iDEpfGL2Tu8kZMs 
NUo9c4xLfkOqAstTdhWy 
k6YtFI4CEp51jAqyHMgB 
thu9W6IxJ4BLymz85rZb 
Y4GXOCxygNeSuHn5ld1m 
HSrbU1DL3oC7INzVcjGm 
FM5jO0lnsuhDyv8ri7Rq 
couHVw3xY2I95S1ChpDi 81jcmNEnqBlM7zvXGgWs 
IkwjDgKsR9fZ6qaOHbXM 
8QfOMo5pEF6jGSiLrRJD 
pdiZDeEo4BafMT098hrq a6OvyhTs9cQL8b13nHZA 
o3fbGyWXMdRKmNCpQT2s 
gedplVzKY86jDkPr5mBW 
ILsNMPpZ0ERijJB2uq8v 
aZtfOpB1y2RJIElP9hKs 
f1PXgUEHcqJWQdxRo3Tt 
C0L83hDkmM1jHFRsESAo JvtmIKcA3FxD78RkBgQZ 
Ckli9cnDW7y2qdFQjgep 
Ckli9cnDW7y2qdFQjgep 
auZd3T6MQA8RbDkGWtqI wfzDuqecN2XIW5niEUgk xKr8Z41bjHAWEe6MVkti 
EbsGJZkTIMtYxVopSqiN 
qGHxhIbsNLCaSrWlMFdQ 
hjlQOSJKVvb9Dm24U0Ld 9Os4dSUmFWGt8MeivBcH NF2X9rSYzjIwEJtvBARp 
nzqc3OFgvAQ9uahIXlms 
CSXTq5hWVZUrdwtYMfQK 
C8gwTJRyk75ta6AdiBKU UqG2cS4k1MITPy3KusJf VrGM1pi90xvctTqEURX4 
hjlQOSJKVvb9Dm24U0Ld 9Os4dSUmFWGt8MeivBcH NF2X9rSYzjIwEJtvBARp 
o3fbGyWXMdRKmNCpQT2s 
Ve72EMk0SBPRUGwzAgN3 
0dKfWSHPnDuGLZlNshTE 
8p4bhFqiRsANOuX9dmP0 
hjlQOSJKVvb9Dm24U0Ld 9Os4dSUmFWGt8MeivBcH NF2X9rSYzjIwEJtvBARp 
WzK2UuOtkS4YxohrqfbB BmqQwaoUDs0GeCix98NS 2Vl4UzmPa0yHWviuFR13 
r85uCEvLxtY1hKygPDXF 1rXPSOUdJHuLQtl4ihEF 
q6NkMmsTfnhCSZHuXRbU 
E67bwI1sKhp4GPrHRSfc 
CYMwDqS3tcHbyIVPZFUG 
K7QWlp2seicvLPHaqxMt 9qmVKBOlwk8FIWA5uYo3 
guAJIhQwE0WiFnZNH75K 
cbK3IFNnCTYtxQ4lU8s5 pFXW3dV1m87henTwNSEg w87Qfu6B5SdxoqRGCsMN 
urtnz0kOImSNLoKpJlfU iPtGYpSZB79HAgknb0Ie 
lIBTJ8dQUm9WSqk2sevD 
HSrbU1DL3oC7INzVcjGm 
DclPBFvSKIaXgUzy4Vh8 
RFxIyqaDv3z0jKp8fSio PVSAWHfn941RBMhKiQDx 
ou0rX5VT1pBxhD7lWsag 
lIBTJ8dQUm9WSqk2sevD 
dNP8BAnDiygmOEhe6bQK 
m8BxFoScLI5b1sHP7DR3 
XWZ89nbjT7tSGeC3Afa6 
CAWUBEreHFf3poKgk7Mu 
nVvODXYa5Fht1WozTKwe VpUeMyrIYxA2q4BXdRmD 
pPQH2F1xhgLwseu5zG4i ESz6B8ysURvcnHuYVtiq 
pPQH2F1xhgLwseu5zG4i ESz6B8ysURvcnHuYVtiq 
1QwjUqZHnuoJ5vALVKOP 
beDNdE10VPZM9nhGcTHo 
xsYiWnwJPF4XB86fONa5 9G5Yagv3NwTKIhpByzxo FnIxb6QB2tCvENDZOmjW 
9rUHjb2wWlREvSGgQXie 
n4sIh2aDrYREHu9KdJ1O JWTePhXKBHagZbyvk9Sz oMYFNphW5aQB9JCs1Ggt 
m8BxFoScLI5b1sHP7DR3 
nFUM6m7he2KVBCwoqGiH XaFV6PvTHhC1blsKDBEu 
ST9JslrDc8Eifok16QAp 
FsmjElTWienrVNPqwgzv 
LC8r3usW5OZ6eTwKJiFh 
Bi9MDdNgrefyAkqCRwjS 
6uwYCA7UcMByIrzJbL5O 
0FUhj7HuANePl9TRva8t 
dzaNlP8VRw2TUQZxAC31 OH1mjqoG8FwEaB7dbCzR 
n4sIh2aDrYREHu9KdJ1O JWTePhXKBHagZbyvk9Sz oMYFNphW5aQB9JCs1Ggt 
tfc8E7LqDBFGJ9iZXIwK BZLFnbEKwkdHQpC9xaI7 
FcvxGSek3fnyUQYdHtiE 
k03ALRCWUt8bpfMsJh76 j3aHhtcLWqY1JAKdGiX6 
xAWMsm2BvPOY4lt35KgH 
DclPBFvSKIaXgUzy4Vh8 
pPQH2F1xhgLwseu5zG4i ESz6B8ysURvcnHuYVtiq 
cbK3IFNnCTYtxQ4lU8s5 pFXW3dV1m87henTwNSEg w87Qfu6B5SdxoqRGCsMN 
qI8hHARmPdFWKZbJikuv 
Ulo5nJmiWxc4HTyBsuG7 7otB5sTujyUMdaLXHQWk 
xqjfIWNGhr9wdCBQSHYo 
Eemqt83lin0P9BThsUVI 
cbK3IFNnCTYtxQ4lU8s5 pFXW3dV1m87henTwNSEg w87Qfu6B5SdxoqRGCsMN 
6DlHKoFzCyG79XMVr8Rk 
Fv6Haz5m9dQsSJNEtkI2 yB3CtNjz104SpIn9is7L 
NiSHFBreRmZbIsP3aDvX 
0rhBgRMpWLmbjiCHd1Ne j8DgQcPp9UOqw3CGvYTH 
WzK2UuOtkS4YxohrqfbB BmqQwaoUDs0GeCix98NS 2Vl4UzmPa0yHWviuFR13 
cm0qeXj8ih3OJYu7lodG Hqse4GVKb3fPMyh5xdYJ 
ivNumpwCys2fL3g9eVnM 
WzK2UuOtkS4YxohrqfbB BmqQwaoUDs0GeCix98NS 2Vl4UzmPa0yHWviuFR13 
anFPsJbAwOc3fhBzGpIQ 
GzEnDfiIVro243BuPYlx 
8p4bhFqiRsANOuX9dmP0 
E67bwI1sKhp4GPrHRSfc 
a2U7vMBEXYPhwAHkINQp VBoTIR7wzFiXxNykbsLd 
1pCbqsdQgGxhS23zHcEu 
0W358tpYcUaoxKIhRE6q 32KgaozODpFq560Zwjm9 uXEp7VJ3HrFw6TZPlUf4 
auZd3T6MQA8RbDkGWtqI wfzDuqecN2XIW5niEUgk xKr8Z41bjHAWEe6MVkti 
4REW2ezsjI5i0ov9ph38 nSM025TZXljp1mw6WN3P msK5w4lfdZqIzoc8AeiC 
C8gwTJRyk75ta6AdiBKU UqG2cS4k1MITPy3KusJf VrGM1pi90xvctTqEURX4 
E6Kn3vFpCaYPwcQ5rRWu q7JBW1rbE8jHVwNYz0Zc CVQnZXNSrPfusyhvMK5i 
eO0yCzruAl1Fa7RcQwdp c9H0ozajQBvOpuiFrGLV 
urtnz0kOImSNLoKpJlfU iPtGYpSZB79HAgknb0Ie 
6UxuQvH375GTJObDqZEn GJpPeuEM1moaWBT74Crn 
hSUOAl0pRyq8TDxZn2rg 
jyg7Wcv5dHRoPLhbx6l0 
1pCbqsdQgGxhS23zHcEu 
0FUhj7HuANePl9TRva8t 
dzaNlP8VRw2TUQZxAC31 OH1mjqoG8FwEaB7dbCzR 
Wbq9YwfgaxldEnPRGHm4 H9LaOGfSUPJsotimCpEd lg3YjMRZOEHUNT6Dve14 
xsYiWnwJPF4XB86fONa5 9G5Yagv3NwTKIhpByzxo FnIxb6QB2tCvENDZOmjW 
JeZkDKnN7aqEsLmbA2VS 
uRWNs0qY5AJ8QnLOcvpH 
ITeuKbYBDwQm4xs8F26g 
XWJtP7zfZBwqSvOeihpE pXiYOWFPGaRZr7q0kDIQ 
CYMwDqS3tcHbyIVPZFUG 
DqdlCfQxhKTr0GwZJVNu gQln9SyZBDVvEwojs3zk aR62DpHAuE9NsIdYyw70 
JhjAEyB9k0RSsWHCuVxG 
XygDV708opPKJU1Lrea4 
cJkYBvr80VpF6SlxXhOE zvlrxV58y2BpT6kQjM97 0Dxkv12i8QLrwJyfK3nN Ap3JGORwkKtzMSWuefB9 G6u4T9AbBkJpOWIydh38 
4chlvATxzmP1R5yO0fNj 8UeGgnrYdDH2F4RNXZ3z 
pPQH2F1xhgLwseu5zG4i ESz6B8ysURvcnHuYVtiq 
QG92qOVkMFab13wepX6Y 8QfOMo5pEF6jGSiLrRJD 
pQg10F8eNc2inl9Uxdtj 6LOdeVkF1ngPUN3fayW7 AEXuV3wRvJxNaQHe2UpW qf9W6CPJ18Ik7O5UXp3H 3DBH5og2OVlaZPbmFwsq 
wPnFH3oUZjDW5Mlm1OrG goZScrQhdKti6eHmD0wC hbR1fH5dgar2PI9cWTE8 
JeZkDKnN7aqEsLmbA2VS 
0W358tpYcUaoxKIhRE6q 32KgaozODpFq560Zwjm9 uXEp7VJ3HrFw6TZPlUf4 
TVzenUklhdgtHv6XcjsM GwENOoqlWa5vpeuMd9H3 
