QXb5gyA0uKtd3x8MmnhW 
QXb5gyA0uKtd3x8MmnhW 
3eqS8Z7OAvLXxPdmFlIa 
QXb5gyA0uKtd3x8MmnhW 
QXb5gyA0uKtd3x8MmnhW 
QXb5gyA0uKtd3x8MmnhW 
3eqS8Z7OAvLXxPdmFlIa 
ul1jz5eh0sxVHbZOR6iJ 
3eqS8Z7OAvLXxPdmFlIa 
ul1jz5eh0sxVHbZOR6iJ 
QXb5gyA0uKtd3x8MmnhW 
3eqS8Z7OAvLXxPdmFlIa 
FAVRHm7rcj0UhpQkgK4x 
3eqS8Z7OAvLXxPdmFlIa 
ul1jz5eh0sxVHbZOR6iJ 
ul1jz5eh0sxVHbZOR6iJ 
ul1jz5eh0sxVHbZOR6iJ 
XaHsdcNBU0uktDQzRybS 
QXb5gyA0uKtd3x8MmnhW 
CqRa1EOc2l95dviGyHDF 
BMeET4QKlXtRkwbpZF92 
BMeET4QKlXtRkwbpZF92 
MurzDaHLbKRC1hpjSoNP 
gdDqJ3NYQ1VByAsmZOF5 
mJFdbZS4i9UzR3CVjfux 
BMeET4QKlXtRkwbpZF92 
v1QYypLdDXCnVRIUkaAm 
7zspHyCi53mGu2JrFSIU 
3NJDnZUwv2BV8HogIz6Y 
CqRa1EOc2l95dviGyHDF 
CqRa1EOc2l95dviGyHDF 
PMY6d9DlCWtKkoNHhr18 
wGEJyl6zNTZMp7qHsFWj 
Q1nvDMWtyqzjGTbN3l46 ul1jz5eh0sxVHbZOR6iJ 
5uo9LwxKyHvmzQWPGUqr 
wGEJyl6zNTZMp7qHsFWj 
krxz61bJ5jXpfWw2t9uM 
3NJDnZUwv2BV8HogIz6Y 
Yaj716QhyCIzqLfxMRZD 
LRdB9x7CDscnhAHYbTUj 
3eqS8Z7OAvLXxPdmFlIa 
Q1nvDMWtyqzjGTbN3l46 ul1jz5eh0sxVHbZOR6iJ 
0uGLSAjUiBlIpb25OToX 
G1Jmqr08kscgXoVRiyWf 
sl8vKUPtu1FkhcoRDaV9 
wEMOTbXZofQKNL56WitF 
7zspHyCi53mGu2JrFSIU 
0uGLSAjUiBlIpb25OToX 
Q1nvDMWtyqzjGTbN3l46 ul1jz5eh0sxVHbZOR6iJ 
tLZOrFE1Ry5iBKYhJsz7 
AbmvqlpICShya6LWnVXU 
PMY6d9DlCWtKkoNHhr18 
PMY6d9DlCWtKkoNHhr18 
3NJDnZUwv2BV8HogIz6Y 
4VKRHfMoGwqu3LgN1Ye2 
Q2sYD3qX7yNp1ewF4zcA 
3eqS8Z7OAvLXxPdmFlIa 
4VKRHfMoGwqu3LgN1Ye2 
k5c0eT9FRDprBfSHw7Nh 
0eBf9QuGFlKibUzVdJNY 
oWhnAU4vMHO7XGSFRJ5Q 0uGLSAjUiBlIpb25OToX 
5uo9LwxKyHvmzQWPGUqr 
LRdB9x7CDscnhAHYbTUj 
Q1nvDMWtyqzjGTbN3l46 ul1jz5eh0sxVHbZOR6iJ 
0eBf9QuGFlKibUzVdJNY 
3NJDnZUwv2BV8HogIz6Y 
LRdB9x7CDscnhAHYbTUj 
SNWoknAcBQM1Hxg8qUmd 
IjxNBQfZvRSgKUeloFL4 
0eBf9QuGFlKibUzVdJNY 
IgDqjBhrwMbznmX8URSy 
FAVRHm7rcj0UhpQkgK4x 
Xjl6C7cUdTgqZ9MPV2zp 
3TZXLkNmDpGy1sad5obz 
dTNnw5yc04UPAt6xClQh 
FAVRHm7rcj0UhpQkgK4x 
NKEmLCDIUGibyBZuAeJS 
ZA3DRMjFX6eBfIO2cU0t 
58m1al3CI7FGMh9Xgq0Y 
mJFdbZS4i9UzR3CVjfux 
tLZOrFE1Ry5iBKYhJsz7 
vQuiCEHtcjz7nTN9LfVJ 
k5c0eT9FRDprBfSHw7Nh 
9FOKM8egaWyzc2BU0TmJ 
3NJDnZUwv2BV8HogIz6Y 
SNWoknAcBQM1Hxg8qUmd 
IgDqjBhrwMbznmX8URSy 
NKEmLCDIUGibyBZuAeJS 
wEMOTbXZofQKNL56WitF 
ue8RQkOEBKqrS9CGh3LH rMbZ6WT7cOKUHedJoLi2 
AbmvqlpICShya6LWnVXU 
Z6dAp0uE7hIaifBN9jLR 
mJFdbZS4i9UzR3CVjfux 
4VKRHfMoGwqu3LgN1Ye2 
lq2nAV3CbpuRGLy10DI7 
5uo9LwxKyHvmzQWPGUqr 
yC3il42zKt7E85nm6b9s 
MurzDaHLbKRC1hpjSoNP 
4gPIhDfSXbz6Y9WLUkeF 
KZyDpw8ExOv7Ne1SJLVQ 
a1IrG6VZlmjgynoYtfx5 
eP8X1Zjbv5uMymQDNd4o 
LRdB9x7CDscnhAHYbTUj 
KwAreC1EdD47HJxcsigW 
W0jqm8UFXpTbfe9xL5rc 
tLZOrFE1Ry5iBKYhJsz7 
58m1al3CI7FGMh9Xgq0Y 
KBkqXvpEdWRULr04VcTb 
SkvD9jEWUB5HixlyeKqI 
DYOBUV6ZSrdLktJNI1wP 3TZXLkNmDpGy1sad5obz 
0eBf9QuGFlKibUzVdJNY 
0r7hlUtnDfgpqWya6QFB 
LPlQ6dVsxOA3rzjfhnZF 
9FOKM8egaWyzc2BU0TmJ 
0r7hlUtnDfgpqWya6QFB 
DYOBUV6ZSrdLktJNI1wP 3TZXLkNmDpGy1sad5obz 
qcxP6kTRshiICzKHenF0 
Q8lifHqk1MbwRvmNAZhT 
5uo9LwxKyHvmzQWPGUqr 
0r7hlUtnDfgpqWya6QFB 
Bo5ANfOrLa4219jx8lbH BsmUrJwz3MTntlWgPux6 
UjGas6qrhbovMFpgmwBf m5eMGunSa87wyrO1DVW4 
4VKRHfMoGwqu3LgN1Ye2 
ORkHdmjzyfoP8ctV174s bEJFoaYhngKIW6k2iNmD 
Nu1iRTqm6jgIEfzLSbdr 
VXPqQjWUxMA3ZTrHyEek 4KWYy2tkeCZSuUpdEX1s 
krxz61bJ5jXpfWw2t9uM 
zqyU6bkOx3GijYf1Td5X 
oWhnAU4vMHO7XGSFRJ5Q 0uGLSAjUiBlIpb25OToX 
epIdno5yV7c0fazQJOCY 
sFhlyZJOX6NcSrKM31k5 Z6dAp0uE7hIaifBN9jLR 
sFhlyZJOX6NcSrKM31k5 Z6dAp0uE7hIaifBN9jLR 
UjGas6qrhbovMFpgmwBf m5eMGunSa87wyrO1DVW4 
Y016EhqWeI2Mgz5XcPwF qcxP6kTRshiICzKHenF0 
245NgzYBRI6xruiaCdpH 
NlQVAyeqtCxH0S8pgEwc LiQIe3Wh8RoCSjKfx1wa M1UdiQvT8A6bKjhB7EGF 
NurySF0EUqxVzX5K9a8h 
vQuiCEHtcjz7nTN9LfVJ 
sl8vKUPtu1FkhcoRDaV9 
5nC2XpSmhzLd8NZu3AW6 
DEcwJP71x3vjWbInBVGN 
ORkHdmjzyfoP8ctV174s bEJFoaYhngKIW6k2iNmD 
DYOBUV6ZSrdLktJNI1wP 3TZXLkNmDpGy1sad5obz 
s03iwI1zkOU8YfNRyAMb uY0fVaKGiPt4BvmgzXJe 
W0jqm8UFXpTbfe9xL5rc 
xJs2PKYE1yB8q9lwoDbt 
MEdORPXmky21Kp7aDrZw GSm8yHs5gMl10woYNnXf 
zqyU6bkOx3GijYf1Td5X 
NlQVAyeqtCxH0S8pgEwc LiQIe3Wh8RoCSjKfx1wa M1UdiQvT8A6bKjhB7EGF 
wGEJyl6zNTZMp7qHsFWj 
FWQPjVmSMJIz5axYqpD3 
j7B81uZzdCXT6vNkHwWA 9FOKM8egaWyzc2BU0TmJ 
cbKDpoMQAdSz9qRv0Chg 
oWhnAU4vMHO7XGSFRJ5Q 0uGLSAjUiBlIpb25OToX 
s0HV5gw3rhP7beaLzBYc 
Xa2mKCxybhlB9HcosT0d 
7zspHyCi53mGu2JrFSIU 
G1Jmqr08kscgXoVRiyWf 
s03iwI1zkOU8YfNRyAMb uY0fVaKGiPt4BvmgzXJe 
UMhoD7N2LfXpuPVg6Bxd 
Xw4gFBQ2CKn5OGNqiHc8 
dTNnw5yc04UPAt6xClQh 
ZkJlmdhF9UfDMKRAOHrc 
Xw4gFBQ2CKn5OGNqiHc8 
j7B81uZzdCXT6vNkHwWA 9FOKM8egaWyzc2BU0TmJ 
NKEmLCDIUGibyBZuAeJS 
3NJDnZUwv2BV8HogIz6Y 
9ONPL5tRAlUBoDIHS3Tv 
WHyd41JLrFTmgABiX3px 
h3ZdV8FRrOs50DvcHMk1 
uhmA0rGETivZ2KVW7MOS VXPqQjWUxMA3ZTrHyEek 4KWYy2tkeCZSuUpdEX1s 
58rXB7qlKf9AkcoLUpVz 
P8jcBS6EbyDsuRMliIdW 
KZyDpw8ExOv7Ne1SJLVQ 
AbmvqlpICShya6LWnVXU 
Q1nvDMWtyqzjGTbN3l46 ul1jz5eh0sxVHbZOR6iJ 
uhmA0rGETivZ2KVW7MOS VXPqQjWUxMA3ZTrHyEek 4KWYy2tkeCZSuUpdEX1s 
k8GT0uSVNpoFMQnldy4q 
vQuiCEHtcjz7nTN9LfVJ 
dqwcog0KMJDARGErFmCT 
TFG3s1ZiqUbAeLYVMatk 
xQIgf4XM1UPrbjWzHtYZ 
WHyd41JLrFTmgABiX3px 
VZ3uWiOwLGzUXSHQM1pr 
YAxGQ3bThDntI1Ro4y8r 
s0HV5gw3rhP7beaLzBYc 
4gPIhDfSXbz6Y9WLUkeF 
Xjl6C7cUdTgqZ9MPV2zp 
rIHO5kzgV7L2YutpRcvj 
PMY6d9DlCWtKkoNHhr18 
uhmA0rGETivZ2KVW7MOS VXPqQjWUxMA3ZTrHyEek 4KWYy2tkeCZSuUpdEX1s 
NlQVAyeqtCxH0S8pgEwc LiQIe3Wh8RoCSjKfx1wa M1UdiQvT8A6bKjhB7EGF 
ZkJlmdhF9UfDMKRAOHrc 
tQgXq3OrHZYR1T4fMPhI 
PMY6d9DlCWtKkoNHhr18 
C1L5Zib43q0olvckDMQV 
TAH0ICD8dBp2ijJ4mZSX SNWoknAcBQM1Hxg8qUmd 
Xw4gFBQ2CKn5OGNqiHc8 
G2tzFhEsBYZyTK49Doeq 
lq2nAV3CbpuRGLy10DI7 
XaHsdcNBU0uktDQzRybS 
KwAreC1EdD47HJxcsigW 
IbMwsGPoBEVaAOdDu9Ni 
NKEmLCDIUGibyBZuAeJS 
5nC2XpSmhzLd8NZu3AW6 
M6DVij3NuHqC1Ber9wZd 
KZyDpw8ExOv7Ne1SJLVQ 
sl8vKUPtu1FkhcoRDaV9 
a1IrG6VZlmjgynoYtfx5 
BflAWKr14n86q0IGpaiO 
uhmA0rGETivZ2KVW7MOS VXPqQjWUxMA3ZTrHyEek 4KWYy2tkeCZSuUpdEX1s 
mwYpVXnfCeLQ2dHrySsa 
Bo5ANfOrLa4219jx8lbH BsmUrJwz3MTntlWgPux6 
gdDqJ3NYQ1VByAsmZOF5 
9ce4rRlqI6pWu2DV7TsN 
J5aSGovHlbqzfty29hWP 
sl8vKUPtu1FkhcoRDaV9 
px2uHiF479IWdPzCa3oY ZA3DRMjFX6eBfIO2cU0t 
LPlQ6dVsxOA3rzjfhnZF 
rbMhFW3Ne5f0ZQ4LGcU7 
81RQE7kF4IeM2xKmBYjt 
81RQE7kF4IeM2xKmBYjt 
Bo5ANfOrLa4219jx8lbH BsmUrJwz3MTntlWgPux6 
IjxNBQfZvRSgKUeloFL4 
qtUWaIQnYgfxvmJ9OSMH 
PjQeTGmqbzYFrAt8dEXB yC3il42zKt7E85nm6b9s 
NlQVAyeqtCxH0S8pgEwc LiQIe3Wh8RoCSjKfx1wa M1UdiQvT8A6bKjhB7EGF 
o9MWITCilrgARVHB7ZwF 
BflAWKr14n86q0IGpaiO 
4gPIhDfSXbz6Y9WLUkeF 
o9MWITCilrgARVHB7ZwF 
HGUu0sxP2IoWfY3jBOcK Nu1iRTqm6jgIEfzLSbdr 
HGUu0sxP2IoWfY3jBOcK Nu1iRTqm6jgIEfzLSbdr 
UZJlXVGmOCyi1cbBINPv yqM91FkUnc4B6tzOxLbg 
v1QYypLdDXCnVRIUkaAm 
5uo9LwxKyHvmzQWPGUqr 
Q1nvDMWtyqzjGTbN3l46 ul1jz5eh0sxVHbZOR6iJ 
3NJDnZUwv2BV8HogIz6Y 
FiWjhrmZ8LOqRIuMnKc4 
px2uHiF479IWdPzCa3oY ZA3DRMjFX6eBfIO2cU0t 
qtUWaIQnYgfxvmJ9OSMH 
UcZG4XumJnV1RPqHvI0L Lx5mKgCF2TVGMvyNDwhc 
glFDe2vzuNWic563hjbk 2Nm3gYuID7XxezK9iBMT 
gitbAYsTmrfzn2IR47E6 TAH0ICD8dBp2ijJ4mZSX SNWoknAcBQM1Hxg8qUmd 
0xN6Y1QejqM78G2XcDHl W0jqm8UFXpTbfe9xL5rc 
Y016EhqWeI2Mgz5XcPwF qcxP6kTRshiICzKHenF0 
lDEAUkNhswHGgxiKP9z6 
UZJlXVGmOCyi1cbBINPv yqM91FkUnc4B6tzOxLbg 
rROWu4yovLljiAM7N0Vm 
NlQVAyeqtCxH0S8pgEwc LiQIe3Wh8RoCSjKfx1wa M1UdiQvT8A6bKjhB7EGF 
HCqYtMnoLzjNuXJi1hZv 
FKAgcLrwbi1SZd5BuU2h 
PjQeTGmqbzYFrAt8dEXB yC3il42zKt7E85nm6b9s 
dTNnw5yc04UPAt6xClQh 
tJo6PDNuhvFcBSadpICs 
4VfgkchUClu2SR6zy3MH 
FKAgcLrwbi1SZd5BuU2h 
s03iwI1zkOU8YfNRyAMb uY0fVaKGiPt4BvmgzXJe 
NlQVAyeqtCxH0S8pgEwc LiQIe3Wh8RoCSjKfx1wa M1UdiQvT8A6bKjhB7EGF 
5uo9LwxKyHvmzQWPGUqr 
px2uHiF479IWdPzCa3oY ZA3DRMjFX6eBfIO2cU0t 
iG0UZRBFnwMKHfVcmh82 
lq2nAV3CbpuRGLy10DI7 
1zXCAsINMDWHTuV3iJ9p 
uL91miARM26FPVOxscBQ 
gdDqJ3NYQ1VByAsmZOF5 
zsEJSnlmcp6IGRXDPBxL e7U2vxtLAFT3GilD4ykc 
kgyanuBNF9I8YM7fEUhr MEdORPXmky21Kp7aDrZw GSm8yHs5gMl10woYNnXf 
LPlQ6dVsxOA3rzjfhnZF 
81RQE7kF4IeM2xKmBYjt 
4VfgkchUClu2SR6zy3MH 
7zspHyCi53mGu2JrFSIU 
DalNOFqYodTVj7AmszPy 
qJi841SnhZTvIK7ufsGc 
I0B2EyO9UYRsz7jwmQiL Eur8FL31oiCmXOdSjGcP 0gnzsNoS2qd6yWtvKeZL 
PXQDH5OuW2rg3aNyhi9l afRLAVvcZYJyF7nh6dCT ORkHdmjzyfoP8ctV174s bEJFoaYhngKIW6k2iNmD 
UjGas6qrhbovMFpgmwBf m5eMGunSa87wyrO1DVW4 
vy1pAxmtDUWhV46wO2Er 
golH5F7j2eK3JWGwZBNa KwAreC1EdD47HJxcsigW 
rbMhFW3Ne5f0ZQ4LGcU7 
zl0iCMAGD7do1pIZhEUS 
1zXCAsINMDWHTuV3iJ9p 
t8mfK5oXDZFEOkVRqJlQ 
aYxEwcAVQ1SblqmORHne BMeET4QKlXtRkwbpZF92 
ITeNkLHYoji65qU8zm0c GyVmw7qYCepzorZ3Kv8M 
VZ3uWiOwLGzUXSHQM1pr 
sYxMErZ0BfAHWenuok8t 
3NJDnZUwv2BV8HogIz6Y 
EXh8mkDtwr6FUjyRcgHn k5c0eT9FRDprBfSHw7Nh 
k8GT0uSVNpoFMQnldy4q 
tLZOrFE1Ry5iBKYhJsz7 
dS4uDyeTEkPRWhfpA7Qj 
px2uHiF479IWdPzCa3oY ZA3DRMjFX6eBfIO2cU0t 
rbMhFW3Ne5f0ZQ4LGcU7 
qK7sBzeJAuSodby8CNHZ 
PjQeTGmqbzYFrAt8dEXB yC3il42zKt7E85nm6b9s 
ZkJlmdhF9UfDMKRAOHrc 
kgyanuBNF9I8YM7fEUhr MEdORPXmky21Kp7aDrZw GSm8yHs5gMl10woYNnXf 
7bdmBPFTgoR1SsAYZhWe 
oWhnAU4vMHO7XGSFRJ5Q 0uGLSAjUiBlIpb25OToX 
E2Fy4jxmfLpKtrX5Cn6s VEmGRkUHZqgOb213ATIJ 
ue8RQkOEBKqrS9CGh3LH rMbZ6WT7cOKUHedJoLi2 
rM15yavDRsQxVSG3lwbd 
tzfg6omWQSjadIl3VF27 nwElXaHSdqtxLCmsPfek 
Do2BgHlSLbJFTxEW0QGX 
BJD1do94umsUPS07ZTGI 
wPNAqe2E3x5bdmO0YsB1 9DiwZIKpuPaxykSFXTQl 
FAVRHm7rcj0UhpQkgK4x 
FiWjhrmZ8LOqRIuMnKc4 
DGm9olr1MYw50yNz2iT3 EhIor1zjXFk7C9yQdt4w 
IbMwsGPoBEVaAOdDu9Ni 
Y016EhqWeI2Mgz5XcPwF qcxP6kTRshiICzKHenF0 
j7B81uZzdCXT6vNkHwWA 9FOKM8egaWyzc2BU0TmJ 
HGUu0sxP2IoWfY3jBOcK Nu1iRTqm6jgIEfzLSbdr 
DGm9olr1MYw50yNz2iT3 EhIor1zjXFk7C9yQdt4w 
wGEJyl6zNTZMp7qHsFWj 
EW5edoPlNTOur8mKiRD9 
wPNAqe2E3x5bdmO0YsB1 9DiwZIKpuPaxykSFXTQl 
WA284ZNdT56bEa1DHwPo 
MmksOY4J2gjqBLe1zQr5 o9MWITCilrgARVHB7ZwF 
DalNOFqYodTVj7AmszPy 
UZJlXVGmOCyi1cbBINPv yqM91FkUnc4B6tzOxLbg 
zMF2qBW38Yh9l0bA5RkZ G1Jmqr08kscgXoVRiyWf 
H6VoCZiJs7M9m4kuDyWc 
EZxsQL36F5mdV0KbiqTf SgrABE7HGf3ey8C45Tkc sIDEVjHO6miKFbWhynQN 
j7B81uZzdCXT6vNkHwWA 9FOKM8egaWyzc2BU0TmJ 
ITeNkLHYoji65qU8zm0c GyVmw7qYCepzorZ3Kv8M 
GqE7dWYkj6DlxRfQ5BOu 
EZxsQL36F5mdV0KbiqTf SgrABE7HGf3ey8C45Tkc sIDEVjHO6miKFbWhynQN 
f93RQg4LtNoCxkOHFKs7 db7ZzSF6mNHKvU2MXc4p 
ivklVroBRLsuzOp7aJ6K 
JaLojifuHd8AXM7ZmqlP jHsIiXM9bU57mrYP6J0K 
H6VoCZiJs7M9m4kuDyWc 
3ProhuxBF0QkVi2nL9ed WHyd41JLrFTmgABiX3px 
iQkvyK3ft0dFmrSTNCeI 
jB9O2qF6wvlc8QaTCeus 
5uo9LwxKyHvmzQWPGUqr 
smcdUktw2jDrTa0WNO5h wEMOTbXZofQKNL56WitF 
MmksOY4J2gjqBLe1zQr5 o9MWITCilrgARVHB7ZwF 
GqE7dWYkj6DlxRfQ5BOu 
kgyanuBNF9I8YM7fEUhr MEdORPXmky21Kp7aDrZw GSm8yHs5gMl10woYNnXf 
ivklVroBRLsuzOp7aJ6K 
XQ9fY2eOUgm4Nsua0hpL 
HaFGxQNBR4qUMVI23d0L xMOayYkd5suGzSJF0Upj 
EW5edoPlNTOur8mKiRD9 
0r7hlUtnDfgpqWya6QFB 
hHqmVB04nKtl8GQx61Ck Xw4gFBQ2CKn5OGNqiHc8 
tzfg6omWQSjadIl3VF27 nwElXaHSdqtxLCmsPfek 
XAyKTxPD21YEl0V8LouF s0HV5gw3rhP7beaLzBYc 
2Bd3zFZqilU5DYmNVHxu CqRa1EOc2l95dviGyHDF 
Yaj716QhyCIzqLfxMRZD 
zMF2qBW38Yh9l0bA5RkZ G1Jmqr08kscgXoVRiyWf 
G2tzFhEsBYZyTK49Doeq 
DGm9olr1MYw50yNz2iT3 EhIor1zjXFk7C9yQdt4w 
0r7hlUtnDfgpqWya6QFB 
cbKDpoMQAdSz9qRv0Chg 
Y016EhqWeI2Mgz5XcPwF qcxP6kTRshiICzKHenF0 
wPNAqe2E3x5bdmO0YsB1 9DiwZIKpuPaxykSFXTQl 
2Bd3zFZqilU5DYmNVHxu CqRa1EOc2l95dviGyHDF 
f93RQg4LtNoCxkOHFKs7 db7ZzSF6mNHKvU2MXc4p 
f2PFl5pmyWSDcetvAox8 
XAyKTxPD21YEl0V8LouF s0HV5gw3rhP7beaLzBYc 
QhVvCLWc47XNr1EaMjlF 
7tcgh3OuLSWayX4RkQew 
4BwDIxZpCjntPWdgJN5y R9djrESF8LBysoIkhiM2 
PMY6d9DlCWtKkoNHhr18 
LTEjFQi4A6SwCb2PkG1z dJlAfZPgGY5zuQU6MoBR LRdB9x7CDscnhAHYbTUj 
V6rYaG03lx5EvuKDcMHd IgDqjBhrwMbznmX8URSy 
gpc3wBlnVYMT6mFejL90 
7UxQeTVNcKCg6JuDnBFP 
zPjBKhQL40gGHJYcMUeO 
P5Ly8UDdfK0Bwo2xnmNl dS4uDyeTEkPRWhfpA7Qj 
zsEJSnlmcp6IGRXDPBxL e7U2vxtLAFT3GilD4ykc 
KNTaWFIs0bQXeB5ODk6V StaHCpKoYi0RzJOvxsl4 PM5S4zVrKxsc6hoEqjOW 
Qvb0mpyLaKs1l5wgz7Vu IjxNBQfZvRSgKUeloFL4 
ND68aG7FbMgo0eV2kJpY 
qKhxVf0bBoICcjGHRy1m 8ENSf2rjK9BwAXQbaPGI 
OB0wcinoSWAZFN7eMbUk 
a8h3dYc6JP5RIszp1Zyo 5nC2XpSmhzLd8NZu3AW6 
7tcgh3OuLSWayX4RkQew 
V6rYaG03lx5EvuKDcMHd IgDqjBhrwMbznmX8URSy 
245NgzYBRI6xruiaCdpH 
0WbnrzCcvpBAKTemd6GF 
XQ9fY2eOUgm4Nsua0hpL 
BflAWKr14n86q0IGpaiO 
NurySF0EUqxVzX5K9a8h 
Q2sYD3qX7yNp1ewF4zcA 
7a5bmEtvB4gCH8JAGW1V 8f75NLwpHlvA2QFeDGRK 
Npt0EQsc6bdzW1VXSrFA 
E2Fy4jxmfLpKtrX5Cn6s VEmGRkUHZqgOb213ATIJ 
3Ab5iNdzP1k9KsC0SZ2w 
bCB3M5V9YfKuUNjw0P2l 3NJDnZUwv2BV8HogIz6Y 
0xoEjsAy7Ipz9JBbNaHm 
0xN6Y1QejqM78G2XcDHl W0jqm8UFXpTbfe9xL5rc 
zqyU6bkOx3GijYf1Td5X 
FVoM1xaAOUp0Q435EBHg 
snlMbyK6RHz1B9xAied8 Rw8YLqMIS5gUh10ZGQsK MpQV3Owh7lXkLSxCUHt1 
YpmQ3LJrlzR2b9VHfIEu oZ7U15Pz03MmFNB6xWeb 
hyrq5JitVz1L93fs6aEg I61cOKZGJxafHdjunY4o XrkOx42fEAjlNdI901Qz 
T6lh3wN0UFzmAXtkgRJL 
6cQSAqfeaL9VMBh4Yz7C 
0xoEjsAy7Ipz9JBbNaHm 
V6rYaG03lx5EvuKDcMHd IgDqjBhrwMbznmX8URSy 
UNlHp2vZt3bgVjDrnRik 2J63aQGur5ZTxMFkWePB 58m1al3CI7FGMh9Xgq0Y 
AbmvqlpICShya6LWnVXU 
lOi6NyoSxYeAj3Hq4uz5 
WFUx8umyCdZ07SHs9pfq 
0xN6Y1QejqM78G2XcDHl W0jqm8UFXpTbfe9xL5rc 
zl0iCMAGD7do1pIZhEUS 
hXSspnykfWrC7UwlDJj5 mHqMIiTUP6srf3jn5XJD 
HaFGxQNBR4qUMVI23d0L xMOayYkd5suGzSJF0Upj 
HGUu0sxP2IoWfY3jBOcK Nu1iRTqm6jgIEfzLSbdr 
kUFvmC6G3MqDhlA5y4wo 
A8kGCjgvNBXIiflTWZMO ZkJlmdhF9UfDMKRAOHrc 
k8GT0uSVNpoFMQnldy4q 
0759jXFwOGygKtqvnPcY 
GAVCXFs2TauBUyi08o1e t8mfK5oXDZFEOkVRqJlQ 
glFDe2vzuNWic563hjbk 2Nm3gYuID7XxezK9iBMT 
tl0Jg6oiFdaeszvhXSUE 
3ProhuxBF0QkVi2nL9ed WHyd41JLrFTmgABiX3px 
9ONPL5tRAlUBoDIHS3Tv 
6COeuxi4j0aD2mXWFhSM 
OvSC2XGhmncPeb6xtrJu E7AV8vTY23jJH56gQRmp 
KNTaWFIs0bQXeB5ODk6V StaHCpKoYi0RzJOvxsl4 PM5S4zVrKxsc6hoEqjOW 
xJs2PKYE1yB8q9lwoDbt 
FVoM1xaAOUp0Q435EBHg 
YAxGQ3bThDntI1Ro4y8r 
7a5bmEtvB4gCH8JAGW1V 8f75NLwpHlvA2QFeDGRK 
wPNAqe2E3x5bdmO0YsB1 9DiwZIKpuPaxykSFXTQl 
XT6mv4pQ5U9ZFCK2WSb7 
zPjBKhQL40gGHJYcMUeO 
IKAwbxMT1jOvpdqz7YLk Pm3kLUjZNoDVcy9SI0GA 
0xoEjsAy7Ipz9JBbNaHm 
hHqmVB04nKtl8GQx61Ck Xw4gFBQ2CKn5OGNqiHc8 
WA284ZNdT56bEa1DHwPo 
6P8brYlKIXHstpFuyOih 
0759jXFwOGygKtqvnPcY 
NsTtIzYcUZqB5LE0heOG 
nm8e7WsuOzAwTJQBYopi yjuvAQEnrfbBgF4OeI2D 84UhJ7KfFgozniBN93ZT 
tLZOrFE1Ry5iBKYhJsz7 
RDoFi3PwQqHJpc4myO0X w4DYViUoI1ZkuOdfT6Lc 
LTEjFQi4A6SwCb2PkG1z dJlAfZPgGY5zuQU6MoBR LRdB9x7CDscnhAHYbTUj 
ACpjxuIvJds09Pl8DZEm gitbAYsTmrfzn2IR47E6 TAH0ICD8dBp2ijJ4mZSX SNWoknAcBQM1Hxg8qUmd 
FBfZzclnHULKhJbmg57X 
lvfR6MrhJb0F1ZjqKkT2 KZyDpw8ExOv7Ne1SJLVQ 
MurzDaHLbKRC1hpjSoNP 
jJbrZyx1Tv5usha6X8Sf mS9UOIzNPop3wnVuY4Ja LPlQ6dVsxOA3rzjfhnZF 
FSNivVMK8PDQ9aloW6Re tJo6PDNuhvFcBSadpICs 
kP8EvA9ceSbfoiX7Rt4Y ntjpX3EwCBl9vYN5Dgrq 
jJbrZyx1Tv5usha6X8Sf mS9UOIzNPop3wnVuY4Ja LPlQ6dVsxOA3rzjfhnZF 
kfu5FYHJDWhR7zbo9Pw0 
zMF2qBW38Yh9l0bA5RkZ G1Jmqr08kscgXoVRiyWf 
lm1JHVcuN8hCo9DGdfQr q9vCIQUWje7ytGXuodfA HEisnNzFPy2fKgwQ5bVG 
RDoFi3PwQqHJpc4myO0X w4DYViUoI1ZkuOdfT6Lc 
7G1T8osvp2iUlr95FynC IbMwsGPoBEVaAOdDu9Ni 
dTNnw5yc04UPAt6xClQh 
AZzupjRklQC5ifaMWo38 S1tsHVvJh84Kmdg0azck 
JH8V23vxXrW6DIjUsnoK DYOBUV6ZSrdLktJNI1wP 3TZXLkNmDpGy1sad5obz 
8ymcEUridD7b2Q5MgCSI 
oMiNcpGkvdWCzBT0Fsea 81RQE7kF4IeM2xKmBYjt 
px2uHiF479IWdPzCa3oY ZA3DRMjFX6eBfIO2cU0t 
ufk2DI9NrCVypHMqZeaj 
PXQDH5OuW2rg3aNyhi9l afRLAVvcZYJyF7nh6dCT ORkHdmjzyfoP8ctV174s bEJFoaYhngKIW6k2iNmD 
4OyA7ECZVohQYgLeWxuK NKEmLCDIUGibyBZuAeJS 
R9oaGeOZI3AUvnmL1X0t 
a8h3dYc6JP5RIszp1Zyo 5nC2XpSmhzLd8NZu3AW6 
Jfjcowa7YHhikB9G6sIr kEoqcd2L4f5VABij8rUF 
C1L5Zib43q0olvckDMQV 
n961v43kFGcYVB8QIKAU 1zXCAsINMDWHTuV3iJ9p 
0xoEjsAy7Ipz9JBbNaHm 
QhdruesbLvyG4aTxwW5g rM15yavDRsQxVSG3lwbd 
R1IZMqQLUkVwaSOesPJF yoQGfN3t4OpWuskI2KdL 
HUrtTu6OVhawn9SBxiYf 245NgzYBRI6xruiaCdpH 
I4bi7MU9Ewltsa65vF8Q UcZG4XumJnV1RPqHvI0L Lx5mKgCF2TVGMvyNDwhc 
pnt7TVD2mHlFBKQY8bIc 
CtqA9FD4OJLm2ZvlWfTI 
h8IUA6s3e7uJM4Wvyl2r NlQVAyeqtCxH0S8pgEwc LiQIe3Wh8RoCSjKfx1wa M1UdiQvT8A6bKjhB7EGF 
zvHApmC2g7iQs0OEtSDF DEcwJP71x3vjWbInBVGN 
251 QXb5gyA0uKtd3x8MmnhW
77 3eqS8Z7OAvLXxPdmFlIa
215 NurySF0EUqxVzX5K9a8h
7 BMeET4QKlXtRkwbpZF92
250 ul1jz5eh0sxVHbZOR6iJ
141 7zspHyCi53mGu2JrFSIU
75 FAVRHm7rcj0UhpQkgK4x
117 gdDqJ3NYQ1VByAsmZOF5
180 AbmvqlpICShya6LWnVXU
519 v1QYypLdDXCnVRIUkaAm
243 wEMOTbXZofQKNL56WitF
400 MurzDaHLbKRC1hpjSoNP
260 SkvD9jEWUB5HixlyeKqI
111 mJFdbZS4i9UzR3CVjfux
199 BsmUrJwz3MTntlWgPux6
507 XaHsdcNBU0uktDQzRybS
488 CqRa1EOc2l95dviGyHDF
451 LRdB9x7CDscnhAHYbTUj
313 Yaj716QhyCIzqLfxMRZD
250 Q1nvDMWtyqzjGTbN3l46
526 245NgzYBRI6xruiaCdpH
231 sl8vKUPtu1FkhcoRDaV9
63 5uo9LwxKyHvmzQWPGUqr
168 wGEJyl6zNTZMp7qHsFWj
60 krxz61bJ5jXpfWw2t9uM
482 3NJDnZUwv2BV8HogIz6Y
392 Q2sYD3qX7yNp1ewF4zcA
259 EaNCdxXszemyu0c1TgJA
418 PMY6d9DlCWtKkoNHhr18
452 m5eMGunSa87wyrO1DVW4
442 KBkqXvpEdWRULr04VcTb
263 GSm8yHs5gMl10woYNnXf
138 G1Jmqr08kscgXoVRiyWf
520 0uGLSAjUiBlIpb25OToX
431 tLZOrFE1Ry5iBKYhJsz7
466 IjxNBQfZvRSgKUeloFL4
239 0eBf9QuGFlKibUzVdJNY
76 DEcwJP71x3vjWbInBVGN
325 rMbZ6WT7cOKUHedJoLi2
58 o9MWITCilrgARVHB7ZwF
95 58m1al3CI7FGMh9Xgq0Y
438 Nu1iRTqm6jgIEfzLSbdr
520 oWhnAU4vMHO7XGSFRJ5Q
4 0r7hlUtnDfgpqWya6QFB
366 4gPIhDfSXbz6Y9WLUkeF
186 y793oZMspi8brDnLGCWq
457 4VKRHfMoGwqu3LgN1Ye2
213 k5c0eT9FRDprBfSHw7Nh
161 Xjl6C7cUdTgqZ9MPV2zp
432 AY1qEBZOJdsoM4fX5lnS
407 Q8lifHqk1MbwRvmNAZhT
71 NKEmLCDIUGibyBZuAeJS
276 IgDqjBhrwMbznmX8URSy
193 3TZXLkNmDpGy1sad5obz
199 Bo5ANfOrLa4219jx8lbH
178 tQgXq3OrHZYR1T4fMPhI
325 ue8RQkOEBKqrS9CGh3LH
287 UMhoD7N2LfXpuPVg6Bxd
155 lq2nAV3CbpuRGLy10DI7
417 yC3il42zKt7E85nm6b9s
423 SNWoknAcBQM1Hxg8qUmd
234 LPlQ6dVsxOA3rzjfhnZF
329 0LNX7SmwnsFOGcQzBTkb
135 9FOKM8egaWyzc2BU0TmJ
146 W0jqm8UFXpTbfe9xL5rc
172 PM5S4zVrKxsc6hoEqjOW
336 M6DVij3NuHqC1Ber9wZd
446 ZA3DRMjFX6eBfIO2cU0t
343 qcxP6kTRshiICzKHenF0
150 KwAreC1EdD47HJxcsigW
169 h3ZdV8FRrOs50DvcHMk1
21 dTNnw5yc04UPAt6xClQh
106 5nC2XpSmhzLd8NZu3AW6
445 KZyDpw8ExOv7Ne1SJLVQ
529 1zXCAsINMDWHTuV3iJ9p
396 WHyd41JLrFTmgABiX3px
36 IbMwsGPoBEVaAOdDu9Ni
508 8f75NLwpHlvA2QFeDGRK
8 7OpYHlLdoiwMFIyxANTU
437 xJs2PKYE1yB8q9lwoDbt
109 vQuiCEHtcjz7nTN9LfVJ
454 Xa2mKCxybhlB9HcosT0d
123 FBfZzclnHULKhJbmg57X
163 rROWu4yovLljiAM7N0Vm
98 qJi841SnhZTvIK7ufsGc
7 aYxEwcAVQ1SblqmORHne
156 P8jcBS6EbyDsuRMliIdW
302 Z6dAp0uE7hIaifBN9jLR
285 TFG3s1ZiqUbAeLYVMatk
62 G2tzFhEsBYZyTK49Doeq
387 c2HoIWXliVvN7JKDbd0z
167 cbKDpoMQAdSz9qRv0Chg
389 4KWYy2tkeCZSuUpdEX1s
423 TAH0ICD8dBp2ijJ4mZSX
289 M1UdiQvT8A6bKjhB7EGF
67 FWQPjVmSMJIz5axYqpD3
398 eP8X1Zjbv5uMymQDNd4o
389 VXPqQjWUxMA3ZTrHyEek
463 kUFvmC6G3MqDhlA5y4wo
203 a1IrG6VZlmjgynoYtfx5
105 iG0UZRBFnwMKHfVcmh82
289 LiQIe3Wh8RoCSjKfx1wa
202 WA284ZNdT56bEa1DHwPo
6 bEJFoaYhngKIW6k2iNmD
193 DYOBUV6ZSrdLktJNI1wP
216 9ONPL5tRAlUBoDIHS3Tv
452 UjGas6qrhbovMFpgmwBf
289 NlQVAyeqtCxH0S8pgEwc
68 J5aSGovHlbqzfty29hWP
225 epIdno5yV7c0fazQJOCY
116 zh4Oej7WQGo1cUtsN5LE
6 ORkHdmjzyfoP8ctV174s
157 58rXB7qlKf9AkcoLUpVz
388 zqyU6bkOx3GijYf1Td5X
302 sFhlyZJOX6NcSrKM31k5
49 FVoM1xaAOUp0Q435EBHg
152 XZhWCJgTL4ODM8E9BNlx
220 0xoEjsAy7Ipz9JBbNaHm
343 Y016EhqWeI2Mgz5XcPwF
351 6cQSAqfeaL9VMBh4Yz7C
405 uY0fVaKGiPt4BvmgzXJe
69 s0HV5gw3rhP7beaLzBYc
480 C471f2KEinbxp3agUS0l
383 BflAWKr14n86q0IGpaiO
263 MEdORPXmky21Kp7aDrZw
405 s03iwI1zkOU8YfNRyAMb
468 ltNRa29GFVsz03EKdhfP
350 OB0wcinoSWAZFN7eMbUk
271 EhIor1zjXFk7C9yQdt4w
86 dS4uDyeTEkPRWhfpA7Qj
494 Xw4gFBQ2CKn5OGNqiHc8
378 VZ3uWiOwLGzUXSHQM1pr
64 uL91miARM26FPVOxscBQ
338 vVb67sw0YUMOzi8nr1Rl
301 dqwcog0KMJDARGErFmCT
135 j7B81uZzdCXT6vNkHwWA
345 R9djrESF8LBysoIkhiM2
381 xQIgf4XM1UPrbjWzHtYZ
253 oZ7U15Pz03MmFNB6xWeb
266 nwElXaHSdqtxLCmsPfek
322 4VfgkchUClu2SR6zy3MH
72 YAxGQ3bThDntI1Ro4y8r
263 kgyanuBNF9I8YM7fEUhr
233 QhVvCLWc47XNr1EaMjlF
382 ZkJlmdhF9UfDMKRAOHrc
194 jHsIiXM9bU57mrYP6J0K
132 qpTUvRZLDQIEeo6urM2P
160 Lx5mKgCF2TVGMvyNDwhc
294 qK7sBzeJAuSodby8CNHZ
413 ND68aG7FbMgo0eV2kJpY
119 BJD1do94umsUPS07ZTGI
276 V6rYaG03lx5EvuKDcMHd
326 FKAgcLrwbi1SZd5BuU2h
270 9ce4rRlqI6pWu2DV7TsN
222 lDEAUkNhswHGgxiKP9z6
352 db7ZzSF6mNHKvU2MXc4p
254 2sWqABnS9kXolrwu4yOZ
59 7bdmBPFTgoR1SsAYZhWe
92 RPXA5g8fmOGx9tNpaI0k
449 GyVmw7qYCepzorZ3Kv8M
517 t8mfK5oXDZFEOkVRqJlQ
377 2Nm3gYuID7XxezK9iBMT
403 0gnzsNoS2qd6yWtvKeZL
79 k8GT0uSVNpoFMQnldy4q
389 uhmA0rGETivZ2KVW7MOS
159 yqM91FkUnc4B6tzOxLbg
22 vy1pAxmtDUWhV46wO2Er
417 PjQeTGmqbzYFrAt8dEXB
321 XrkOx42fEAjlNdI901Qz
213 EXh8mkDtwr6FUjyRcgHn
9 0xVP6YBnTWNLq5sU1K3i
483 f2ng0sEDuNWjGoqCTp4I
224 e7U2vxtLAFT3GilD4ykc
24 ZfkhrMv2lcxsuVKUzXa8
160 UcZG4XumJnV1RPqHvI0L
166 HCqYtMnoLzjNuXJi1hZv
121 mwYpVXnfCeLQ2dHrySsa
78 rIHO5kzgV7L2YutpRcvj
109 nHbuQeZqDVtYN5fsxCUh
125 rbMhFW3Ne5f0ZQ4LGcU7
251 CMBTp2hWUgJY7anFAu15
495 81RQE7kF4IeM2xKmBYjt
427 CcJr4Fkt9eDLzWm0d2X3
284 GqE7dWYkj6DlxRfQ5BOu
101 60UZ3VDmKQGvjazrbiXN
377 glFDe2vzuNWic563hjbk
147 LMw2YsxSEokKHmQy0R9X
446 px2uHiF479IWdPzCa3oY
290 sYxMErZ0BfAHWenuok8t
342 BUkMoSeKhiXmIqD3z59b
29 gpc3wBlnVYMT6mFejL90
128 3Ab5iNdzP1k9KsC0SZ2w
374 ZUg1Oj8DV0K2kcxyGfIL
406 H6VoCZiJs7M9m4kuDyWc
145 XQ9fY2eOUgm4Nsua0hpL
395 DalNOFqYodTVj7AmszPy
488 2Bd3zFZqilU5DYmNVHxu
348 C1L5Zib43q0olvckDMQV
183 w4DYViUoI1ZkuOdfT6Lc
279 r9URXDYOlAw3QnTcW1Jj
275 2PLHZcY1kzynOtE9jqxA
76 zvHApmC2g7iQs0OEtSDF
438 HGUu0sxP2IoWfY3jBOcK
460 sIDEVjHO6miKFbWhynQN
403 Eur8FL31oiCmXOdSjGcP
423 gitbAYsTmrfzn2IR47E6
266 tzfg6omWQSjadIl3VF27
389 qeJZnM21HNfYlwEkacxQ
99 dxT9m7IjsBERfhP2O4r1
421 lOi6NyoSxYeAj3Hq4uz5
129 9DiwZIKpuPaxykSFXTQl
88 VEmGRkUHZqgOb213ATIJ
211 MpQV3Owh7lXkLSxCUHt1
18 lrJ0IKoxUm5RuGeCgwTV
396 3ProhuxBF0QkVi2nL9ed
240 8ENSf2rjK9BwAXQbaPGI
249 3nIm4tOKD6kNs8lTeQuW
352 f93RQg4LtNoCxkOHFKs7
112 jB9O2qF6wvlc8QaTCeus
3 9wCecVOE2WHov6ZpSQ1f
131 ufk2DI9NrCVypHMqZeaj
150 golH5F7j2eK3JWGwZBNa
229 SR7HvxItCgpJmWBDUTLs
146 0xN6Y1QejqM78G2XcDHl
523 QuRyKA91ct3Yp2UF0MOZ
43 FmRyWt6iBxk3c8lVwsTJ
328 FiWjhrmZ8LOqRIuMnKc4
25 E7AV8vTY23jJH56gQRmp
345 4BwDIxZpCjntPWdgJN5y
409 qtUWaIQnYgfxvmJ9OSMH
349 JDGhHvkwEm72ZsKObQIR
440 0mGn365bOYitfwhcBMZ2
238 fIpCgxFkR9dvsZELQNyr
333 kEoqcd2L4f5VABij8rUF
371 zPjBKhQL40gGHJYcMUeO
138 zMF2qBW38Yh9l0bA5RkZ
401 KsyXu87FHpUCgJ1Ak3Ym
494 hHqmVB04nKtl8GQx61Ck
159 UZJlXVGmOCyi1cbBINPv
129 wPNAqe2E3x5bdmO0YsB1
472 EW5edoPlNTOur8mKiRD9
209 iY2DTnv4jIL8wucdgBKG
236 Uyz2jN5SYbdFkZX8voQw
491 ZYVWiwH2ghtFJkpLC467
425 R9oaGeOZI3AUvnmL1X0t
314 vBuSjzdGXa6O3itAYx2Z
195 tJo6PDNuhvFcBSadpICs
240 qKhxVf0bBoICcjGHRy1m
9 3m0hOVaYZCirL7URjb9F
299 MJArVCqbsWhjdIn3Lc8m
366 eTwOtxRAhiBXInPFmLlC
77 4Se2Hg1RX7maBq5KQ6sC
384 tl0Jg6oiFdaeszvhXSUE
114 Npt0EQsc6bdzW1VXSrFA
210 Jxa6h9lOATWs2UtrRQbK
227 HEisnNzFPy2fKgwQ5bVG
148 mcrdsqAbIjH3kS5aJulh
471 8j6v70EGJBlidYaqKFge
27 84UhJ7KfFgozniBN93ZT
224 zsEJSnlmcp6IGRXDPBxL
527 7UxQeTVNcKCg6JuDnBFP
316 WFUx8umyCdZ07SHs9pfq
6 afRLAVvcZYJyF7nh6dCT
243 smcdUktw2jDrTa0WNO5h
6 PXQDH5OuW2rg3aNyhi9l
211 Rw8YLqMIS5gUh10ZGQsK
454 O7ZEQhuybKATcrqpfUMP
457 jcDXYqUeWRb14BvAswZT
61 kfu5FYHJDWhR7zbo9Pw0
433 iQkvyK3ft0dFmrSTNCeI
443 ViH9Oajn7QdhEBlfLtbp
27 yjuvAQEnrfbBgF4OeI2D
320 hjCmJ752S9feQynoP4pZ
24 Y5vfesnL1N4KzdFpajPu
467 t12EVjGAO47HyepuWMSh
103 zl0iCMAGD7do1pIZhEUS
85 pnt7TVD2mHlFBKQY8bIc
308 ePOSRf71naDEB0X5Vyoc
516 pP53249AW8VqbXEm7j6a
403 I0B2EyO9UYRsz7jwmQiL
160 I4bi7MU9Ewltsa65vF8Q
88 E2Fy4jxmfLpKtrX5Cn6s
420 8ymcEUridD7b2Q5MgCSI
39 ntjpX3EwCBl9vYN5Dgrq
361 4c9q8ODLsYrME7GleAuJ
24 M1wTUBYsSW8Eo9OpvhVL
268 LYpJtZECQXsGIawlb3P4
234 mS9UOIzNPop3wnVuY4Ja
449 ITeNkLHYoji65qU8zm0c
524 yoQGfN3t4OpWuskI2KdL
91 rM15yavDRsQxVSG3lwbd
58 MmksOY4J2gjqBLe1zQr5
490 sv9YRuhkTM6b2jGaViec
198 PYUQtcqwvlsVdH2pGbE3
165 P8kilb3BhL5McoGSKxVm
525 cCqp0lPZYMno1W9gsBSG
184 mKno2eWdLvClcHhyzwIr
517 GAVCXFs2TauBUyi08o1e
20 jdZVL4NFgom9IJHqkt6z
124 fWkvc8OH7b1yrPjq6RFN
1 VXqgE5BsUACiaFbyIPOY
327 7tcgh3OuLSWayX4RkQew
245 qrxRLFZEI59TnpW4a6Yf
213 LlouvgTKykpGMSmxnjzU
456 sZH0pIUD1eLMxqVFihXu
28 xMOayYkd5suGzSJF0Upj
363 xmCVkewpY8QWbU4q7vad
64 plKoFaRqMEguWmhPLDSV
360 mHqMIiTUP6srf3jn5XJD
454 hLjsci41lFNzXZBHwy0p
122 ivklVroBRLsuzOp7aJ6K
192 QCYFf6MnE358JIR9K1Bl
227 q9vCIQUWje7ytGXuodfA
423 ACpjxuIvJds09Pl8DZEm
369 Do2BgHlSLbJFTxEW0QGX
300 YvnXtsJm6u8UzfZgGa5k
8 Z96nYgm4OATEcKIGdR52
104 6BbgNwrREcfCWAKhaPJq
281 fEzqYn8R64V7wBDs3Oh1
512 JsaDx2mkHqnP1OhWZgoR
271 DGm9olr1MYw50yNz2iT3
460 SgrABE7HGf3ey8C45Tkc
125 jOmTPobVWC9AJnpN2Qe6
245 KVDh3Nzo8ZuaCv1pGtlJ
478 f2PFl5pmyWSDcetvAox8
28 HaFGxQNBR4qUMVI23d0L
172 StaHCpKoYi0RzJOvxsl4
101 L6BmMJvFq1rd0xt8AfRO
106 a8h3dYc6JP5RIszp1Zyo
512 iSEJjUwrCoaefkOqKbgN
282 IUwNOnpHdTL5sbkA9GxB
321 I61cOKZGJxafHdjunY4o
529 n961v43kFGcYVB8QIKAU
508 7a5bmEtvB4gCH8JAGW1V
223 ZhqWokibDaRf8IJp6vsY
515 LnhiYjX0zHD2skMp7t3l
25 OvSC2XGhmncPeb6xtrJu
86 P5Ly8UDdfK0Bwo2xnmNl
59 hviEyZeFIXw4zq36V2Mn
349 oWVKAl8kZaLUQ4GjN7i9
460 EZxsQL36F5mdV0KbiqTf
468 ZeGv1p54d6SgXObKPwn3
451 dJlAfZPgGY5zuQU6MoBR
501 Vz8aynOI62lCG7Y5ETZX
194 JaLojifuHd8AXM7ZmqlP
303 NxRAecolg3hHYUFKmnvt
451 LTEjFQi4A6SwCb2PkG1z
172 KNTaWFIs0bQXeB5ODk6V
0 NsTtIzYcUZqB5LE0heOG
466 Qvb0mpyLaKs1l5wgz7Vu
447 3T94ChaPVojnOXezZMfG
162 XsNiJfYqjkzGu2ro07vI
333 Jfjcowa7YHhikB9G6sIr
69 XAyKTxPD21YEl0V8LouF
33 Pm3kLUjZNoDVcy9SI0GA
96 ZBm74DsiUwQoYOhTn6kL
157 uOfXiD7eGyhldTcazRpU
163 hUJey4bScKW1xEmoqv7X
244 e7XdR6SiCpmTgEQzwK9B
250 2UrdgbIOvyS3hKnazY9Q
475 8H3V16UspfoTYzibnM5r
183 RDoFi3PwQqHJpc4myO0X
192 Z8iKztJpXnA3CfqEkUwb
415 6P8brYlKIXHstpFuyOih
262 tny5ATDz1pQRP2iUSkBZ
321 hyrq5JitVz1L93fs6aEg
254 KOrN4VwT6iFIAzMchuxm
232 4RCcQ715tnxGIALKM2vE
117 OcrG3alvBR7SL4kY25zp
492 eyBHrSo1OZAN5qscmwJG
133 JuFRA9p4t7P1Tz0bgm26
318 6COeuxi4j0aD2mXWFhSM
111 Aw59U8Vr2mvuqQ6CbnDf
360 hXSspnykfWrC7UwlDJj5
404 gZQ5uq9JsV3jHr8W4oLl
522 xDzwARCn3gP5iaOesJMH
253 YpmQ3LJrlzR2b9VHfIEu
71 4OyA7ECZVohQYgLeWxuK
464 0WbnrzCcvpBAKTemd6GF
163 4BbK96qf0HdtGQsYC2SV
273 1IisDr0TqxcPENhAezCw
122 REUHyL3Q9iA6DMmoqC8J
265 iQGbzYq8LBuwNOvcF1tr
487 ol8IiC0yp1tazYsJLRcP
289 h8IUA6s3e7uJM4Wvyl2r
206 qsDWljBoteSTm7bvpiQG
390 8CU6Db0eIkrHcSpOKRTx
107 iyvou5WR3wMcVzDGhCkr
199 LcZuS5Gi7tmqHIdrpThl
87 6r0CqbayIj9zDNRoWuBw
109 OQ0TxYC2BqVDs7gn9i4b
252 EmHXZp2x9USePsrfFh8V
201 0FHQdV8e9xT4tElXCYnO
364 0759jXFwOGygKtqvnPcY
352 z4B6CdGsATVU1tfQMah7
80 xtvPdHM5eTYS0EbUzjXK
482 bCB3M5V9YfKuUNjw0P2l
432 NTwFEBekxct7pnDsdK64
100 S1tsHVvJh84Kmdg0azck
197 T6lh3wN0UFzmAXtkgRJL
382 A8kGCjgvNBXIiflTWZMO
375 2BtwMioqAjKZbhF9TJgC
95 2J63aQGur5ZTxMFkWePB
139 OFotSvsZ3bdyVqcJ0e1l
260 fy4J0BXKk6R79iTnAD5m
211 snlMbyK6RHz1B9xAied8
39 kP8EvA9ceSbfoiX7Rt4Y
191 Jo1Pkt2S5aELi4QYxHqh
193 JH8V23vxXrW6DIjUsnoK
116 Ra0zpcIvWmiGbQs51ELN
62 RkjHsXapenAudCGDl317
178 ZNjKVsAha7zcpv5Weq16
485 iYDwbsEJAWdCQxuvKFPN
173 pZaXvtzI6WOSblBk028j
488 6dSvu8Z4PKVi1RqNaGlk
401 CRhrGpV3jD1wAkN6mt2i
95 UNlHp2vZt3bgVjDrnRik
194 o7i53B9lmGvpsSzZaFqu
155 vweH5KkTVlxIdtY9aQ1N
314 aprPYcBw5gJyRhfTe69n
433 ho5xGvlJeOSgA7UZ4DEu
27 nm8e7WsuOzAwTJQBYopi
5 zhNiK927JBIFuCVyYabs
189 p6RCGAT8mcJX3F94b2Is
144 auBP6Ke98J0Ei4OLlbmM
435 sQjTK7CMJBWhtgH9vNmq
428 7lrpLfBvkw9tzGesZS8i
489 tvWEJBbYGA5F2iunPxdM
492 skqDdX3YvniNCJwQE0H7
37 i6wzJeABm9vYMHla378X
91 QhdruesbLvyG4aTxwW5g
445 lvfR6MrhJb0F1ZjqKkT2
168 5bJ9ak8ThQejGol2RyfP
248 FlPyeha42fHcDYuZLiRv
385 CtqA9FD4OJLm2ZvlWfTI
155 lYDb20X4sprBtemaCSF6
357 EdVai8316PmQgtnfBKX0
87 2XLYnIFK1em3Uk0R65NZ
195 FSNivVMK8PDQ9aloW6Re
483 Awb2uajTLKpfMH7rJPkI
512 Lp6tezB2GIm0CQYyrlU4
199 HT3GbDztvkIp4KZXqnwU
365 EtxBjwZTdl3CQX7nYFJi
26 7XYFBAP3QUnxt0yw81Ka
524 R1IZMqQLUkVwaSOesPJF
18 qUGuyv29DOa7NZ4JR6nY
435 bzA8UJy02h4cPDalt6BG
304 hiwcvEYOd3ls8z5jF6eM
100 AZzupjRklQC5ifaMWo38
33 IKAwbxMT1jOvpdqz7YLk
208 hELCzrI4KXouiseTJpQg
495 oMiNcpGkvdWCzBT0Fsea
234 jJbrZyx1Tv5usha6X8Sf
171 GgmMfXtbUP37yz0FnCxQ
411 47qaxh6WpMAc5NZKCVQ3
307 XT6mv4pQ5U9ZFCK2WSb7
410 fRkvQP9AdbXwuzCZq2Dg
259 nwgcyWi8NHoMCFLB7RUa
426 SeaiCB6YuUcs1b3MDnp8
13 Nqfatx87Ql9XSYKoIsJb
518 gbqWwjYOiDJnzM3mTBHt
143 0LReu4HUtIwCbABNfaZG
196 1Bdg60jZoHiF8whAyaJt
299 1pzmX5oF9w4CLT8fiyWN
36 7G1T8osvp2iUlr95FynC
337 VfMwgemcR7ACYnFra1Gp
122 SIoPQHa31iGu0EBxTMez
517 IqMGiKmOnAohQUu8aDR3
526 HUrtTu6OVhawn9SBxiYf
229 2eXKM0D3sEnwRWyLfhJx
123 gRBxnm0qZfQL8OrVEtS3
227 lm1JHVcuN8hCo9DGdfQr
35 qTy96z2g3KXUBlSxhLiW
387 w73pXxSR0CgO2jM6qBNu
338 CTm2gicaw0uOoKSe1Ryq
485 mYaLOMzPo93Bd7NgxFDT
151 4tEbquvMScHmKCBpalVQ
12 6JPsS9HpKV4MaFhlxRrt
119 Ocq7kTUCmRPAh1F9eiyD
188 vZTRcNUJGVFq094o7myd
431 M9fU0Eoa4K8czYlhHsrG
473 YXlaeNUMpyRZJ4kKzfTr
380 eyHJWMglAhdBaQIEjoO5
451 hov3QnSOCrawyLNqK9Ge
223 ledIgGmADNhVwQ395Fzp
497 BYwevuc0I5yMZaoWnChR
241 sdueUhyWpIc9aYGPCwjo
189 lOJs7RGnr5FKgvDSoIHe
23 xLW8iF5hmYINcSBTsCnu
477 kVX8ByEHjeGCULFbl5dp
44 ipXs5fle1dGVhU9NRqvu
140 qWse4ERtNIX6vxMbGud7
391 zU1Js6jt0gwmDeGLIcO3
68 jOPo8dpML4lzIvqAbGQD
248 SPyYIWGmkx3JRLZnv5wh
26 aRsbnfWpFgZI6de4A3SM
3 giChkWBUQDulAaG8Pc13
496 7D49hoqjU21ZQ5fA3Hdl
