Ue7Eqhlm2SVnOXc9BAZP 
Ue7Eqhlm2SVnOXc9BAZP 
fKOrW5jtu8YIwbJmA2QV 
2WjD3oG8gM1VImeZ4qhw 
4CPc5YdhNgRl0a9rAFq7 
2WjD3oG8gM1VImeZ4qhw 
5eQsKkHF1wN8gy2fPDJ0 
2WjD3oG8gM1VImeZ4qhw 
5eQsKkHF1wN8gy2fPDJ0 
xM7WkRniEFGdyD8wvVqo 
mN4AoLSGhxsFMvCjVgp1 
I7szKdM3NCEJF9kL45Qi 
xM7WkRniEFGdyD8wvVqo 
Ue7Eqhlm2SVnOXc9BAZP 
fKOrW5jtu8YIwbJmA2QV 
4CPc5YdhNgRl0a9rAFq7 
SHOjMFoxKDJzh3Ycq0uk 
d2iwcuVDnWUmTZ97CBMS 
pDUFw8k5TlxAg1aNdj09 
t1dIv4cOjFgb7lzHGUTM 
j3MVn2GO1xYrZNgPfD8p 
4CPc5YdhNgRl0a9rAFq7 
SHOjMFoxKDJzh3Ycq0uk 
71veOR9mHaz285ZQuMg3 
juQRXmH8yYabqwKrT4nA 
2WjD3oG8gM1VImeZ4qhw 
HfmnbRlFKQ7kcLxXY6IJ 
t1dIv4cOjFgb7lzHGUTM 
dv3LOZrVEutnlgMC67BI 
SHOjMFoxKDJzh3Ycq0uk 
HfmnbRlFKQ7kcLxXY6IJ 
5zeoFxLEtQISbXy6lAcR 
TbfANLSug4srVlx8W0C3 
PjtCqF0UEXlZgGTyfLDV 
fKOrW5jtu8YIwbJmA2QV 
dv3LOZrVEutnlgMC67BI 
fKOrW5jtu8YIwbJmA2QV 
PAOx35IalRzreTwBciGf 
sUDWemF9qXvJdzyrR3hw 
uKgIr2XdoE3zeiQ5JLb4 
I7szKdM3NCEJF9kL45Qi 
LMRWpd0tfKDk76umyQnS 
Ue7Eqhlm2SVnOXc9BAZP 
5eQsKkHF1wN8gy2fPDJ0 
yTA7q649bacWtRPGOgxf 
6BQJOWCF3kn8ImMTuLpc 
yifh6vM5WuNTgzm7e1Gn 
9gQGxKHlAte5fnu8mWws PAOx35IalRzreTwBciGf 
d2iwcuVDnWUmTZ97CBMS 
kahCq7QRHxPJOf4TXmcL 
Ue7Eqhlm2SVnOXc9BAZP 
fhA3eQr8IWcFUzbwKkV9 
t1dIv4cOjFgb7lzHGUTM 
hAQHZSKgUlYp1LJakfFd 
yYFWNlZVaThJx9REDe50 
vn8Fp3yNxUjCBabJz5GV 9gQGxKHlAte5fnu8mWws PAOx35IalRzreTwBciGf 
71veOR9mHaz285ZQuMg3 
5zeoFxLEtQISbXy6lAcR 
71veOR9mHaz285ZQuMg3 
EsWiLa32bOlVDJUqwKkh 5eQsKkHF1wN8gy2fPDJ0 
dv3LOZrVEutnlgMC67BI 
jWAwxaR7kYGu94zZfUgc 
fhA3eQr8IWcFUzbwKkV9 
vn8Fp3yNxUjCBabJz5GV 9gQGxKHlAte5fnu8mWws PAOx35IalRzreTwBciGf 
EsWiLa32bOlVDJUqwKkh 5eQsKkHF1wN8gy2fPDJ0 
4CPc5YdhNgRl0a9rAFq7 
pDUFw8k5TlxAg1aNdj09 
OcerHuasFNfdMzqwDbnh 
McBDCf8SLIbhunt0HkyJ 
O2iMHeT9SANqUWd63wCB 
juQRXmH8yYabqwKrT4nA 
L3SJIkXG4VUixQwHMje9 
5aRIhnc3VAJ9Yq6SsxB7 
b0I8mAYqKjcGZHi3OSky 
j3MVn2GO1xYrZNgPfD8p 
jQPzlJUd5LK14xODT2Wu 
fzkpq31DelRIQPZysiBn 
qgzy5M10sAOEpPGt47SJ 
yYFWNlZVaThJx9REDe50 
PjtCqF0UEXlZgGTyfLDV 
60oAi4jvsHa7CJNyrI1L 
GjnhfyvV7AdpIEDxwSqX 
o2EqdD6Uub5mtJs0PLQv 
yTA7q649bacWtRPGOgxf 
vn8Fp3yNxUjCBabJz5GV 9gQGxKHlAte5fnu8mWws PAOx35IalRzreTwBciGf 
kahCq7QRHxPJOf4TXmcL 
knzHy4u8tZe0pIxYNb7d 
dv3LOZrVEutnlgMC67BI 
2WjD3oG8gM1VImeZ4qhw 
kw3utZ2485oILdAYGnhF 
yTA7q649bacWtRPGOgxf 
juQRXmH8yYabqwKrT4nA 
AmhesRZrJflLnSBjiHYu 
GjnhfyvV7AdpIEDxwSqX 
tYWSVcOfiupbaIvd02K8 jWAwxaR7kYGu94zZfUgc 
4CPc5YdhNgRl0a9rAFq7 
gt4bHZmknPDCq8eMz2VA 
hAQHZSKgUlYp1LJakfFd 
4yGn89wuJkhADr5sivQ0 
fhA3eQr8IWcFUzbwKkV9 
yYFWNlZVaThJx9REDe50 
lQBLGE3DAtyZRgumnNq6 uqcdS5jOb08RkL9eXUp1 
2WjD3oG8gM1VImeZ4qhw 
I7szKdM3NCEJF9kL45Qi 
Rn1tLxG8q6Yf7IU3WXH4 
hAQHZSKgUlYp1LJakfFd 
Ue7Eqhlm2SVnOXc9BAZP 
yYFWNlZVaThJx9REDe50 
o5WmQ20NlEkAMJTbPLR7 
jQPzlJUd5LK14xODT2Wu 
XAH6zD9SN0EZbp1fygJT 
EsWiLa32bOlVDJUqwKkh 5eQsKkHF1wN8gy2fPDJ0 
kJqQnhIa9XrFxO2NAlCf AmhesRZrJflLnSBjiHYu 
2mf1QHe9p3UuvxEt6icq hgYUG1bHtTL036iaQyJx 
EsWiLa32bOlVDJUqwKkh 5eQsKkHF1wN8gy2fPDJ0 
X1AQZHJan5iek2WwSgRP 
urjwRUHgP9hZzFEO32Tk 
ZicfK0SdYBNLluA5wWem 
DeYt8SOyqf7miCkho10Z 
O0UYhgrwF45xcyGsIC2V 
3za4ewm25SFxGt1HhOdQ 
0jYaIywQZ97EzxXWsrHS 
VbqeUp7HyvTRBrkZGmfM 
4yGn89wuJkhADr5sivQ0 
dv3LOZrVEutnlgMC67BI 
e5jVoZNxqRfAW0ln61mQ 
xM7WkRniEFGdyD8wvVqo 
O2iMHeT9SANqUWd63wCB 
VJo1253HebEvMqQI8jrh 
vn8Fp3yNxUjCBabJz5GV 9gQGxKHlAte5fnu8mWws PAOx35IalRzreTwBciGf 
OcerHuasFNfdMzqwDbnh 
mN4AoLSGhxsFMvCjVgp1 
j3MVn2GO1xYrZNgPfD8p 
qgzy5M10sAOEpPGt47SJ 
vEWcCwJSaLI98foqAG74 BudlX4fYG3n8xAhjNZvK 
kJqQnhIa9XrFxO2NAlCf AmhesRZrJflLnSBjiHYu 
kJqQnhIa9XrFxO2NAlCf AmhesRZrJflLnSBjiHYu 
TdYzhvAcKVw3r5lJBb2Z 
lQBLGE3DAtyZRgumnNq6 uqcdS5jOb08RkL9eXUp1 
mN4AoLSGhxsFMvCjVgp1 
x28MeW5ZuIFHOyrUiBgd 
vn8Fp3yNxUjCBabJz5GV 9gQGxKHlAte5fnu8mWws PAOx35IalRzreTwBciGf 
fzkpq31DelRIQPZysiBn 
4CPc5YdhNgRl0a9rAFq7 
OSUXRw6WFVbLfzr1Cnuo dB0OhFRf1LimKk5p3DSb 
o5WmQ20NlEkAMJTbPLR7 
HfmnbRlFKQ7kcLxXY6IJ 
Zy7bsQP0iIFDh4XkvMfK 
yQCIJ3pes0gw4Ykbf6VZ 
9YcE1XfU5mSrKo3Vsa8b 
dv3LOZrVEutnlgMC67BI 
8QshTJ7ljNUuS4OR6wKe 
tYWSVcOfiupbaIvd02K8 jWAwxaR7kYGu94zZfUgc 
Hm5gd1qbXlS3pUn7OKtV 
t1dIv4cOjFgb7lzHGUTM 
mZBiMQj2gkEwfHt4LadX 
mIh20EXMpSRA1nzvW3NP mN4AoLSGhxsFMvCjVgp1 
o2EqdD6Uub5mtJs0PLQv 
nY8iZHcqhVsN7xRv1OpJ 
aj0csFeMWVg8rqGED6Qh 
Hm5gd1qbXlS3pUn7OKtV 
o2EqdD6Uub5mtJs0PLQv 
dv3LOZrVEutnlgMC67BI 
McBDCf8SLIbhunt0HkyJ 
4hMqitIOufwJ0Zx25Fnc 
UJHaGVlYWxTDL5sqk6u8 
whJ0mq1L4WsFDKPEzpXe sIGkCBK4iLnJUW7uMZQ6 
q1lPxVEjFrkAf2OaU0yW 
71veOR9mHaz285ZQuMg3 
Rn1tLxG8q6Yf7IU3WXH4 
MdvUbhZlSm8RojpTDLns 
n2SMPTvfyhOpU9itqEox 
uCGfLUQMrp8DseaNq6oy 
oSQUYc3zB81mbCeLg2Iy vEWcCwJSaLI98foqAG74 BudlX4fYG3n8xAhjNZvK 
VJo1253HebEvMqQI8jrh 
XtmvKfw8VYh6AkBSa57p zGJ4BxTkh5MXeI21qd6S 
6BQJOWCF3kn8ImMTuLpc 
OcDK4LuBh6yRvma8lHPx 
SHOjMFoxKDJzh3Ycq0uk 
EU6gHTvn9Dduiyk1b25X MdvUbhZlSm8RojpTDLns 
qlDLY6eIUdmuZi51bgxC 
X1AQZHJan5iek2WwSgRP 
x28MeW5ZuIFHOyrUiBgd 
nY8iZHcqhVsN7xRv1OpJ 
3za4ewm25SFxGt1HhOdQ 
qe0sT7BXNCvVDIxPW4S1 
tYWSVcOfiupbaIvd02K8 jWAwxaR7kYGu94zZfUgc 
01hcAiGbRftUo3rXWT2d 
98AcXuRiF7N3GJaYrTnS 
EU6gHTvn9Dduiyk1b25X MdvUbhZlSm8RojpTDLns 
DeYt8SOyqf7miCkho10Z 
gHGtIQKdxXeT8pjLf5Pn 
0kzEeZOxwl8va5nNGTur 
CWX76Nu5KTnYpO3yqev2 
kIAyE8tmlRB36HTeLpvJ 
knzHy4u8tZe0pIxYNb7d 
4L8oVckTsM2JRQ3O57Xx 
o2EqdD6Uub5mtJs0PLQv 
juQRXmH8yYabqwKrT4nA 
uKgIr2XdoE3zeiQ5JLb4 
IXtdM3ZTn1eDL8Cw9ORY 
ElKnBAz8xpM4G73Hkq2O 
VpFqUZ1RDlrG4T9IMXfc 
u0jkh7piBRCDlgSnETvO 
98AcXuRiF7N3GJaYrTnS 
xTbJDQ26WGla5y7VudNY 
kmsCbureXFSxYiOhtgG8 Tg385JCrw0fn2aupFhXy 
ChdDFcBsu2OJUGHgkflv 5AEryKklhZF0tM9m1VJc 
hAQHZSKgUlYp1LJakfFd 
kFzKCOqBuribdhga1pcJ 
x0JRh2CUQMFOu9Xs53rq PjtCqF0UEXlZgGTyfLDV 
juQRXmH8yYabqwKrT4nA 
qgK0UAF3QYJSTcbyedIm GlnOuTt9brHDjRFCpcV5 
mlyG8OIp2Jt0fqFZ5UEn 
71veOR9mHaz285ZQuMg3 
yTA7q649bacWtRPGOgxf 
xcB3V8pF0SeMUn6lfLCj 
TdYzhvAcKVw3r5lJBb2Z 
XFvE6UJ5TAilR9hpbsOt 2uyDSvOQbifXcpBUImj6 
juQRXmH8yYabqwKrT4nA 
XFvE6UJ5TAilR9hpbsOt 2uyDSvOQbifXcpBUImj6 
YqTka2O9chj6EH7ysK4m oSQUYc3zB81mbCeLg2Iy vEWcCwJSaLI98foqAG74 BudlX4fYG3n8xAhjNZvK 
XFvE6UJ5TAilR9hpbsOt 2uyDSvOQbifXcpBUImj6 
4L8oVckTsM2JRQ3O57Xx 
5aRIhnc3VAJ9Yq6SsxB7 
eSz314ky0bjxfhC2gYV9 
Z7F9pIdDxEGB8ik1qceS 
u0jkh7piBRCDlgSnETvO 
dsZbySVlHkT6vfjiEuoL 
xvG4MLVzIENSiKrOAnTP 
uCGfLUQMrp8DseaNq6oy 
6BQJOWCF3kn8ImMTuLpc 
mZ20oPY8fzGHuxCnpqXr 
XFvE6UJ5TAilR9hpbsOt 2uyDSvOQbifXcpBUImj6 
mIh20EXMpSRA1nzvW3NP mN4AoLSGhxsFMvCjVgp1 
Ue7Eqhlm2SVnOXc9BAZP 
VzgZ8W2HbhNeMmS6YRPv fhN7ZE2RIrUOMwoiY1tL 
mZ20oPY8fzGHuxCnpqXr 
426bgoA5UznSYGHKk3Ol ZicfK0SdYBNLluA5wWem 
7cHfXzNK3Gy1STLvj9DP 8odhX5zPN7wCiDlyJtqG 
nY8iZHcqhVsN7xRv1OpJ 
s4EZxbvyG1MXYq5zjW3B xM7WkRniEFGdyD8wvVqo 
XFvE6UJ5TAilR9hpbsOt 2uyDSvOQbifXcpBUImj6 
McBDCf8SLIbhunt0HkyJ 
SHOjMFoxKDJzh3Ycq0uk 
kmsCbureXFSxYiOhtgG8 Tg385JCrw0fn2aupFhXy 
qIJikNLpjSnKW9Av1ToP t59KVdJMNau8smjClhEQ 
2mf1QHe9p3UuvxEt6icq hgYUG1bHtTL036iaQyJx 
9ca2wxfg3KW4eDuEh1yF 
gkbWYsf5xavi0HD871oG 
DboGMr8QOc4q9txJU03w wRJHArDF3XKMBjkoWgCp 
9ca2wxfg3KW4eDuEh1yF 
4IVSMu2awyr3PDJtvB8l 
7SfhB2TNEY94Uly0mwFn 
mNpAnTwacPz9F8jogUCY 
XFvE6UJ5TAilR9hpbsOt 2uyDSvOQbifXcpBUImj6 
h6jVgDTSo2pGL80xJBfa 
mMulz1UdkCB3vKpfSH4b mZBiMQj2gkEwfHt4LadX 
2mf1QHe9p3UuvxEt6icq hgYUG1bHtTL036iaQyJx 
85AyF0DN2stCbWaIqjiK BGoAdCv5cbhENUjS71x0 
EU6gHTvn9Dduiyk1b25X MdvUbhZlSm8RojpTDLns 
h6jVgDTSo2pGL80xJBfa 
0jYaIywQZ97EzxXWsrHS 
yifh6vM5WuNTgzm7e1Gn 
juQRXmH8yYabqwKrT4nA 
gHGtIQKdxXeT8pjLf5Pn 
wFOAV4L6Mz2rxiBRSsvn 3jhmW5XsqLRui02DBEwC 5zeoFxLEtQISbXy6lAcR 
pxS9TqoBjn7r6lCs5uLh 
yQCIJ3pes0gw4Ykbf6VZ 
PdzVfX14OtJq9vDLS6ps 
tYWSVcOfiupbaIvd02K8 jWAwxaR7kYGu94zZfUgc 
dDrVXghmA35uwl2szfky 
YA68ihrNmvuQTMl50jsV 
PhZIwiyovtejDldLr9UQ 
A5BymxLqfuK7DEw4tPUg kJqQnhIa9XrFxO2NAlCf AmhesRZrJflLnSBjiHYu 
oEvatwYeWg5jTCci9uG3 
d2iwcuVDnWUmTZ97CBMS 
VJo1253HebEvMqQI8jrh 
qlNg40oFDfRmEaLVsBwQ 
PhZIwiyovtejDldLr9UQ 
lQBLGE3DAtyZRgumnNq6 uqcdS5jOb08RkL9eXUp1 
gomNbfZ4B2ncYr9Mlue6 
4CPc5YdhNgRl0a9rAFq7 
LMRWpd0tfKDk76umyQnS 
GWftIzs2ZHgdUOvuipNo 
L3SJIkXG4VUixQwHMje9 
DStEanIGNuex0KU3JF2o OIVPfuqM57BS3vzoXAn4 SHOjMFoxKDJzh3Ycq0uk 
wFOAV4L6Mz2rxiBRSsvn 3jhmW5XsqLRui02DBEwC 5zeoFxLEtQISbXy6lAcR 
9qKt0JiwsFBfEA8TvYHQ 
4L8oVckTsM2JRQ3O57Xx 
kBnYc4Rw0fvgAQmKMpHI 
4IVSMu2awyr3PDJtvB8l 
gomNbfZ4B2ncYr9Mlue6 
GMIzKaC7Jp4UhXqLxuwQ TbfANLSug4srVlx8W0C3 
5kaXW7cS1Au6xILtKPHN O0UYhgrwF45xcyGsIC2V 
0kzEeZOxwl8va5nNGTur 
8BoIMrk0cax3wY5t7KLp 
TdYzhvAcKVw3r5lJBb2Z 
3za4ewm25SFxGt1HhOdQ 
WYvO4mojwrPl27HnFDxi vIYfL0xdlzuqZ9XktwiO 
pTjswJF5NcA7dlxrZDfP 
wCuTHWUh1eFMgVGsDjz8 4rKcwuXQpnbYA1diHe9y RW3T0rVJAdvqZ2Hwi7Eh 
8BoIMrk0cax3wY5t7KLp 
UJHaGVlYWxTDL5sqk6u8 
K4yqPtbCLlRvzr5jE9uF oZ4gi29MKnQmYdGR73su 5xqYstkLbUoVrzauDXlT C2hDbosTG6jzL5Q381c4 
2Oy6VUpqsvhmYagNrnA0 
fKOrW5jtu8YIwbJmA2QV 
K4yqPtbCLlRvzr5jE9uF oZ4gi29MKnQmYdGR73su 5xqYstkLbUoVrzauDXlT C2hDbosTG6jzL5Q381c4 
XAH6zD9SN0EZbp1fygJT 
gpsIBk7M3RutD49Ah6ew 
NzO4osGJmZ1FPxIACeyg 
pTjswJF5NcA7dlxrZDfP 
4IVSMu2awyr3PDJtvB8l 
7SfhB2TNEY94Uly0mwFn 
rJjOekv2uXNlLy87Epgw rCKMBQ6wSmZ4VtvPIgpf 
PhZIwiyovtejDldLr9UQ 
lHBUbMY2Og3GST0NQxD4 Q5bSEylpToVdawqe3DAL 
VpFqUZ1RDlrG4T9IMXfc 
eBfEWdD9RV2yIsO5z1Ax oZ0ru5DOnUtKWiJIBEg4 EsWiLa32bOlVDJUqwKkh 5eQsKkHF1wN8gy2fPDJ0 
xreRIpk3DZcKv2oY7bzL 
uCGfLUQMrp8DseaNq6oy 
zkhPuc37fwYOCl9iWTaF nY8iZHcqhVsN7xRv1OpJ 
DeYt8SOyqf7miCkho10Z 
0GfYP6q9QKr4TwHBjSaV 
VpFqUZ1RDlrG4T9IMXfc 
ZDGVCulLQnd5R0iFKwWg IADau62yEpVvGdqzUSx1 uTlBr6pmxk3cbGnCJt2e 
mIh20EXMpSRA1nzvW3NP mN4AoLSGhxsFMvCjVgp1 
EU6gHTvn9Dduiyk1b25X MdvUbhZlSm8RojpTDLns 
NByA1GblpSgPKiaQnuRe 
lHBUbMY2Og3GST0NQxD4 Q5bSEylpToVdawqe3DAL 
DStEanIGNuex0KU3JF2o OIVPfuqM57BS3vzoXAn4 SHOjMFoxKDJzh3Ycq0uk 
gHGtIQKdxXeT8pjLf5Pn 
pTjswJF5NcA7dlxrZDfP 
9ca2wxfg3KW4eDuEh1yF 
7SfhB2TNEY94Uly0mwFn 
yifh6vM5WuNTgzm7e1Gn 
s4EZxbvyG1MXYq5zjW3B xM7WkRniEFGdyD8wvVqo 
mIh20EXMpSRA1nzvW3NP mN4AoLSGhxsFMvCjVgp1 
GzTV7XFSmtkDxnyOLvbA 
UJHaGVlYWxTDL5sqk6u8 
u0jkh7piBRCDlgSnETvO 
7cHfXzNK3Gy1STLvj9DP 8odhX5zPN7wCiDlyJtqG 
aIz2NxAWOF3ui8fdJg9v 
09cmCJe5giAoQrkNYnzZ kjqQI83sMNceCU7XzrdB 
gEnwe0K2LIZjcs48W7qC 
yTA7q649bacWtRPGOgxf 
wFOAV4L6Mz2rxiBRSsvn 3jhmW5XsqLRui02DBEwC 5zeoFxLEtQISbXy6lAcR 
skS6dZyQUYKhlMOIEFGq 
u0jkh7piBRCDlgSnETvO 
aj0csFeMWVg8rqGED6Qh 
L72Cr6Icg0ftXJ3k5DyB ChdDFcBsu2OJUGHgkflv 5AEryKklhZF0tM9m1VJc 
xvG4MLVzIENSiKrOAnTP 
5kaXW7cS1Au6xILtKPHN O0UYhgrwF45xcyGsIC2V 
o7mxPhgj2yJTzGLYAsHV 
2mf1QHe9p3UuvxEt6icq hgYUG1bHtTL036iaQyJx 
VpFqUZ1RDlrG4T9IMXfc 
GJHZfbOIV2PxC1MBkjoR q4VIcERA6pQ7zPZib9sD 
R4gMALu8ZhFcqXVJo1YP 
RwFLu4HdDEpxs3zIbXmj qe0sT7BXNCvVDIxPW4S1 
kBnYc4Rw0fvgAQmKMpHI 
yifh6vM5WuNTgzm7e1Gn 
OSUXRw6WFVbLfzr1Cnuo dB0OhFRf1LimKk5p3DSb 
mlyG8OIp2Jt0fqFZ5UEn 
D3OjiGfykhPpF5MN7J8g K4yqPtbCLlRvzr5jE9uF oZ4gi29MKnQmYdGR73su 5xqYstkLbUoVrzauDXlT C2hDbosTG6jzL5Q381c4 
GdylmOgP341oHE9LjB5Z Hm5gd1qbXlS3pUn7OKtV 
pTjswJF5NcA7dlxrZDfP 
O9olhkDRGCZf7Jv5xzyL umXfA58dcgR6CJFwWMZK 
GdylmOgP341oHE9LjB5Z Hm5gd1qbXlS3pUn7OKtV 
1OFGIzbeAXlSkPDVQK2C WYvO4mojwrPl27HnFDxi vIYfL0xdlzuqZ9XktwiO 
Q3t5e7SE9zIlkrjuMYbJ 
L72Cr6Icg0ftXJ3k5DyB ChdDFcBsu2OJUGHgkflv 5AEryKklhZF0tM9m1VJc 
HfmnbRlFKQ7kcLxXY6IJ 
lQBLGE3DAtyZRgumnNq6 uqcdS5jOb08RkL9eXUp1 
pTr8xiAWQMbOq2flVPIe 
VpFqUZ1RDlrG4T9IMXfc 
s4EZxbvyG1MXYq5zjW3B xM7WkRniEFGdyD8wvVqo 
A5BymxLqfuK7DEw4tPUg kJqQnhIa9XrFxO2NAlCf AmhesRZrJflLnSBjiHYu 
U5FdlZh80XM64ErP7VBe YlLWKIy4vcn76bModV5O 
lHBUbMY2Og3GST0NQxD4 Q5bSEylpToVdawqe3DAL 
1KGeJL0VCqrEclRvtihI EfY4CLKoNg89tn0SQlDA 
7XgvGf1rCNWDnHYeFm2A 
09cmCJe5giAoQrkNYnzZ kjqQI83sMNceCU7XzrdB 
wXk87ZQTBUKlCP4jn2vV 
kGXwpy5ePcoadxgLhF2C 6bJWXmGUrhD8qFNVtkLd x28MeW5ZuIFHOyrUiBgd 
NXBmurVsS0GOb8R75Hfd 4hMqitIOufwJ0Zx25Fnc 
O2iMHeT9SANqUWd63wCB 
1eOGW9adPoq56BTC7cvS jPlyIaQnUL0ZFhemfYVD FnwLZsq1g0KS4uHa359r 
L72Cr6Icg0ftXJ3k5DyB ChdDFcBsu2OJUGHgkflv 5AEryKklhZF0tM9m1VJc 
NzO4osGJmZ1FPxIACeyg 
urvgPQlkhH8q3tLTzdyX sEPX4ZSo1Dy2lGj5uNCQ XtmvKfw8VYh6AkBSa57p zGJ4BxTkh5MXeI21qd6S 
q5OtDcUoP09378RnM4SX 
8BoIMrk0cax3wY5t7KLp 
HdPTxug0D9qjKyoGR5E3 VZGIYmA5Q0ELk8WtfX7d 
fqlneFMQmw0uB68ZkpsD 
NXBmurVsS0GOb8R75Hfd 4hMqitIOufwJ0Zx25Fnc 
qFfLmb0VHnWN3GBuTKga 
NXBmurVsS0GOb8R75Hfd 4hMqitIOufwJ0Zx25Fnc 
EU6gHTvn9Dduiyk1b25X MdvUbhZlSm8RojpTDLns 
0mjLe6nDF4yaJEhM1stw 6IFS1MAVxOjJzZ89tmfv 
lHBUbMY2Og3GST0NQxD4 Q5bSEylpToVdawqe3DAL 
XNhC48vDnJ3YioRAQVGW 
zC60Z7M3kOcAEh4Vnp5q 
UJHaGVlYWxTDL5sqk6u8 
8CYxBX1TGAZMngamowRW 
PKWyJc3FZLs9qpEmG7bj uCGfLUQMrp8DseaNq6oy 
L72Cr6Icg0ftXJ3k5DyB ChdDFcBsu2OJUGHgkflv 5AEryKklhZF0tM9m1VJc 
sUDWemF9qXvJdzyrR3hw 
gt4bHZmknPDCq8eMz2VA 
urvgPQlkhH8q3tLTzdyX sEPX4ZSo1Dy2lGj5uNCQ XtmvKfw8VYh6AkBSa57p zGJ4BxTkh5MXeI21qd6S 
zkhPuc37fwYOCl9iWTaF nY8iZHcqhVsN7xRv1OpJ 
EU6gHTvn9Dduiyk1b25X MdvUbhZlSm8RojpTDLns 
lFN7keYvCgAwd4EoWxI0 9njZUAJi7cy45LBxMzr0 
AqIeWY9OUXzwo18mQfxB 
YzfTCE9GKSao1qLUBr5Q 
KtFeJ5irOwMaVGCIX1m8 lApVPjZ8KdIkviuty1w4 
aj0csFeMWVg8rqGED6Qh 
s4EZxbvyG1MXYq5zjW3B xM7WkRniEFGdyD8wvVqo 
EKbDpO9eomYTjkFV7WaQ 
juQRXmH8yYabqwKrT4nA 
vlTj8JcnyURH3m1dbOp4 ElKnBAz8xpM4G73Hkq2O 
vz5P4UMNyAtwR0JhCilT x0Qz3hBtvXp1Ui8rmdcl urjwRUHgP9hZzFEO32Tk 
ruzwUlb3N482WXA9j1eF kmsCbureXFSxYiOhtgG8 Tg385JCrw0fn2aupFhXy 
6oZVfuqbwX9sNkjFlpLA 
3za4ewm25SFxGt1HhOdQ 
ZDGVCulLQnd5R0iFKwWg IADau62yEpVvGdqzUSx1 uTlBr6pmxk3cbGnCJt2e 
jSvaHdIpVGw7FQoyLMBi 
eSz314ky0bjxfhC2gYV9 
L72Cr6Icg0ftXJ3k5DyB ChdDFcBsu2OJUGHgkflv 5AEryKklhZF0tM9m1VJc 
juQRXmH8yYabqwKrT4nA 
xreRIpk3DZcKv2oY7bzL 
tqIzxUbBmkNKQijXv0nl aj0csFeMWVg8rqGED6Qh 
oevcCrl0n9TyOzHwbGiB wFOAV4L6Mz2rxiBRSsvn 3jhmW5XsqLRui02DBEwC 5zeoFxLEtQISbXy6lAcR 
zC60Z7M3kOcAEh4Vnp5q 
lFN7keYvCgAwd4EoWxI0 9njZUAJi7cy45LBxMzr0 
qgK0UAF3QYJSTcbyedIm GlnOuTt9brHDjRFCpcV5 
kjJlALc9ErFMDC7noOwT VknpolxHhjf4ZWw5Ubdm 
a81UKzFlwv3EZebPxC64 
RzGBySQnlkIJ4M7tXPHx 
4keviQZdtRILFE0b3cKD 
1OFGIzbeAXlSkPDVQK2C WYvO4mojwrPl27HnFDxi vIYfL0xdlzuqZ9XktwiO 
09cmCJe5giAoQrkNYnzZ kjqQI83sMNceCU7XzrdB 
fKOrW5jtu8YIwbJmA2QV 
tYWSVcOfiupbaIvd02K8 jWAwxaR7kYGu94zZfUgc 
gkbWYsf5xavi0HD871oG 
ILFZuG3imQxrjT10Kaqk Mc6CqpFoXbsnzANLZO5a 
xrTjfzulydsiASW8vZ7F D3OjiGfykhPpF5MN7J8g K4yqPtbCLlRvzr5jE9uF oZ4gi29MKnQmYdGR73su 5xqYstkLbUoVrzauDXlT C2hDbosTG6jzL5Q381c4 
4keviQZdtRILFE0b3cKD 
ruzwUlb3N482WXA9j1eF kmsCbureXFSxYiOhtgG8 Tg385JCrw0fn2aupFhXy 
XFvE6UJ5TAilR9hpbsOt 2uyDSvOQbifXcpBUImj6 
kWFl02IX8rMTNiK4mU6R 
A5BymxLqfuK7DEw4tPUg kJqQnhIa9XrFxO2NAlCf AmhesRZrJflLnSBjiHYu 
IQ9YvNcmxiyPpeb0GnaS uXLbJdIqmyQn5tcOkWh2 BZYdHMD6b0Omvu1Ngz5L fRdpn3QMbjctTIUrayJ2 
kjJlALc9ErFMDC7noOwT VknpolxHhjf4ZWw5Ubdm 
dCpvtU9eskEGJ2nN5zxH j3MVn2GO1xYrZNgPfD8p 
vz5P4UMNyAtwR0JhCilT x0Qz3hBtvXp1Ui8rmdcl urjwRUHgP9hZzFEO32Tk 
rGQeY8baUSMgzVfEkjPO SU8jMXBireTxDp6FqYZn 6Ixyub7vVpalF2zSiNWd 
koiUhajdSXZBT5IgRlfQ 
1kdliXeg3ZFJNqUsxGOy qIJikNLpjSnKW9Av1ToP t59KVdJMNau8smjClhEQ 
qlNg40oFDfRmEaLVsBwQ 
iPpg5B3bf4nAu8ELcHz9 t0dzW59CbDMSpiNVgR3q 
1eOGW9adPoq56BTC7cvS jPlyIaQnUL0ZFhemfYVD FnwLZsq1g0KS4uHa359r 
2DtpHFT3oNXGd7MUSPsL dDrVXghmA35uwl2szfky 
QTMKi1Ce9kwzFIb08p3l 
M34kgQhNeZtq0SaDFCiB 
CMWHecLwrpAPED3lqk7F yYFWNlZVaThJx9REDe50 
x7ycwhLGuUfkYKZRepXm eRYVwILxtUgSWT7mDQGF pzoT0MY9arJhsVXwBR3C 
HfmnbRlFKQ7kcLxXY6IJ 
2DtpHFT3oNXGd7MUSPsL dDrVXghmA35uwl2szfky 
3za4ewm25SFxGt1HhOdQ 
85AyF0DN2stCbWaIqjiK BGoAdCv5cbhENUjS71x0 
yHqImZGd6APh2JEWNt0n Dw5btsGrfqj1TUKolkPS 7cHfXzNK3Gy1STLvj9DP 8odhX5zPN7wCiDlyJtqG 
0 pC1Uk5u0oYzmxwBTfeGa
0 fqlneFMQmw0uB68ZkpsD
1 1N82vcFDJotGHzs90bMu
1 2WjD3oG8gM1VImeZ4qhw
2 o20A5JBqudYbMfDkUpNR
2 ynItPlEaTVFQ7cD9sS0A
2 Q9JgNHVFkvG1s7Ef4te5
2 VbqeUp7HyvTRBrkZGmfM
3 RwFLu4HdDEpxs3zIbXmj
3 qe0sT7BXNCvVDIxPW4S1
4 sL2E8CYXo5bUhNk7DIli
7 FS89mWxbVA2rsBaXQhJ6
8 oNgcAznRlMhfCTYuerys
13 S79UfstToa6grqxY3hiG
13 Tx4G6Od57SfXcVCgYt8I
14 xcB3V8pF0SeMUn6lfLCj
17 9nmcbxXserVuEwoShOA1
20 fhA3eQr8IWcFUzbwKkV9
23 v5QZR4NhGWKylg3zsBYu
26 6BQJOWCF3kn8ImMTuLpc
27 yifh6vM5WuNTgzm7e1Gn
28 8493E7yYWD2NH5SUZ1Ru
29 iYWGz9BKmpTOs8DaCE6L
31 AqIeWY9OUXzwo18mQfxB
32 hKT8jwnEVt34bl65XkPy
32 XgPNqVcJL19nBFuWp62Y
33 6rkQRoUsuvqMHz2hX39F
35 kahCq7QRHxPJOf4TXmcL
36 CEZaXQgd3J76hMnkGlNK
37 98AcXuRiF7N3GJaYrTnS
38 426bgoA5UznSYGHKk3Ol
38 ZicfK0SdYBNLluA5wWem
40 bucF1Y8AZUP6ltQnHhiz
41 TspNJec3byiEGQuadnKl
43 rgWShYikKDnp0O2TUmyI
43 PdzVfX14OtJq9vDLS6ps
44 xTbJDQ26WGla5y7VudNY
45 hm6u2D75RqBwyK4YC9AI
46 OgjEp2qeBIH4Da7SMx5G
46 0GfYP6q9QKr4TwHBjSaV
47 1QXIMEhKZjYq62G4SxmL
47 wHNP8VeI76MvrRnzEqWo
49 h6jVgDTSo2pGL80xJBfa
52 OcDK4LuBh6yRvma8lHPx
53 sbwqTKDYIM0AOQfUCW7j
55 VLpjG2hCJdPSYnURscFf
57 PEZJ1tNebdzkBrxKG5vf
58 71veOR9mHaz285ZQuMg3
59 jSvaHdIpVGw7FQoyLMBi
60 fKOrW5jtu8YIwbJmA2QV
62 q5OtDcUoP09378RnM4SX
64 M34kgQhNeZtq0SaDFCiB
65 yQCIJ3pes0gw4Ykbf6VZ
67 sExcrtX5R2o0z1TWA63Y
67 x0JRh2CUQMFOu9Xs53rq
67 PjtCqF0UEXlZgGTyfLDV
68 dGpnqBckOR0PhuQv8rjI
69 JM5Z0EtCSmugUrcwWXxN
70 HUuvCAzVgFG5f8aNXm9k
70 qgzy5M10sAOEpPGt47SJ
71 UVDdhElvKi2kqAF85pus
73 NzO4osGJmZ1FPxIACeyg
74 prmxNQghAqTM0Pby7Hte
74 rXdFztjVS0GIsYynCMH2
74 tSO50DZCKYhcjW7ARbao
74 q1lPxVEjFrkAf2OaU0yW
75 01hcAiGbRftUo3rXWT2d
78 2Oy6VUpqsvhmYagNrnA0
79 X6uDtS8Rp52mxVQb3LUa
80 bv4zJUeayq8fDx93doAK
81 9YcE1XfU5mSrKo3Vsa8b
82 oUQ92X7nOlvdVwAFkPmh
83 DeYt8SOyqf7miCkho10Z
84 dCpvtU9eskEGJ2nN5zxH
84 j3MVn2GO1xYrZNgPfD8p
86 9ZdW5g24s6LrMIGRtTBm
89 aYW1dO2Fliq8ohxIKH5X
89 skS6dZyQUYKhlMOIEFGq
90 J5sOHZmL80zopa6DWh3C
91 gEnwe0K2LIZjcs48W7qC
92 lFN7keYvCgAwd4EoWxI0
92 9njZUAJi7cy45LBxMzr0
94 dCSLZzBYXi8HP05AQu3b
94 F6EpeiZKJTDqGrQC1V7B
95 tYWSVcOfiupbaIvd02K8
95 jWAwxaR7kYGu94zZfUgc
96 u0jkh7piBRCDlgSnETvO
102 gHGtIQKdxXeT8pjLf5Pn
106 a5dmC8nVxSz1X9TRkPAf
107 GsjxDECqw6KyahBFiuz5
107 mZ20oPY8fzGHuxCnpqXr
108 YfFRhNzy54eH0r8pDZWi
108 uIiTFHMUAwxkCnj3P5Jr
109 0mjLe6nDF4yaJEhM1stw
109 6IFS1MAVxOjJzZ89tmfv
112 KtgwiN06fBFMuaT8sjry
114 tqIzxUbBmkNKQijXv0nl
114 aj0csFeMWVg8rqGED6Qh
115 9lRqVJKup0O8sjFDzYCZ
117 IQ9YvNcmxiyPpeb0GnaS
117 uXLbJdIqmyQn5tcOkWh2
117 BZYdHMD6b0Omvu1Ngz5L
117 fRdpn3QMbjctTIUrayJ2
118 rGQeY8baUSMgzVfEkjPO
118 SU8jMXBireTxDp6FqYZn
118 6Ixyub7vVpalF2zSiNWd
119 FyJuKdVN0Sn6Qm1j9vXr
119 p25CBd3GEFPcarAx1Soy
120 d2iwcuVDnWUmTZ97CBMS
121 U5FdlZh80XM64ErP7VBe
121 YlLWKIy4vcn76bModV5O
122 kUZQqyRvpIobC3LEi8Ku
122 uqnFQegxtXHCIZ4B0GJ3
123 sNJrOED9fo2Lg50kSzR1
123 crpFByOqY2i8Gk1vLNCE
124 Zd5yOgjM8p0mIcne7h4r
124 mMulz1UdkCB3vKpfSH4b
124 mZBiMQj2gkEwfHt4LadX
125 koiUhajdSXZBT5IgRlfQ
126 8e9ndcVF1bi3tRxZ25B6
126 iHP8u3d20sVe9jBpSxkF
127 Z6oLS5kt73RBjvprUOhN
127 GjnhfyvV7AdpIEDxwSqX
128 0kzEeZOxwl8va5nNGTur
130 IjbSR73vLwfMstDP6chg
131 aIz2NxAWOF3ui8fdJg9v
133 o7mxPhgj2yJTzGLYAsHV
134 vn8Fp3yNxUjCBabJz5GV
134 9gQGxKHlAte5fnu8mWws
134 PAOx35IalRzreTwBciGf
136 GJHZfbOIV2PxC1MBkjoR
136 q4VIcERA6pQ7zPZib9sD
137 Wk1IjtOXMJYm9QdBRlVg
137 I7szKdM3NCEJF9kL45Qi
138 YzfTCE9GKSao1qLUBr5Q
141 niV4Yt3so1fPXeIKZmDk
141 YqTka2O9chj6EH7ysK4m
141 oSQUYc3zB81mbCeLg2Iy
141 vEWcCwJSaLI98foqAG74
141 BudlX4fYG3n8xAhjNZvK
147 GdylmOgP341oHE9LjB5Z
147 Hm5gd1qbXlS3pUn7OKtV
148 abcjgUOq51xp4AQwLrve
148 91na6QbjAJsR4KNlD7vL
150 kGXwpy5ePcoadxgLhF2C
150 6bJWXmGUrhD8qFNVtkLd
150 x28MeW5ZuIFHOyrUiBgd
153 BKv93tOun6sX5pLJYQ8C
153 NXBmurVsS0GOb8R75Hfd
153 4hMqitIOufwJ0Zx25Fnc
154 HTtq3pbaA6Y0LVfwdlgU
154 8SghOtj25Leoi4RHcfdA
154 YA68ihrNmvuQTMl50jsV
157 FCP5cLZ4ENnsdQtaUlpk
159 b8vQ4lMqGcUdjrsAWwLo
159 XNhC48vDnJ3YioRAQVGW
161 RIremq4pF3fSs9gT5HCb
161 fzkpq31DelRIQPZysiBn
162 1KuNaOBv3mt5lcWbFjMY
163 IXtdM3ZTn1eDL8Cw9ORY
167 zkhPuc37fwYOCl9iWTaF
167 nY8iZHcqhVsN7xRv1OpJ
170 0x9wYGkF2dCN6R8njsgp
175 gkbWYsf5xavi0HD871oG
176 urvgPQlkhH8q3tLTzdyX
176 sEPX4ZSo1Dy2lGj5uNCQ
176 XtmvKfw8VYh6AkBSa57p
176 zGJ4BxTkh5MXeI21qd6S
177 L72Cr6Icg0ftXJ3k5DyB
177 ChdDFcBsu2OJUGHgkflv
177 5AEryKklhZF0tM9m1VJc
179 zC60Z7M3kOcAEh4Vnp5q
180 bwKuV7JBnRekQ9ijXplM
181 ILFZuG3imQxrjT10Kaqk
181 Mc6CqpFoXbsnzANLZO5a
182 pTr8xiAWQMbOq2flVPIe
183 xreRIpk3DZcKv2oY7bzL
184 ruzwUlb3N482WXA9j1eF
184 kmsCbureXFSxYiOhtgG8
184 Tg385JCrw0fn2aupFhXy
185 nTkLpXVYd8J0wfgF5aBs
186 MsIbXRSpx3OtlyYkjo2B
187 VJo1253HebEvMqQI8jrh
188 sxcS15GkUPlqr06TAoD7
188 NptjJUIrL9fXeuiQ2ZT3
191 EKbDpO9eomYTjkFV7WaQ
192 fxtUDwALkNrcu9F3Z8hT
195 YoB6xFWph0OyK8u7DePN
195 Jex3hzRYkAvQu4qMKWBc
196 85AyF0DN2stCbWaIqjiK
196 BGoAdCv5cbhENUjS71x0
197 f5oAe9dxqBMY1bN3syiu
197 TE3KlCaiDILMp9Z5cR0x
197 lWnrkA0TB5XYQgRLGMi8
198 CcjsL6OUI7PwAeThfm4M
201 CMWHecLwrpAPED3lqk7F
201 yYFWNlZVaThJx9REDe50
202 yHqImZGd6APh2JEWNt0n
202 Dw5btsGrfqj1TUKolkPS
202 7cHfXzNK3Gy1STLvj9DP
202 8odhX5zPN7wCiDlyJtqG
204 T7iDuBQl45AJsarwULVo
204 PKWyJc3FZLs9qpEmG7bj
204 uCGfLUQMrp8DseaNq6oy
207 o5WmQ20NlEkAMJTbPLR7
208 Fa9RJi34MwKLVSvAOxIX
208 BDxFYmfM0Up4nvO2ceTE
209 LIwCNeqVch38TRrJExPH
209 yAhs7HtkLB8XdN9KoV4f
209 lIXLRcxNKp7wM15BUZDF
209 31Fk7PNBpaIwJsKShVmG
210 uXLaC7WeQsxO928fpRrZ
213 O9olhkDRGCZf7Jv5xzyL
213 umXfA58dcgR6CJFwWMZK
214 fka0RFEbv79gTCzN2dj5
216 E5acX6vFlTgnG1HrSmtj
217 RCwUZ59Fy87WJTsgcHou
218 X3TwsgrZHlWEACziD872
219 yTA7q649bacWtRPGOgxf
222 KeAWULy2mJksxGodMHlP
225 jSN0M9kTy6vfuPK5DC1h
225 hRJkpVBbHZS6COF4XwYj
226 4L8oVckTsM2JRQ3O57Xx
227 Zy7bsQP0iIFDh4XkvMfK
228 bf2uS5hryRjMZYeA0U6G
228 wCuTHWUh1eFMgVGsDjz8
228 4rKcwuXQpnbYA1diHe9y
228 RW3T0rVJAdvqZ2Hwi7Eh
229 Vl1IhZCA5cgnjmHOGR7X
229 5aRIhnc3VAJ9Yq6SsxB7
230 JPwIERSvtyYqX32akpmH
232 XFvE6UJ5TAilR9hpbsOt
232 2uyDSvOQbifXcpBUImj6
235 ojLHimFtk1PAcQyDNK7C
237 9vOlDmUCxWEGit2Y3jk6
239 LM9FQAETOcZqd0YkHWgD
240 2DtpHFT3oNXGd7MUSPsL
240 dDrVXghmA35uwl2szfky
241 cEAUzGCOrIKJ1ayuxsnl
244 EkyWIfiAJV8mtB9UcYLQ
245 uY9Tm7CR1MSIE38lFxiy
247 kw3utZ2485oILdAYGnhF
248 sUDWemF9qXvJdzyrR3hw
250 EU6gHTvn9Dduiyk1b25X
250 MdvUbhZlSm8RojpTDLns
251 7XgvGf1rCNWDnHYeFm2A
255 OUxdN5m7aVgulBXrj2oy
255 9EtF3YUNaWnkIoizjOMf
257 GWftIzs2ZHgdUOvuipNo
258 vz5P4UMNyAtwR0JhCilT
258 x0Qz3hBtvXp1Ui8rmdcl
258 urjwRUHgP9hZzFEO32Tk
260 nDlLQB23aMi96e0PVAoj
260 CWX76Nu5KTnYpO3yqev2
262 TmYVb6frLn0FDJ3iAvhG
264 LMRWpd0tfKDk76umyQnS
266 kjJlALc9ErFMDC7noOwT
266 VknpolxHhjf4ZWw5Ubdm
267 N8hXjwy2YfBpKQvIMmkP
267 DStEanIGNuex0KU3JF2o
267 OIVPfuqM57BS3vzoXAn4
267 SHOjMFoxKDJzh3Ycq0uk
270 cqr2lgTJHAPBwCfMdvmI
270 t1dIv4cOjFgb7lzHGUTM
272 BZawYO8hVjziAydUr7So
277 kIAyE8tmlRB36HTeLpvJ
278 pxS9TqoBjn7r6lCs5uLh
279 8BoIMrk0cax3wY5t7KLp
281 teQrjkuDITmpFa8qV7GH
281 1L3Z8rzltF2TQPxMKkOR
284 UF6vdrAXcksxMLNmZH7t
284 RoTuUJVyqH9e304F5Wwc
285 wPlt0QxLWXRGaph9IkTE
286 mIh20EXMpSRA1nzvW3NP
286 mN4AoLSGhxsFMvCjVgp1
290 hUeCE3iGyPLkWpnfdV1q
290 TdYzhvAcKVw3r5lJBb2Z
292 eBfEWdD9RV2yIsO5z1Ax
292 oZ0ru5DOnUtKWiJIBEg4
292 EsWiLa32bOlVDJUqwKkh
292 5eQsKkHF1wN8gy2fPDJ0
293 3BFfauqWRA1V6kv4T8JQ
294 Bw1jqHVE5YlPsZzTuxRv
296 9qKt0JiwsFBfEA8TvYHQ
298 b0I8mAYqKjcGZHi3OSky
299 xrTjfzulydsiASW8vZ7F
299 D3OjiGfykhPpF5MN7J8g
299 K4yqPtbCLlRvzr5jE9uF
299 oZ4gi29MKnQmYdGR73su
299 5xqYstkLbUoVrzauDXlT
299 C2hDbosTG6jzL5Q381c4
300 09cmCJe5giAoQrkNYnzZ
300 kjqQI83sMNceCU7XzrdB
301 thfgRyWHlojP6Q5cNJCX
301 OcerHuasFNfdMzqwDbnh
302 gt4bHZmknPDCq8eMz2VA
305 Tiy9HtXjNEA8K0J4pzZ1
305 pDUFw8k5TlxAg1aNdj09
306 qREH9nczj36TVsB0JO45
306 e5jVoZNxqRfAW0ln61mQ
307 oEvatwYeWg5jTCci9uG3
308 9ca2wxfg3KW4eDuEh1yF
311 F95qfpMNX1jhtGlm6e0Q
311 pTjswJF5NcA7dlxrZDfP
312 UJHaGVlYWxTDL5sqk6u8
313 09c3AaLT5WXitbm6xUOs
314 juQRXmH8yYabqwKrT4nA
315 5kaXW7cS1Au6xILtKPHN
315 O0UYhgrwF45xcyGsIC2V
317 arLgiJDd92cxjtYmPp5S
318 am82ANw7enLEPCIr1XFD
320 Rn1tLxG8q6Yf7IU3WXH4
321 3za4ewm25SFxGt1HhOdQ
323 7i3uFtxKHERasQp6ObZl
323 DboGMr8QOc4q9txJU03w
323 wRJHArDF3XKMBjkoWgCp
324 hAQHZSKgUlYp1LJakfFd
325 60oAi4jvsHa7CJNyrI1L
326 LqnXCb5QYwsT82oDWUGd
329 a81UKzFlwv3EZebPxC64
332 4keviQZdtRILFE0b3cKD
333 V1tTfpvZDAQ9JqehazlK
334 6oZVfuqbwX9sNkjFlpLA
336 GsvpngYIwmQZbVqXR4Dh
338 Tufbes4g7EjQZrKGOyIH
339 0G9ecDyuQEIstYALBSHP
339 U97z2YCZI0XLrfMVFkBj
343 cASXhiIlnztwv2yHQr5P
346 0jYaIywQZ97EzxXWsrHS
348 ZpQfaJ1rLRA5HDlzstm2
350 3q7newvlprRbmQX6Z4P8
350 hib6x2UfC4sYvVdI9ul1
352 O2iMHeT9SANqUWd63wCB
354 eSz314ky0bjxfhC2gYV9
357 l32QpAfeFWB59DTVxIrj
358 O4Yv7JSgI0rUwyFDLbzB
358 tHP57UK9EZBxjN3hFbL4
359 oevcCrl0n9TyOzHwbGiB
359 wFOAV4L6Mz2rxiBRSsvn
359 3jhmW5XsqLRui02DBEwC
359 5zeoFxLEtQISbXy6lAcR
360 4CPc5YdhNgRl0a9rAFq7
361 4yGn89wuJkhADr5sivQ0
362 sLmdWYu1vVh0jpMBJlEk
363 uKgIr2XdoE3zeiQ5JLb4
364 8CYxBX1TGAZMngamowRW
366 415ZiTbx0YwhkDVp6yM8
367 2CbPyeGfFVOwTzrQpLJZ
368 B0W3FPZnbAGsvgfw6iQ2
369 f0N3nu6SA2t8YMjdmZhE
370 DmGRoxAOQS04ih6LuHVk
371 8XMBPpG15vU9jKHDN4SW
371 dv3LOZrVEutnlgMC67BI
372 o2EqdD6Uub5mtJs0PLQv
375 Rjpy5eqEFDHma620tVrW
376 JIeqG763VBsvpT2ma5Rr
378 DchoSQxp8qRHNr6CsyUZ
378 iUH2pc4ZMRVxT63OLkXy
379 vlTj8JcnyURH3m1dbOp4
379 ElKnBAz8xpM4G73Hkq2O
380 NByA1GblpSgPKiaQnuRe
381 1KGeJL0VCqrEclRvtihI
381 EfY4CLKoNg89tn0SQlDA
384 3mqOYPpkue4T59A8EbIK
385 TbElOnpL19xIevg2m8Xc
386 qgK0UAF3QYJSTcbyedIm
386 GlnOuTt9brHDjRFCpcV5
387 disLZM7SUPu4INBYGcKm
389 Ue7Eqhlm2SVnOXc9BAZP
390 KWt58V40EXvqHcf7PD6m
390 OgHVi3xyqfmG7NZn5IDF
391 F0eME8DJrwK73qSPLBRI
392 R4gMALu8ZhFcqXVJo1YP
393 suZKI0pUHv457lfnG1kw
394 1OFGIzbeAXlSkPDVQK2C
394 WYvO4mojwrPl27HnFDxi
394 vIYfL0xdlzuqZ9XktwiO
397 5mFyqUfjCRV1LZDJ9Sg3
397 tEULln6erQJg2HThM1qN
398 EnO3VSkfYp0981zBe7TD
398 McBDCf8SLIbhunt0HkyJ
399 nVd8CDauZjHJFmPytX2Q
400 kFzKCOqBuribdhga1pcJ
402 Mn1SfpOB7A0IvHJYaZRQ
403 HdPTxug0D9qjKyoGR5E3
403 VZGIYmA5Q0ELk8WtfX7d
407 hNFLtToB1Jl0PDVdgaOS
407 whJ0mq1L4WsFDKPEzpXe
407 sIGkCBK4iLnJUW7uMZQ6
409 gpsIBk7M3RutD49Ah6ew
410 XuvkctwMPBH7oATyLFpd
411 Q3t5e7SE9zIlkrjuMYbJ
413 IPadkhMwVfL8OgltbY9y
414 mlyG8OIp2Jt0fqFZ5UEn
415 0lW8b7jM64CFPZdKqzt2
415 eLjhgdHAyiqaUN69fV72
415 psxrBiy5VaNlK4Yd9HkF
418 mD3CqWI7tecdMGa0fvij
418 dsZbySVlHkT6vfjiEuoL
419 bcYQ7dnXv0EVt63yRxIu
423 pCJ3uQBv1WXeqROcb7Kw
428 mNpAnTwacPz9F8jogUCY
429 s4EZxbvyG1MXYq5zjW3B
429 xM7WkRniEFGdyD8wvVqo
430 ZDGVCulLQnd5R0iFKwWg
430 IADau62yEpVvGdqzUSx1
430 uTlBr6pmxk3cbGnCJt2e
431 Y5EItMviR8BF6kOpxDfS
432 kWFl02IX8rMTNiK4mU6R
437 bklgGT6Fns8IuEwHpeJy
437 PhZIwiyovtejDldLr9UQ
439 JoBK6gYEbyZ91vFhxakd
439 gqfBsLiAdobWytmulr8e
440 xvG4MLVzIENSiKrOAnTP
441 rJjOekv2uXNlLy87Epgw
441 rCKMBQ6wSmZ4VtvPIgpf
443 8QshTJ7ljNUuS4OR6wKe
445 kBnYc4Rw0fvgAQmKMpHI
449 k3FXeC879VthiuNDr6j1
450 bPXg3VZv12Fenx8B4Kl9
451 s1TiFGOUnrJLYCzKtlcE
451 RLAGNHvYliS15aobmDWu
452 xn2QG5sZm0NfaO47LlM3
452 2mf1QHe9p3UuvxEt6icq
452 hgYUG1bHtTL036iaQyJx
453 8MgHV2dZv4olXK1RSsb9
454 bwl2ikJhTP5ZRmoDyt7X
455 rA7zcLWPvXOgU0xnBipu
456 x7ycwhLGuUfkYKZRepXm
456 eRYVwILxtUgSWT7mDQGF
456 pzoT0MY9arJhsVXwBR3C
457 CWsg18RHDXUVbLMTat05
458 INZtCVFUObhWJvqs7kxy
460 KtFeJ5irOwMaVGCIX1m8
460 lApVPjZ8KdIkviuty1w4
463 4IVSMu2awyr3PDJtvB8l
464 VzgZ8W2HbhNeMmS6YRPv
464 fhN7ZE2RIrUOMwoiY1tL
466 lHBUbMY2Og3GST0NQxD4
466 Q5bSEylpToVdawqe3DAL
467 nCGkeABLdwa4VhM0T9b5
467 Fhw5qZMCzT6ExOp32aGQ
467 X1AQZHJan5iek2WwSgRP
468 knzHy4u8tZe0pIxYNb7d
469 ytvpXbDi2UaQWzmJG8OV
470 5eL3pKH28cf7MjraizZY
474 5mLOItNdq7P89oMvhc1u
474 I17uDYUNmPon3B8GVphg
474 GzTV7XFSmtkDxnyOLvbA
475 GMIzKaC7Jp4UhXqLxuwQ
475 TbfANLSug4srVlx8W0C3
476 RzGBySQnlkIJ4M7tXPHx
477 O3qsgAxb0aXIoUE8kBQr
478 8Yq2ndo3iAmMKs5atDW9
479 1eOGW9adPoq56BTC7cvS
479 jPlyIaQnUL0ZFhemfYVD
479 FnwLZsq1g0KS4uHa359r
482 qlDLY6eIUdmuZi51bgxC
484 L3SJIkXG4VUixQwHMje9
485 XAH6zD9SN0EZbp1fygJT
486 AmFBDvV7SLc2yP4gd1KH
487 A5BymxLqfuK7DEw4tPUg
487 kJqQnhIa9XrFxO2NAlCf
487 AmhesRZrJflLnSBjiHYu
489 PBcxrDk8OL2S5F1U4JaR
490 pER4oImN8JYxhbZnr506
490 vmXPeCplzfNgTBk2qWU9
491 qFfLmb0VHnWN3GBuTKga
493 7SfmIi4g5zUc1rFA2phO
493 dpP7FuoG0WOJeTVIrsfD
493 n2SMPTvfyhOpU9itqEox
494 iPpg5B3bf4nAu8ELcHz9
494 t0dzW59CbDMSpiNVgR3q
496 7SfhB2TNEY94Uly0mwFn
497 xYltAkDcC6zXTQos2Zyr
498 wxRcbBIl5S1E9aADzKvG
498 jQPzlJUd5LK14xODT2Wu
499 Wi5RkYvUBjHeuEgT7wOq
500 EofRsHqUBn34XCJAjW0w
501 HfmnbRlFKQ7kcLxXY6IJ
502 l9471zMFptIVG6YgX2ZP
502 Gcu4FgsKl3IR5OT9YULd
503 OSUXRw6WFVbLfzr1Cnuo
503 dB0OhFRf1LimKk5p3DSb
505 lQBLGE3DAtyZRgumnNq6
505 uqcdS5jOb08RkL9eXUp1
507 Sw9ciOIMe20qv3xkG8hP
508 PgnC4J6t3AvSzr7oucTG
510 gomNbfZ4B2ncYr9Mlue6
513 ImVPjpiWyT6GJf1an4UZ
517 Y1lZnKUVuoB6fvjigM7q
517 ndPx1ZD6oBqSc9NpkLtC
518 wXk87ZQTBUKlCP4jn2vV
520 vwI3frnJotS7j9xh16ua
520 HErP6cAsmYBvTXkG1ChU
524 A26g8SXWLPKzFqikwsv3
524 QsLh257flEtpjIw9k3Ru
525 hBjiz6pwTcMqrYRCymEG
528 QTMKi1Ce9kwzFIb08p3l
530 VpFqUZ1RDlrG4T9IMXfc
532 Z7F9pIdDxEGB8ik1qceS
535 OJU5nGwXYav1AHTSMreE
536 1kdliXeg3ZFJNqUsxGOy
536 qIJikNLpjSnKW9Av1ToP
536 t59KVdJMNau8smjClhEQ
537 qlNg40oFDfRmEaLVsBwQ
