mJDfVHjWozauy0gI4MxF 
EsaRUtYDl3iSbo5GnNm8 
xYXiota8KL0w6ZDM7Tmr 
xYXiota8KL0w6ZDM7Tmr 
EZsUi5l6yrufoa78hGOC 
xYXiota8KL0w6ZDM7Tmr 
EZsUi5l6yrufoa78hGOC 
xYXiota8KL0w6ZDM7Tmr 
xi1bBSO4EuzvdK3gJTRk 
xYXiota8KL0w6ZDM7Tmr 
EZsUi5l6yrufoa78hGOC 
xYXiota8KL0w6ZDM7Tmr 
EkOnVjY073Ft4RXHTaws 
EkOnVjY073Ft4RXHTaws 
EkOnVjY073Ft4RXHTaws 
ESZwYMH8LUkTB1XOrA3f 
ESZwYMH8LUkTB1XOrA3f 
ESZwYMH8LUkTB1XOrA3f 
ESZwYMH8LUkTB1XOrA3f 
4tOsVbDSvp8N9FqQufel 
fphjmVK5Jq60Gi4ARZdW 
fphjmVK5Jq60Gi4ARZdW 
fphjmVK5Jq60Gi4ARZdW 
fphjmVK5Jq60Gi4ARZdW 
dSBUny7zGuoKFZaQErMY 
4tOsVbDSvp8N9FqQufel 
zpP2a3tc0i4yjk57Ruxe 
zpP2a3tc0i4yjk57Ruxe 
4tOsVbDSvp8N9FqQufel 
4lQXzrwH8e73dYnIopu6 
5rQSXJvAecqHB1TxlYMz 
4lQXzrwH8e73dYnIopu6 
4lQXzrwH8e73dYnIopu6 
pD6ie3NQcrA4yz12bEht 
EUjJxypPmVIXOHBvhwCN 
Pc1nsj3gb0YlCIvU2wFN 
EUjJxypPmVIXOHBvhwCN 
hSnsPLEjQmkR9T1wZird 4tOsVbDSvp8N9FqQufel 
EUjJxypPmVIXOHBvhwCN 
V1vIi02plgdmALhy5qsK 
qvPt4GsUlbuiX57YFmgV 
gzYHsIKaMiWTpZyoCJm6 
EUjJxypPmVIXOHBvhwCN 
gzYHsIKaMiWTpZyoCJm6 
1A2FyrCqskH9cIfUlEKw 
BqcsfC5p3XSjieHOvYQ0 
BqcsfC5p3XSjieHOvYQ0 
gzYHsIKaMiWTpZyoCJm6 
efi6Lk5jS1lGzqYKZMcm 
gzYHsIKaMiWTpZyoCJm6 
efi6Lk5jS1lGzqYKZMcm 
BqcsfC5p3XSjieHOvYQ0 
Xngv72L9hrHRawKIEcCd BjcesntuR5TIlYJ8rp3M 
Xngv72L9hrHRawKIEcCd BjcesntuR5TIlYJ8rp3M 
ejzO3QRr8SELdvCIBm1D 
qvPt4GsUlbuiX57YFmgV 
4tOsVbDSvp8N9FqQufel 
o9tCNnRJlcQIf47FTwWm 
o9tCNnRJlcQIf47FTwWm 
E4me7yBFpKPAJsrbgR8M 
o9tCNnRJlcQIf47FTwWm 
qvPt4GsUlbuiX57YFmgV 
j0cEem5vYBNnHzXU2Quh 
j0cEem5vYBNnHzXU2Quh 
o9tCNnRJlcQIf47FTwWm 
ZgtdriTINejH8MEqy6Ra 
EilZ2BDHbxPgyeWS8hoj 
Zj3R1FviIYoeATswHDG6 
Zj3R1FviIYoeATswHDG6 
v6jiF3zoSlQtdhHrObsT 
90oRTVhLy3JMp7ekvZ6X 
KPjvGdiSHgn8rDyXl6JU 
OjadzQAwly7pDkSxbEMC 
IbxuW1ZaFHAkBENfKMSz 
qvPt4GsUlbuiX57YFmgV 
z46LIbT1A9ZjmqvYKaog 
z46LIbT1A9ZjmqvYKaog 
n7dfYGWJOrtQTV0yqjBs 
o3pBtM8JTYwOs7QlKISN 
LPQVT1AIbaUDcv4WYJH5 
UJ7lcN4bRqfWK2YzynPo 
n7dfYGWJOrtQTV0yqjBs 
v6jiF3zoSlQtdhHrObsT 
n7dfYGWJOrtQTV0yqjBs 
jKCMJPst7FObIGai6XNU 
n7dfYGWJOrtQTV0yqjBs 
7WDzI2ECTGmVHfuXrcNp 
monhfIy93CicRa56wxJT 
v6jiF3zoSlQtdhHrObsT 
n7dfYGWJOrtQTV0yqjBs 
7WDzI2ECTGmVHfuXrcNp 
7WDzI2ECTGmVHfuXrcNp 
ouwQyqFS3sND7hCl69HJ 
TDpr7EkNuJ6Sly5gVv8z 
wcWdZzbHy4jTuEneG0Ir 
g8qiNnAS5l1yQjJYc4os 
TrkuzmaZNWj2qJICDOcB 
DiV42RZuf5rKLptQdFIs 
BIKc4YEwvPTayOC0j8dW zBQaeVODA32nRHUZK75x 
PHugS0t5OeUYxBsFi6lz 
BIKc4YEwvPTayOC0j8dW zBQaeVODA32nRHUZK75x 
TrkuzmaZNWj2qJICDOcB 
TDpr7EkNuJ6Sly5gVv8z 
DiV42RZuf5rKLptQdFIs 
g8qiNnAS5l1yQjJYc4os 
7WDzI2ECTGmVHfuXrcNp 
t8ZGXJvhANdULpTiC5VR 
TrkuzmaZNWj2qJICDOcB 
t8Ky5JjaFvQhNXguDGsW 
DiV42RZuf5rKLptQdFIs 
FcnfEzvpqB3iNUVSPloT 
64Km9spGSHox2FYEhUjO 
TrkuzmaZNWj2qJICDOcB 
Vlsj8HgCbU9KIyh2ixpS 
Vlsj8HgCbU9KIyh2ixpS 
64Km9spGSHox2FYEhUjO 
g8qiNnAS5l1yQjJYc4os 
zBQaeVODA32nRHUZK75x 
fKX1SnmIq2vujB8dki65 
g8qiNnAS5l1yQjJYc4os 
7WDzI2ECTGmVHfuXrcNp 
DiV42RZuf5rKLptQdFIs 
TrkuzmaZNWj2qJICDOcB 
xQ15at879MIznNjpB6r2 
zBQaeVODA32nRHUZK75x 
31BjXHEKMw6izrUSZc59 
8v3KqsdptXJymFgzNOMj 
Cg0cl4faEDr1WHbdexyq 
hUodqyFQCisWG2TOgvnZ 
Cg0cl4faEDr1WHbdexyq 
Cg0cl4faEDr1WHbdexyq 
r6eRvZzDYjtbGwVcfXBO 
r6eRvZzDYjtbGwVcfXBO 
Cg0cl4faEDr1WHbdexyq 
Cg0cl4faEDr1WHbdexyq 
LHAUKaI39cjBlGdPo61C 
FpbEXsqinPfBDSYCcaOm 
mUSWcRtE7ZnrsliJ1LH6 
mUSWcRtE7ZnrsliJ1LH6 
r6eRvZzDYjtbGwVcfXBO 
bJemL3xQckDBACPO8hHn 
2A8sqNygPe67bz5aKXnI 
yRY3Px6Mu8ajbfB4epzI 
mUSWcRtE7ZnrsliJ1LH6 
vGnqhuXztlbwrPHxJD1V 
VCY1lrPNpwJTsjUnGSuA 
yRY3Px6Mu8ajbfB4epzI 
0RZpAD3lFz5riPyUKJV4 
TH9iUz8NvKwM4mjLOoZt 
AHrlp9L8gT0IkW5mYaZ1 
8v3KqsdptXJymFgzNOMj 
8v3KqsdptXJymFgzNOMj 
t8gXYpHwyz3fJRG7lUMA 
2A8sqNygPe67bz5aKXnI 
uyKj0poAnQrb7TzE4GML 
rwDqfYZGRzObJUsFcpo1 
VCY1lrPNpwJTsjUnGSuA 
yRY3Px6Mu8ajbfB4epzI 
8YyDRQ40lUE2CGSqoVwg 
8YyDRQ40lUE2CGSqoVwg 
OKIu5bAmFdVRpH6cXniQ 
0RZpAD3lFz5riPyUKJV4 
0RZpAD3lFz5riPyUKJV4 
p0MrVKBjzd2OQvfelSyw 
OKIu5bAmFdVRpH6cXniQ 
rwDqfYZGRzObJUsFcpo1 
t8gXYpHwyz3fJRG7lUMA 
5O8kRhF7SVn6ZciNAQpK 
OntqrFd1VeoiTNZHa7mf 
t8gXYpHwyz3fJRG7lUMA 
Bez3n4wLP2OKvWX5doEM 
p0MrVKBjzd2OQvfelSyw 
p0MrVKBjzd2OQvfelSyw 
t8gXYpHwyz3fJRG7lUMA 
t8gXYpHwyz3fJRG7lUMA 
5fB9r2DLxTEbXYJPQ1Nk OKIu5bAmFdVRpH6cXniQ 
W9qd6BjNywOukpchXDaA 
UKVmrAtsxyIZYibBL1Gd 
UKVmrAtsxyIZYibBL1Gd 
INq3LwG6FZiB8dsOyR5U 
5fB9r2DLxTEbXYJPQ1Nk OKIu5bAmFdVRpH6cXniQ 
UKVmrAtsxyIZYibBL1Gd 
eTNPvC2adODnsEyfm8Vh 
LeiyVGjPvECJWg5pdXh4 
OntqrFd1VeoiTNZHa7mf 
6wjxXH3RhaUrQBDYVP8g 
VEQWKlp0Paqt6rTyNcd1 
qZCxhPr9U2lAVzJuXe7m 
6wjxXH3RhaUrQBDYVP8g 
kwM0oypuNHxzImBAshJU 
kwM0oypuNHxzImBAshJU 
eTNPvC2adODnsEyfm8Vh 
ABQIbWEctTVsnfZL8Heo 
qdeInNCtyuw8DkczoS4i 
nlo1BKGyzkJmM6hW5aqi 
kwM0oypuNHxzImBAshJU 
qZCxhPr9U2lAVzJuXe7m 
nlo1BKGyzkJmM6hW5aqi 
UKVmrAtsxyIZYibBL1Gd 
UKVmrAtsxyIZYibBL1Gd 
G4IQfaejnNUAldc8LqEb 
kwM0oypuNHxzImBAshJU 
TAHUx6BsejNXSEwOrk4h 
p6r84UIGeBOZtgs7mXEf 
MTcWlFhq6dV25iXOSnvA 
TAHUx6BsejNXSEwOrk4h 
TAHUx6BsejNXSEwOrk4h 
MTcWlFhq6dV25iXOSnvA 
G4IQfaejnNUAldc8LqEb 
XiyLuKF3Rqhm2z4CoeMW 
VNup01sfhSkKainbcy8U 
5nuosE7ygPBQD14AZ8qf 
p6r84UIGeBOZtgs7mXEf 
zhLmu3WqQ8nXBxrRsjo5 
GISEFeHKMPd0bTCslV6z 
4YhLrm3QnCdJoFHp9ENq 
0spRQLj2zVm1T9Z35gDq 
0spRQLj2zVm1T9Z35gDq 
kzbwVfQIK7XBSOvLpCUg 
0spRQLj2zVm1T9Z35gDq 
kzbwVfQIK7XBSOvLpCUg 
GISEFeHKMPd0bTCslV6z 
QJmb6k7UNq0ZCdv2ycnf 
QJmb6k7UNq0ZCdv2ycnf 
QJmb6k7UNq0ZCdv2ycnf 
QJmb6k7UNq0ZCdv2ycnf 
GISEFeHKMPd0bTCslV6z 
yhY2oqZC58RzK7ig6rem 
oJCWLVyuMBvxcblHwPTe 
oJCWLVyuMBvxcblHwPTe 
QJmb6k7UNq0ZCdv2ycnf 
d7sOPuCpqaL3MmkTegJ9 
cDqvW6QdXxN8EYaGfAKi 
GISEFeHKMPd0bTCslV6z 
orIkQcZ5eKCuYnsA682h 
XwOiD7PE8fNtMhv9Lcos 
dQgkU2xr47pHNthem6XR 
XwOiD7PE8fNtMhv9Lcos 
1tmSuaB8M0QHUi3AcpRr 
omiH6Qlg5XRwp312yMFN 
omiH6Qlg5XRwp312yMFN 
mwWhf9FTZMqXjbs3cOu5 
gvCmk0zdLOHN3luXhrb2 
mwWhf9FTZMqXjbs3cOu5 
a6cV4KB9PhsmCe785tI2 
EQzdnykvi9YebBo35Xtj 
dM3xShtX6Egu1eAk8Qoi 
5mPTlurbVkKa1CR6ZYDd 
5mPTlurbVkKa1CR6ZYDd 
S3IdPTRBp5c6lhgostfM 
S3IdPTRBp5c6lhgostfM 
PrLR0a6wI7fECnW5YUuc 
ofdkVB1R0vZHblhUeFpY 
a6cV4KB9PhsmCe785tI2 
a6cV4KB9PhsmCe785tI2 
NerRd6ShEDYHawCm34s9 
SEmJonadKbCfGXPu8RBv 
b4f2qaCysNvjW5SZl9ph 
b4f2qaCysNvjW5SZl9ph 
aA6TyhIk80FKRONb9X4s 
aA6TyhIk80FKRONb9X4s 
JsFXeCkTxyGpoVY5WqUb 
JsFXeCkTxyGpoVY5WqUb 
JsFXeCkTxyGpoVY5WqUb 
nMYyaQbSj5B12oiDzOZL 
Myvu0lmL6gjkxVR1dDet 
Myvu0lmL6gjkxVR1dDet 
3Hevq4alc8LzpukV5KCd 
w0ZmtO2d4qJjGsPvLzco 
NTdDhkLFHsm7pqG2Ioye 
NTdDhkLFHsm7pqG2Ioye 
NTdDhkLFHsm7pqG2Ioye 
NTdDhkLFHsm7pqG2Ioye 
m8qgIKVwxAk2fZ1Xup3n 
aICAeGnpHDN9skyBxr7w 
m8qgIKVwxAk2fZ1Xup3n 
gsr1H0VmSREAO93wL5lF 
GkBZQ0H4xujJTf2lbSpV 
r93PXBTgaqnvfO1VGkYC 
Alvgo4xTa1U9HOwfbYp2 
aICAeGnpHDN9skyBxr7w 
aICAeGnpHDN9skyBxr7w 
aICAeGnpHDN9skyBxr7w 
Alvgo4xTa1U9HOwfbYp2 
Alvgo4xTa1U9HOwfbYp2 
aICAeGnpHDN9skyBxr7w 
aICAeGnpHDN9skyBxr7w 
08rBJ6sxVkQpIdUcC7a2 
asmH5wrU7FzcGKvu8dEy 
