pSlLwtZnUF0Q7rbCVhum 
L2DBRYlKIfAgv83i7wrF 
L2DBRYlKIfAgv83i7wrF 
UytCOMvZnIbiD2d47uh8 
L2DBRYlKIfAgv83i7wrF 
BwdVR3y15FXlqMJfsot0 
y8COrzg0qIuK7SdQ1NZt 
3GrvSnaIgRpqPjlebJDN 
y8COrzg0qIuK7SdQ1NZt 
CtmGJ84yFPhuVo9c05Yp 
CtmGJ84yFPhuVo9c05Yp 
cKOm9wP1LbXn4AyEQ6hB 
cKOm9wP1LbXn4AyEQ6hB 
Xi9fnztFIEQUZN4Ge2pv 
Xi9fnztFIEQUZN4Ge2pv 
Xi9fnztFIEQUZN4Ge2pv 
y8COrzg0qIuK7SdQ1NZt 
CtmGJ84yFPhuVo9c05Yp 
unCt3ZlRiENYdq0rPeFb 
unCt3ZlRiENYdq0rPeFb 
unCt3ZlRiENYdq0rPeFb 
hKt8QNFSg6i1zd5Jf7kX 
unCt3ZlRiENYdq0rPeFb 
gPCAv4hTwWi0IjaXELMV 
DOL0hBngQbkMHuAZ3mYK 
sYQwGA01XtiV3OlfJ9Fq 
ZRAHj3wdEJPa1xmK9nqY 
6hWljpuQsRxZ8YLFBK2y 
hKt8QNFSg6i1zd5Jf7kX 
unCt3ZlRiENYdq0rPeFb 
wLtqIZezMCah6n5yUGsD 
DOL0hBngQbkMHuAZ3mYK 
0UpuYE59voIRjBKX4wTA 
qSuRFGkzwb0ZlHnQBhLE 
sYQwGA01XtiV3OlfJ9Fq 
wLtqIZezMCah6n5yUGsD 
1tAd8vylkqVYMpC7mPSI 
5teosyNWhuPvCm7ardE6 
cNr5a7EB6AwkubGZxKP2 
wLtqIZezMCah6n5yUGsD 
0UpuYE59voIRjBKX4wTA 
T9AG4eRqvOnomi1N0zU8 
gPCAv4hTwWi0IjaXELMV 
wLtqIZezMCah6n5yUGsD 
aDMdstemSZbwLAEo74jX 
VKpDI2nmJiYNksRj0ct8 
6wZnI1p2y5akUulc348v 
KWZiR8EQprOX5tHB0SJP 
PzGmvq1ji0yHK5bkLMS3 
VKpDI2nmJiYNksRj0ct8 
KWZiR8EQprOX5tHB0SJP 
T9AG4eRqvOnomi1N0zU8 
wLtqIZezMCah6n5yUGsD 
0UpuYE59voIRjBKX4wTA 
pLPCHyX3JQR0res5ATG2 
pLPCHyX3JQR0res5ATG2 
6I2jvUnzOgRF0Gte3MAf 
vXMKzBIpSaeNfq3mRVkE 
pLPCHyX3JQR0res5ATG2 
pLPCHyX3JQR0res5ATG2 
pLPCHyX3JQR0res5ATG2 
XExhk1jQdYcS4GOrU3ZL 
JjEcmfGhrqo0kp7wAPF9 
1bjhU6mIYeMGR3W8Jp9P 
1bjhU6mIYeMGR3W8Jp9P 
Tr8SankKGhYctzAXp6R9 
WUjFPNJARxh6tgo4XL3Q 
aDMdstemSZbwLAEo74jX 
ajisNLM8w94Xcq1AdJSO 
TiQqPah6sXHW4vrGg1OK 
WpsR4xOJZTtrSdPIC2jf 
WpsR4xOJZTtrSdPIC2jf 
ajisNLM8w94Xcq1AdJSO 
1LJ3exrg85HpsXTdIfuK 
91bRpMBSW43FlkahOXcv 
SOuQbTnHrEiXfjWk8Ge5 
6I2jvUnzOgRF0Gte3MAf 
O8oznxFLRsqHUmEtiDBP 
1LJ3exrg85HpsXTdIfuK 
UC4XOvxrPH8taecl1dRY 
ZHMB72pLUKzF3bYfdesO 
SOuQbTnHrEiXfjWk8Ge5 
7fylVaTtcuNPOH8oLkxh 
O8oznxFLRsqHUmEtiDBP 
TiQqPah6sXHW4vrGg1OK 
HS45CoBNVWlPAU1YZqfG 
SE0UDGvn3VcWqbBhjpCR 
TiQqPah6sXHW4vrGg1OK 
UC4XOvxrPH8taecl1dRY 
8UJDdliPER7qSrMLXv1B 
8lh1jALgMs9276QKbcaV 
HS45CoBNVWlPAU1YZqfG 
aO76G24vtz9XpjmFsQCZ 
TtgZePdF4GJWSqf5vsU7 
8UJDdliPER7qSrMLXv1B 
V51FSjiHdUwCtNvPXsaf 
jraVTwcksFUB87p0PE6A 
HS45CoBNVWlPAU1YZqfG 
TtgZePdF4GJWSqf5vsU7 
Hmh3ixCRQvfcBIwrd19V 
mWR4hGpkrwdv5iOFzgP1 
8UJDdliPER7qSrMLXv1B 
I6CfjxQ7YbkSwDlFqz03 
QwORI1W78afFBHbECzAP 
QwORI1W78afFBHbECzAP 
8lh1jALgMs9276QKbcaV 
mWR4hGpkrwdv5iOFzgP1 
QwORI1W78afFBHbECzAP 
LEocRNrzkpylaFSnQUm9 
Hmh3ixCRQvfcBIwrd19V 
mWR4hGpkrwdv5iOFzgP1 
LKJvw09uI4RdBlVeDMA5 
IKa1DqFzU7o48HiTLrGV 
J3pYM90s1gNAVXeUjmGr 
jraVTwcksFUB87p0PE6A 
ajisNLM8w94Xcq1AdJSO 
8UJDdliPER7qSrMLXv1B 
CfLqKU1aThm8gix0FYlG 
yMHOQ7BDltvV6sL2U0NA 
he3GSmLBIxswM8uVDZH5 
he3GSmLBIxswM8uVDZH5 
7c92b6RnW3Ug0raQpDBJ 
he3GSmLBIxswM8uVDZH5 
nqpCfxDMWo0EGPXaOQFi 
OgAtUvNWwPMd41kqSln3 
WkgtJKXQswCOcq3buiMd 
wn7yvkFx8OjJoRQML2PT 
nqpCfxDMWo0EGPXaOQFi 
CntR2fXM9rez0Tq8JHDP 
mqwBGrR7ZUJzX1EWvKSV 
YeiA9dKuNyhvOUXxIZgD 
KG8snM365RcfvXhNeF0x 
YeiA9dKuNyhvOUXxIZgD 
P9IXcYoAmZNdvCQn51fq 
viFBgdCpweI3fLNjzAqm 
M7tIngPmiZF0hcz1pklV 
4vcOUW30EzVFAeuZKwCg 
YeiA9dKuNyhvOUXxIZgD 
73vIQg1OGftMNiBdqPoJ 
nqpCfxDMWo0EGPXaOQFi 
M7tIngPmiZF0hcz1pklV 
nqpCfxDMWo0EGPXaOQFi 
PotugkwVnHhf2IG0cs4R 
M7tIngPmiZF0hcz1pklV 
PotugkwVnHhf2IG0cs4R 
nqpCfxDMWo0EGPXaOQFi 
kJcgsy9iQ5oLlqPFCEHu 
Ld9BkVFfUOQgRocb8WNA 
PotugkwVnHhf2IG0cs4R 
73vIQg1OGftMNiBdqPoJ 
0sjRD7QHyeXO1w538ztE 
uqT6eWP3jMzAYUS1yOaX 
xja6rUfsSOXGCHiF8yWK 
uqT6eWP3jMzAYUS1yOaX 
FLWw2Xqr3EbpeV9v7dYu 
L0bdetFW8fYyghkw94Kn 
aNk2RGSEApy10HIfn3Mh 
xja6rUfsSOXGCHiF8yWK 
FLWw2Xqr3EbpeV9v7dYu 
EkKUBa8nMXAt6fCSD9uj 
qLudtUPj9HDNOrFVS8kK 
V8YSzFEBParuNl5sLMOv 
8H6XGznuoaJ1NAsgB5py 
iY7DJIQhBgkl1fOLAcdx 
1d0sJ5LMPV6iml4ArUhQ 
vfUDz5nQMlPCZLGqjc4g 
9dP35MK6hEmz7eSFf1Hp 
J9wpY0eMIk1gEaDZKHCA 
xja6rUfsSOXGCHiF8yWK 
aNk2RGSEApy10HIfn3Mh 
J9wpY0eMIk1gEaDZKHCA 
qLudtUPj9HDNOrFVS8kK 
URctdBjsX1IxTD3lmPfK 
yo2ES10mnjLWIF9Hdwb3 
8H6XGznuoaJ1NAsgB5py 
YTcfNg2kLVEC9an1XhyI 
aNk2RGSEApy10HIfn3Mh 
cmwiCUJ7x5V0eWg4RyLj 
aNk2RGSEApy10HIfn3Mh 
9dP35MK6hEmz7eSFf1Hp 
OpgCGdxFZ6y0KY8sMXHP 
TUN3xLKcIuqYRe6dGv7C 
cmwiCUJ7x5V0eWg4RyLj 
TUN3xLKcIuqYRe6dGv7C 
J9wpY0eMIk1gEaDZKHCA 
1d0sJ5LMPV6iml4ArUhQ 
GegDXSQlbPqAYWk8tvU2 
URctdBjsX1IxTD3lmPfK 
UxeLuPf7RdAGWlgKs18I 
1d0sJ5LMPV6iml4ArUhQ 
8H6XGznuoaJ1NAsgB5py 
kxM0iwgs3tE6znvIy8OF 
jLQFuRoStMarhfGvKB1T 
MU5zhK7nT8m4cDYxjPdE 
2POgUQfEk1eSYXdvb40p 0sjRD7QHyeXO1w538ztE 
jLQFuRoStMarhfGvKB1T 
2POgUQfEk1eSYXdvb40p 0sjRD7QHyeXO1w538ztE 
Kj3aJIxTW4QlBLN1ygf8 
oQx92jXtVesgbJYK8PEy 
qLudtUPj9HDNOrFVS8kK 
IiYHJlzvCogw9Ln6XMfk 
2POgUQfEk1eSYXdvb40p 0sjRD7QHyeXO1w538ztE 
J9wpY0eMIk1gEaDZKHCA 
zL2a9uWyRw5bk70qjrG8 8H6XGznuoaJ1NAsgB5py 
2POgUQfEk1eSYXdvb40p 0sjRD7QHyeXO1w538ztE 
6eSot9ai3pZwERmMq5lr 
zL2a9uWyRw5bk70qjrG8 8H6XGznuoaJ1NAsgB5py 
wzCqn4sWJdPhVl3bLI6g 
J9wpY0eMIk1gEaDZKHCA 
Dqhp1rOR5UgweHTkl3tJ 
6eSot9ai3pZwERmMq5lr 
tuCpmPLHdVcb4SBa6hyF 
2POgUQfEk1eSYXdvb40p 0sjRD7QHyeXO1w538ztE 
Ljr9Vw5hZYpAgXy4Bxna 
6eSot9ai3pZwERmMq5lr 
wzCqn4sWJdPhVl3bLI6g 
Y7SjDnChscVg1pv96xJ8 
MU5zhK7nT8m4cDYxjPdE 
GNJx2ozZwKvkDrH7gQsh 
1d0sJ5LMPV6iml4ArUhQ 
tuCpmPLHdVcb4SBa6hyF 
Ljr9Vw5hZYpAgXy4Bxna 
1d0sJ5LMPV6iml4ArUhQ 
yo2ES10mnjLWIF9Hdwb3 
iY7DJIQhBgkl1fOLAcdx 
1gw0qxrv2bzsktj8K3XM 
zL2a9uWyRw5bk70qjrG8 8H6XGznuoaJ1NAsgB5py 
LI1m5sohz4092dKSiTZY 
QXU6DgTAiK85Y9qj0rvN 
roftV5UBw4SzYDPcCs8a jLQFuRoStMarhfGvKB1T 
3m4UWlpnh0B9atQcKRwx 
roftV5UBw4SzYDPcCs8a jLQFuRoStMarhfGvKB1T 
2POgUQfEk1eSYXdvb40p 0sjRD7QHyeXO1w538ztE 
roftV5UBw4SzYDPcCs8a jLQFuRoStMarhfGvKB1T 
3m4UWlpnh0B9atQcKRwx 
IkwFeN3onPaSlK6Oy7Vm 
kxM0iwgs3tE6znvIy8OF 
zL2a9uWyRw5bk70qjrG8 8H6XGznuoaJ1NAsgB5py 
IkwFeN3onPaSlK6Oy7Vm 
Dqhp1rOR5UgweHTkl3tJ 
IkwFeN3onPaSlK6Oy7Vm 
kxM0iwgs3tE6znvIy8OF 
FLWw2Xqr3EbpeV9v7dYu 
tuCpmPLHdVcb4SBa6hyF 
9FkZf0SNmD8tGWUBexlo 
J9wpY0eMIk1gEaDZKHCA 
pQaYVLmuwbvBcnjlgHMP 
KH3QymxjfI5shdV4UZAb 
IvrsQ8aNBhZq1Efylwb7 
ve2k5OjBuhlyTzGRMfEN 
6eSot9ai3pZwERmMq5lr 
kxM0iwgs3tE6znvIy8OF 
Y7SjDnChscVg1pv96xJ8 
csdhHfTeNlSAJvwkr7Yn 
P3gktBfdHX0aRrAKJzqY 
A6cfQDmgiLhtBaJz03oy 
1gw0qxrv2bzsktj8K3XM 
zL2a9uWyRw5bk70qjrG8 8H6XGznuoaJ1NAsgB5py 
OK0Qcvn5UhVouF6saZLj 
IvrsQ8aNBhZq1Efylwb7 
7ayGUi54zseDj9IgoTf8 TUN3xLKcIuqYRe6dGv7C 
uhSj0dTePE3UxlX6cJbK 
3m4UWlpnh0B9atQcKRwx 
h6KOqYStMCgEodPR8fBL 
A6cfQDmgiLhtBaJz03oy 
vPemhZpr2uSAW8Qnczi6 
3AJokrRTs94ejgnMpKzG 
J9wpY0eMIk1gEaDZKHCA 
3AJokrRTs94ejgnMpKzG 
P3gktBfdHX0aRrAKJzqY 
7ayGUi54zseDj9IgoTf8 TUN3xLKcIuqYRe6dGv7C 
zL2a9uWyRw5bk70qjrG8 8H6XGznuoaJ1NAsgB5py 
P3gktBfdHX0aRrAKJzqY 
1tOZ0TEIPjVbqUf5zuMo 
oQx92jXtVesgbJYK8PEy 
HEdF5qMB78Y3uxA2kXDU 
3m4UWlpnh0B9atQcKRwx 
a6Mp7FDWihoGsb4lzHAN 
yM4YXCSOa57TmGsg6hdr 
Y7SjDnChscVg1pv96xJ8 
InCfWHQN375cTBEMYAtS 
InCfWHQN375cTBEMYAtS 
tuCpmPLHdVcb4SBa6hyF 
ry3ztWq4A6GKnsk5HdTP OK0Qcvn5UhVouF6saZLj 
a6Mp7FDWihoGsb4lzHAN 
kiEJPXxo1KFuvBlYRTas 
1gw0qxrv2bzsktj8K3XM 
6eSot9ai3pZwERmMq5lr 
3AJokrRTs94ejgnMpKzG 
HEdF5qMB78Y3uxA2kXDU 
lvHcLjIpoDRhNd3XESGV 
J9wpY0eMIk1gEaDZKHCA 
dFn16xtrEDHgpOlm3Yqe 
1tOZ0TEIPjVbqUf5zuMo 
czsDJUgpS2QPmFjhN5aE 9FkZf0SNmD8tGWUBexlo 
Ljr9Vw5hZYpAgXy4Bxna 
s1gHeyf6V8YRhAbv5upO 
Ac1CIgEkyPzfUBvnsdu5 
FymIbSL0YezPOwE4K6rZ 
Ac1CIgEkyPzfUBvnsdu5 
2oJkx5iHh3t8e1WmOzAS 
3AJokrRTs94ejgnMpKzG 
1tOZ0TEIPjVbqUf5zuMo 
oMwWJLiaxcCkY0quvtGD 
tuCpmPLHdVcb4SBa6hyF 
InCfWHQN375cTBEMYAtS 
dFn16xtrEDHgpOlm3Yqe 
1gw0qxrv2bzsktj8K3XM 
Ljr9Vw5hZYpAgXy4Bxna 
IiYHJlzvCogw9Ln6XMfk 
6V8tzIbiw259FPvlBSZG 
70 8H6XGznuoaJ1NAsgB5py
298 J9wpY0eMIk1gEaDZKHCA
209 6eSot9ai3pZwERmMq5lr
25 wzCqn4sWJdPhVl3bLI6g
288 Y7SjDnChscVg1pv96xJ8
511 2POgUQfEk1eSYXdvb40p
82 j3TGt9iVfIYUPC7kd8DZ
465 IiYHJlzvCogw9Ln6XMfk
174 1gw0qxrv2bzsktj8K3XM
338 tuCpmPLHdVcb4SBa6hyF
215 Ljr9Vw5hZYpAgXy4Bxna
84 KH3QymxjfI5shdV4UZAb
322 3m4UWlpnh0B9atQcKRwx
121 InCfWHQN375cTBEMYAtS
56 1tOZ0TEIPjVbqUf5zuMo
138 vPemhZpr2uSAW8Qnczi6
48 9mn0aopzVxZXiQf2ukRY
337 A6cfQDmgiLhtBaJz03oy
202 OK0Qcvn5UhVouF6saZLj
501 7ayGUi54zseDj9IgoTf8
147 kiEJPXxo1KFuvBlYRTas
380 wmOhavSI753JcDqPnKM4
347 uhSj0dTePE3UxlX6cJbK
492 nLJEkph0gVKGaCtFoqcm
30 3AJokrRTs94ejgnMpKzG
343 HEdF5qMB78Y3uxA2kXDU
205 hqCcTbmALWuN6wpk0G32
75 XSFvEsb15j3VelRZIqWB
291 31eg2qTCLWNVMr4akKyX
219 mvVoyuhex1KgqIn6jtZr
296 V8At5zpRF7XDdM6gZJ4j
202 ry3ztWq4A6GKnsk5HdTP
408 6V8tzIbiw259FPvlBSZG
397 zdkRL4F7j2XgOrIAZ1e3
206 2dmXqEAb3c8xTZvLwgRl
16 Ac1CIgEkyPzfUBvnsdu5
406 yTpXQsPfvADzNcn6mEi1
8 nPVo0bUa3ZukxBNtFEJO
76 8BLYFSoJK9l5Hf7WUmXG
346 J6UcPyvNisgBmwSdWTzt
519 CupMBUOl5A8Zs43vH1QJ
54 s1gHeyf6V8YRhAbv5upO
69 dFn16xtrEDHgpOlm3Yqe
271 Vh9sMoB1OPkXtUNLaD4w
110 AFE31xtXOuiNn7ZkzowY
8 ujd1kB9CQ4oGp8lSxUZP
516 FymIbSL0YezPOwE4K6rZ
294 pgl83YSkyRvNjAoEGqhF
72 3hUGqVvEFwlYPrBNROTW
233 GQwbVyafvrgDq0ULCOnH
337 Us6RBSOdPfp1qYjEZIHm
154 JK04XGa7ek1lZSgHpfyA
18 ouMQhRsxKFkDjpvXynm8
343 2wSTOA5RHKIGmtUvhu6d
274 ZL2EKAkoD9Cqwy8rMijn
400 ZD8QzVgKLGEwpTJ5aN1A
129 lKWbBhZgfPyDE4LeCrSU
395 mP4OIWVJXjlQ90stciCh
237 wzNyHYlF9hk85e0sRSVM
490 gT8dB46Ep5VDqS2oPCJY
17 HyrXb27AaFL81wqK45Uo
