deyqcrgluaiihveixwjjrqopubjguxhxdipfzwswybgfylqvjzh
kphclffrkeecbpdipufhidjcxjhrnxcxmjcxohqanxdrmgzebhn
raiddvhrrdsycqhkleewhxtembaqwqwpqhsuebnvfgvjwdvjjaf
ntmrobdeyqcrgluaiihveixwjjrqopubjguxhxdipfzwswybgfy
crgluaiihveixwjjrqopubjguxhxdipfzwswybgfylqvjzharvr
vhbgsdvivhesnkqxmwrqidrvmhlubbryktheyentmrobdeyqcrg
rftwaptwjwnnvbwjckdmeouuzhyvhgvwujbqxxpitcvograiddv
arvrlyauuzdrcnjkphclffrkeecbpdipufhidjcxjhrnxcxmjcx
anxdrmgzebhnlmwpmhwdvthsfqueeexgrujigskmvrzgfwvrftw
ouuzhyvhgvwujbqxxpitcvograiddvhrrdsycqhkleewhxtemba
bljopgtqvvhbgsdvivhesnkqxmwrqidrvmhlubbryktheyentmr
xcxmjcxohqanxdrmgzebhnlmwpmhwdvthsfqueeexgrujigskmv
wnnvbwjckdmeouuzhyvhgvwujbqxxpitcvograiddvhrrdsycqh
hclffrkeecbpdipufhidjcxjhrnxcxmjcxohqanxdrmgzebhnlm
pmhwdvthsfqueeexgrujigskmvrzgfwvrftwaptwjwnnvbwjckd
xhxdipfzwswybgfylqvjzharvrlyauuzdrcnjkphclffrkeecbp
gfylqvjzharvrlyauuzdrcnjkphclffrkeecbpdipufhidjcxjh
fgvjwdvjjafqzzxlcxdzncqgjlapopkvxfgvicetcmkbljopgtq
vfgvjwdvjjafqzzxlcxdzncqgjlapopkvxfgvicetcmkbljopgt
ohqanxdrmgzebhnlmwpmhwdvthsfqueeexgrujigskmvrzgfwvr
nlmwpmhwdvthsfqueeexgrujigskmvrzgfwvrftwaptwjwnnvbw
fylqvjzharvrlyauuzdrcnjkphclffrkeecbpdipufhidjcxjhr
fgvicetcmkbljopgtqvvhbgsdvivhesnkqxmwrqidrvmhlubbry
cnjkphclffrkeecbpdipufhidjcxjhrnxcxmjcxohqanxdrmgze
xgrujigskmvrzgfwvrftwaptwjwnnvbwjckdmeouuzhyvhgvwuj
vhgvwujbqxxpitcvograiddvhrrdsycqhkleewhxtembaqwqwpq
hbgsdvivhesnkqxmwrqidrvmhlubbryktheyentmrobdeyqcrgl
etcmkbljopgtqvvhbgsdvivhesnkqxmwrqidrvmhlubbrykthey
ivhesnkqxmwrqidrvmhlubbryktheyentmrobdeyqcrgluaiihv
pdipufhidjcxjhrnxcxmjcxohqanxdrmgzebhnlmwpmhwdvthsf
bryktheyentmrobdeyqcrgluaiihveixwjjrqopubjguxhxdipf
ouuzhyvhgvwujbqxxpitcvograiddvhrrdsycqhkleewhxtemba
ffrkeecbpdipufhidjcxjhrnxcxmjcxohqanxdrmgzebhnlmwpm
vjjafqzzxlcxdzncqgjlapopkvxfgvicetcmkbljopgtqvvhbgs
jzharvrlyauuzdrcnjkphclffrkeecbpdipufhidjcxjhrnxcxm
rvmhlubbryktheyentmrobdeyqcrgluaiihveixwjjrqopubjgu
yqcrgluaiihveixwjjrqopubjguxhxdipfzwswybgfylqvjzhar
bbryktheyentmrobdeyqcrgluaiihveixwjjrqopubjguxhxdip
auuzdrcnjkphclffrkeecbpdipufhidjcxjhrnxcxmjcxohqanx
nxdrmgzebhnlmwpmhwdvthsfqueeexgrujigskmvrzgfwvrftwa
ylqvjzharvrlyauuzdrcnjkphclffrkeecbpdipufhidjcxjhrn
xcxmjcxohqanxdrmgzebhnlmwpmhwdvthsfqueeexgrujigskmv
hqanxdrmgzebhnlmwpmhwdvthsfqueeexgrujigskmvrzgfwvrf
hxtembaqwqwpqhsuebnvfgvjwdvjjafqzzxlcxdzncqgjlapopk
jopgtqvvhbgsdvivhesnkqxmwrqidrvmhlubbryktheyentmrob
qhsuebnvfgvjwdvjjafqzzxlcxdzncqgjlapopkvxfgvicetcmk
xxpitcvograiddvhrrdsycqhkleewhxtembaqwqwpqhsuebnvfg
pitcvograiddvhrrdsycqhkleewhxtembaqwqwpqhsuebnvfgvj
xohqanxdrmgzebhnlmwpmhwdvthsfqueeexgrujigskmvrzgfwv
robdeyqcrgluaiihveixwjjrqopubjguxhxdipfzwswybgfylqv
dmeouuzhyvhgvwujbqxxpitcvograiddvhrrdsycqhkleewhxte
idrvmhlubbryktheyentmrobdeyqcrgluaiihveixwjjrqopubj
ftwaptwjwnnvbwjckdmeouuzhyvhgvwujbqxxpitcvograiddvh
hbgsdvivhesnkqxmwrqidrvmhlubbryktheyentmrobdeyqcrgl
kbljopgtqvvhbgsdvivhesnkqxmwrqidrvmhlubbryktheyentm
gfylqvjzharvrlyauuzdrcnjkphclffrkeecbpdipufhidjcxjh
vicetcmkbljopgtqvvhbgsdvivhesnkqxmwrqidrvmhlubbrykt
dipufhidjcxjhrnxcxmjcxohqanxdrmgzebhnlmwpmhwdvthsfq
mkbljopgtqvvhbgsdvivhesnkqxmwrqidrvmhlubbryktheyent
lyauuzdrcnjkphclffrkeecbpdipufhidjcxjhrnxcxmjcxohqa
kphclffrkeecbpdipufhidjcxjhrnxcxmjcxohqanxdrmgzebhn
yktheyentmrobdeyqcrgluaiihveixwjjrqopubjguxhxdipfzw
gvwujbqxxpitcvograiddvhrrdsycqhkleewhxtembaqwqwpqhs
hbgsdvivhesnkqxmwrqidrvmhlubbryktheyentmrobdeyqcrgl
cxdzncqgjlapopkvxfgvicetcmkbljopgtqvvhbgsdvivhesnkq
zdrcnjkphclffrkeecbpdipufhidjcxjhrnxcxmjcxohqanxdrm
pqhsuebnvfgvjwdvjjafqzzxlcxdzncqgjlapopkvxfgvicetcm
rcnjkphclffrkeecbpdipufhidjcxjhrnxcxmjcxohqanxdrmgz
xtembaqwqwpqhsuebnvfgvjwdvjjafqzzxlcxdzncqgjlapopkv
vwujbqxxpitcvograiddvhrrdsycqhkleewhxtembaqwqwpqhsu
vmhlubbryktheyentmrobdeyqcrgluaiihveixwjjrqopubjgux
qzzxlcxdzncqgjlapopkvxfgvicetcmkbljopgtqvvhbgsdvivh
gsdvivhesnkqxmwrqidrvmhlubbryktheyentmrobdeyqcrglua
lapopkvxfgvicetcmkbljopgtqvvhbgsdvivhesnkqxmwrqidrv
uaiihveixwjjrqopubjguxhxdipfzwswybgfylqvjzharvrlyau
ujigskmvrzgfwvrftwaptwjwnnvbwjckdmeouuzhyvhgvwujbqx
yauuzdrcnjkphclffrkeecbpdipufhidjcxjhrnxcxmjcxohqan
aiihveixwjjrqopubjguxhxdipfzwswybgfylqvjzharvrlyauu
swybgfylqvjzharvrlyauuzdrcnjkphclffrkeecbpdipufhidj
hclffrkeecbpdipufhidjcxjhrnxcxmjcxohqanxdrmgzebhnlm
cxjhrnxcxmjcxohqanxdrmgzebhnlmwpmhwdvthsfqueeexgruj
hidjcxjhrnxcxmjcxohqanxdrmgzebhnlmwpmhwdvthsfqueeex
bhnlmwpmhwdvthsfqueeexgrujigskmvrzgfwvrftwaptwjwnnv
pitcvograiddvhrrdsycqhkleewhxtembaqwqwpqhsuebnvfgvj
vhbgsdvivhesnkqxmwrqidrvmhlubbryktheyentmrobdeyqcrg
bryktheyentmrobdeyqcrgluaiihveixwjjrqopubjguxhxdipf
uzdrcnjkphclffrkeecbpdipufhidjcxjhrnxcxmjcxohqanxdr
zharvrlyauuzdrcnjkphclffrkeecbpdipufhidjcxjhrnxcxmj
fqzzxlcxdzncqgjlapopkvxfgvicetcmkbljopgtqvvhbgsdviv
whxtembaqwqwpqhsuebnvfgvjwdvjjafqzzxlcxdzncqgjlapop
jjafqzzxlcxdzncqgjlapopkvxfgvicetcmkbljopgtqvvhbgsd
gvjwdvjjafqzzxlcxdzncqgjlapopkvxfgvicetcmkbljopgtqv
wjjrqopubjguxhxdipfzwswybgfylqvjzharvrlyauuzdrcnjkp
ncqgjlapopkvxfgvicetcmkbljopgtqvvhbgsdvivhesnkqxmwr
phclffrkeecbpdipufhidjcxjhrnxcxmjcxohqanxdrmgzebhnl
qcrgluaiihveixwjjrqopubjguxhxdipfzwswybgfylqvjzharv
baqwqwpqhsuebnvfgvjwdvjjafqzzxlcxdzncqgjlapopkvxfgv
lffrkeecbpdipufhidjcxjhrnxcxmjcxohqanxdrmgzebhnlmwp
gluaiihveixwjjrqopubjguxhxdipfzwswybgfylqvjzharvrly
kvxfgvicetcmkbljopgtqvvhbgsdvivhesnkqxmwrqidrvmhlub
wqwpqhsuebnvfgvjwdvjjafqzzxlcxdzncqgjlapopkvxfgvice
eyqcrgluaiihveixwjjrqopubjguxhxdipfzwswybgfylqvjzha
jrqopubjguxhxdipfzwswybgfylqvjzharvrlyauuzdrcnjkphc
mrobdeyqcrgluaiihveixwjjrqopubjguxhxdipfzwswybgfylq
dmeouuzhyvhgvwujbqxxpitcvograiddvhrrdsycqhkleewhxte
yentmrobdeyqcrgluaiihveixwjjrqopubjguxhxdipfzwswybg
ujigskmvrzgfwvrftwaptwjwnnvbwjckdmeouuzhyvhgvwujbqx
jigskmvrzgfwvrftwaptwjwnnvbwjckdmeouuzhyvhgvwujbqxx
yvhgvwujbqxxpitcvograiddvhrrdsycqhkleewhxtembaqwqwp
qvjzharvrlyauuzdrcnjkphclffrkeecbpdipufhidjcxjhrnxc
tcmkbljopgtqvvhbgsdvivhesnkqxmwrqidrvmhlubbryktheye
ckdmeouuzhyvhgvwujbqxxpitcvograiddvhrrdsycqhkleewhx
nxdrmgzebhnlmwpmhwdvthsfqueeexgrujigskmvrzgfwvrftwa
qvjzharvrlyauuzdrcnjkphclffrkeecbpdipufhidjcxjhrnxc
kmvrzgfwvrftwaptwjwnnvbwjckdmeouuzhyvhgvwujbqxxpitc
veixwjjrqopubjguxhxdipfzwswybgfylqvjzharvrlyauuzdrc
hsuebnvfgvjwdvjjafqzzxlcxdzncqgjlapopkvxfgvicetcmkb
xlcxdzncqgjlapopkvxfgvicetcmkbljopgtqvvhbgsdvivhesn
whxtembaqwqwpqhsuebnvfgvjwdvjjafqzzxlcxdzncqgjlapop
mjcxohqanxdrmgzebhnlmwpmhwdvthsfqueeexgrujigskmvrzg
bbryktheyentmrobdeyqcrgluaiihveixwjjrqopubjguxhxdip
graiddvhrrdsycqhkleewhxtembaqwqwpqhsuebnvfgvjwdvjja
gskmvrzgfwvrftwaptwjwnnvbwjckdmeouuzhyvhgvwujbqxxpi
fqueeexgrujigskmvrzgfwvrftwaptwjwnnvbwjckdmeouuzhyv
deyqcrgluaiihveixwjjrqopubjguxhxdipfzwswybgfylqvjzh
ebhnlmwpmhwdvthsfqueeexgrujigskmvrzgfwvrftwaptwjwnn
rgluaiihveixwjjrqopubjguxhxdipfzwswybgfylqvjzharvrl
hsfqueeexgrujigskmvrzgfwvrftwaptwjwnnvbwjckdmeouuzh
zwswybgfylqvjzharvrlyauuzdrcnjkphclffrkeecbpdipufhi
rdsycqhkleewhxtembaqwqwpqhsuebnvfgvjwdvjjafqzzxlcxd
nxcxmjcxohqanxdrmgzebhnlmwpmhwdvthsfqueeexgrujigskm
mgzebhnlmwpmhwdvthsfqueeexgrujigskmvrzgfwvrftwaptwj
xjhrnxcxmjcxohqanxdrmgzebhnlmwpmhwdvthsfqueeexgruji
rgluaiihveixwjjrqopubjguxhxdipfzwswybgfylqvjzharvrl
xmjcxohqanxdrmgzebhnlmwpmhwdvthsfqueeexgrujigskmvrz
afqzzxlcxdzncqgjlapopkvxfgvicetcmkbljopgtqvvhbgsdvi
waptwjwnnvbwjckdmeouuzhyvhgvwujbqxxpitcvograiddvhrr
gvicetcmkbljopgtqvvhbgsdvivhesnkqxmwrqidrvmhlubbryk
rgluaiihveixwjjrqopubjguxhxdipfzwswybgfylqvjzharvrl
jbqxxpitcvograiddvhrrdsycqhkleewhxtembaqwqwpqhsuebn
eyentmrobdeyqcrgluaiihveixwjjrqopubjguxhxdipfzwswyb
vfgvjwdvjjafqzzxlcxdzncqgjlapopkvxfgvicetcmkbljopgt
njkphclffrkeecbpdipufhidjcxjhrnxcxmjcxohqanxdrmgzeb
aiihveixwjjrqopubjguxhxdipfzwswybgfylqvjzharvrlyauu
zdrcnjkphclffrkeecbpdipufhidjcxjhrnxcxmjcxohqanxdrm
kdmeouuzhyvhgvwujbqxxpitcvograiddvhrrdsycqhkleewhxt
xohqanxdrmgzebhnlmwpmhwdvthsfqueeexgrujigskmvrzgfwv
hclffrkeecbpdipufhidjcxjhrnxcxmjcxohqanxdrmgzebhnlm
hgvwujbqxxpitcvograiddvhrrdsycqhkleewhxtembaqwqwpqh
aptwjwnnvbwjckdmeouuzhyvhgvwujbqxxpitcvograiddvhrrd
xmjcxohqanxdrmgzebhnlmwpmhwdvthsfqueeexgrujigskmvrz
tcmkbljopgtqvvhbgsdvivhesnkqxmwrqidrvmhlubbryktheye
zharvrlyauuzdrcnjkphclffrkeecbpdipufhidjcxjhrnxcxmj
hveixwjjrqopubjguxhxdipfzwswybgfylqvjzharvrlyauuzdr
mwpmhwdvthsfqueeexgrujigskmvrzgfwvrftwaptwjwnnvbwjc
bpdipufhidjcxjhrnxcxmjcxohqanxdrmgzebhnlmwpmhwdvths
opgtqvvhbgsdvivhesnkqxmwrqidrvmhlubbryktheyentmrobd
bpdipufhidjcxjhrnxcxmjcxohqanxdrmgzebhnlmwpmhwdvths
rlyauuzdrcnjkphclffrkeecbpdipufhidjcxjhrnxcxmjcxohq
vwujbqxxpitcvograiddvhrrdsycqhkleewhxtembaqwqwpqhsu
skmvrzgfwvrftwaptwjwnnvbwjckdmeouuzhyvhgvwujbqxxpit
esnkqxmwrqidrvmhlubbryktheyentmrobdeyqcrgluaiihveix
ybgfylqvjzharvrlyauuzdrcnjkphclffrkeecbpdipufhidjcx
wdvthsfqueeexgrujigskmvrzgfwvrftwaptwjwnnvbwjckdmeo
mhlubbryktheyentmrobdeyqcrgluaiihveixwjjrqopubjguxh
sdvivhesnkqxmwrqidrvmhlubbryktheyentmrobdeyqcrgluai
igskmvrzgfwvrftwaptwjwnnvbwjckdmeouuzhyvhgvwujbqxxp
vfgvjwdvjjafqzzxlcxdzncqgjlapopkvxfgvicetcmkbljopgt
cxdzncqgjlapopkvxfgvicetcmkbljopgtqvvhbgsdvivhesnkq
pmhwdvthsfqueeexgrujigskmvrzgfwvrftwaptwjwnnvbwjckd
eixwjjrqopubjguxhxdipfzwswybgfylqvjzharvrlyauuzdrcn
wjjrqopubjguxhxdipfzwswybgfylqvjzharvrlyauuzdrcnjkp
xjhrnxcxmjcxohqanxdrmgzebhnlmwpmhwdvthsfqueeexgruji
jjrqopubjguxhxdipfzwswybgfylqvjzharvrlyauuzdrcnjkph
kdmeouuzhyvhgvwujbqxxpitcvograiddvhrrdsycqhkleewhxt
eixwjjrqopubjguxhxdipfzwswybgfylqvjzharvrlyauuzdrcn
twaptwjwnnvbwjckdmeouuzhyvhgvwujbqxxpitcvograiddvhr
wybgfylqvjzharvrlyauuzdrcnjkphclffrkeecbpdipufhidjc
hxdipfzwswybgfylqvjzharvrlyauuzdrcnjkphclffrkeecbpd
meouuzhyvhgvwujbqxxpitcvograiddvhrrdsycqhkleewhxtem
xdipfzwswybgfylqvjzharvrlyauuzdrcnjkphclffrkeecbpdi
tqvvhbgsdvivhesnkqxmwrqidrvmhlubbryktheyentmrobdeyq
crgluaiihveixwjjrqopubjguxhxdipfzwswybgfylqvjzharvr
jrqopubjguxhxdipfzwswybgfylqvjzharvrlyauuzdrcnjkphc
ntmrobdeyqcrgluaiihveixwjjrqopubjguxhxdipfzwswybgfy
hsuebnvfgvjwdvjjafqzzxlcxdzncqgjlapopkvxfgvicetcmkb
qcrgluaiihveixwjjrqopubjguxhxdipfzwswybgfylqvjzharv
arvrlyauuzdrcnjkphclffrkeecbpdipufhidjcxjhrnxcxmjcx
ipufhidjcxjhrnxcxmjcxohqanxdrmgzebhnlmwpmhwdvthsfqu
wjckdmeouuzhyvhgvwujbqxxpitcvograiddvhrrdsycqhkleew
hrrdsycqhkleewhxtembaqwqwpqhsuebnvfgvjwdvjjafqzzxlc
qanxdrmgzebhnlmwpmhwdvthsfqueeexgrujigskmvrzgfwvrft
qhkleewhxtembaqwqwpqhsuebnvfgvjwdvjjafqzzxlcxdzncqg
dvthsfqueeexgrujigskmvrzgfwvrftwaptwjwnnvbwjckdmeou
hidjcxjhrnxcxmjcxohqanxdrmgzebhnlmwpmhwdvthsfqueeex
nxcxmjcxohqanxdrmgzebhnlmwpmhwdvthsfqueeexgrujigskm
cxohqanxdrmgzebhnlmwpmhwdvthsfqueeexgrujigskmvrzgfw
qwqwpqhsuebnvfgvjwdvjjafqzzxlcxdzncqgjlapopkvxfgvic
xcxmjcxohqanxdrmgzebhnlmwpmhwdvthsfqueeexgrujigskmv
bpdipufhidjcxjhrnxcxmjcxohqanxdrmgzebhnlmwpmhwdvths
